
Allocating common symbols
Common symbol       size              file

global_rules_shadow
                    0x630             obj/kern/libdwarf_frame.o
ismp                0x4               obj/kern/mpconfig.o
lapicaddr           0x8               obj/kern/lapic.o
ts                  0x68              obj/kern/trap.o
end_debug           0x8               obj/kern/init.o
mydebug             0x60              obj/kern/kdebug.o
panicstr            0x8               obj/kern/init.o
boot_cr3            0x8               obj/kern/pmap.o
mpentry_kstack      0x8               obj/kern/init.o
cpus                0x3c0             obj/kern/mpconfig.o
global_std_op       0x200             obj/kern/libdwarf_lineno.o
lapic               0x8               obj/kern/lapic.o
bootcpu             0x8               obj/kern/mpconfig.o
_cie                0x78              obj/kern/kdebug.o
global_rules        0x630             obj/kern/libdwarf_frame.o
boot_pml4e          0x8               obj/kern/pmap.o
ncpu                0x4               obj/kern/mpconfig.o
_fde                0x80              obj/kern/kdebug.o
npages              0x8               obj/kern/pmap.o
pages               0x8               obj/kern/pmap.o
percpu_kstacks      0x80000           obj/kern/mpconfig.o

Discarded input sections

 .note.GNU-stack
                0x0000000000000000        0x0 obj/kern/init.o
 .note.GNU-stack
                0x0000000000000000        0x0 obj/kern/console.o
 .note.GNU-stack
                0x0000000000000000        0x0 obj/kern/monitor.o
 .note.GNU-stack
                0x0000000000000000        0x0 obj/kern/pmap.o
 .note.GNU-stack
                0x0000000000000000        0x0 obj/kern/env.o
 .note.GNU-stack
                0x0000000000000000        0x0 obj/kern/kclock.o
 .note.GNU-stack
                0x0000000000000000        0x0 obj/kern/picirq.o
 .note.GNU-stack
                0x0000000000000000        0x0 obj/kern/printf.o
 .note.GNU-stack
                0x0000000000000000        0x0 obj/kern/trap.o
 .note.GNU-stack
                0x0000000000000000        0x0 obj/kern/sched.o
 .note.GNU-stack
                0x0000000000000000        0x0 obj/kern/syscall.o
 .note.GNU-stack
                0x0000000000000000        0x0 obj/kern/kdebug.o
 .note.GNU-stack
                0x0000000000000000        0x0 obj/kern/printfmt.o
 .note.GNU-stack
                0x0000000000000000        0x0 obj/kern/readline.o
 .note.GNU-stack
                0x0000000000000000        0x0 obj/kern/string.o
 .note.GNU-stack
                0x0000000000000000        0x0 obj/kern/libdwarf_rw.o
 .note.GNU-stack
                0x0000000000000000        0x0 obj/kern/libdwarf_frame.o
 .note.GNU-stack
                0x0000000000000000        0x0 obj/kern/libdwarf_lineno.o
 .note.GNU-stack
                0x0000000000000000        0x0 obj/kern/elf_rw.o
 .note.GNU-stack
                0x0000000000000000        0x0 obj/kern/mpconfig.o
 .note.GNU-stack
                0x0000000000000000        0x0 obj/kern/lapic.o
 .note.GNU-stack
                0x0000000000000000        0x0 obj/kern/spinlock.o

Memory Configuration

Name             Origin             Length             Attributes
*default*        0x0000000000000000 0xffffffffffffffff

Linker script and memory map

                0x0000000000100000                . = 0x100000

.bootstrap      0x0000000000100000     0x7004
 obj/kern/bootstrap.o(.text .data .bss)
 .text          0x0000000000100000      0x115 obj/kern/bootstrap.o
                0x0000000000100000                _head64
                0x00000000001000e5                jumpto_longmode
 *fill*         0x0000000000100115      0xeeb 
 .data          0x0000000000101000     0x6004 obj/kern/bootstrap.o
                0x0000000000102000                pml4phys
                0x0000000000107000                multiboot_info
 .bss           0x0000000000107004        0x0 obj/kern/bootstrap.o
                0x0000008004200000                . = 0x8004200000

.text           0x0000008004200000    0x16b1f load address 0x0000000000200000
 *(EXCLUDE_FILE(obj/kern/bootstrap.o) .text .stub .text.* .gnu.linkonce.t.*)
 .text          0x0000008004200000       0x58 obj/kern/entry.o
                0x000000800420000c                entry
                0x000000000020000c                _start
 .text          0x0000008004200058      0x66c obj/kern/init.o
                0x000000800420009a                i386_init
                0x00000080042003fa                mp_main
                0x0000008004200498                _panic
                0x00000080042005d6                _warn
 .text          0x00000080042006c4      0xb69 obj/kern/console.o
                0x0000008004200755                serial_intr
                0x0000008004200fae                kbd_intr
                0x000000800420108b                cons_getc
                0x0000008004201180                cons_init
                0x00000080042011da                cputchar
                0x00000080042011f9                getchar
                0x000000800420121b                iscons
 .text          0x000000800420122d      0x737 obj/kern/monitor.o
                0x000000800420122d                mon_help
                0x00000080042012c7                mon_kerninfo
                0x00000080042015f4                mon_backtrace
                0x00000080042018c3                monitor
 .text          0x0000008004201964     0x5cce obj/kern/pmap.o
                0x00000080042024a5                x64_vm_init
                0x0000008004202a0d                page_init
                0x0000008004202eb0                page_alloc
                0x0000008004202fab                page_free
                0x000000800420306c                page_decref
                0x00000080042030ae                pml4e_walk
                0x0000008004203225                pdpe_walk
                0x000000800420339c                pgdir_walk
                0x00000080042035e8                page_insert
                0x00000080042036a7                page_lookup
                0x000000800420372b                page_remove
                0x000000800420379f                tlb_invalidate
                0x0000008004203871                mmio_map_region
                0x000000800420396c                user_mem_check
                0x0000008004203ae2                user_mem_assert
 .text          0x0000008004207632     0x12ca obj/kern/env.o
                0x0000008004207798                envid2env
                0x0000008004207905                env_init
                0x0000008004207a0e                env_init_percpu
                0x0000008004207b5f                env_alloc
                0x0000008004207df0                load_icode
                0x0000008004207fbf                env_create
                0x000000800420802f                env_free
                0x00000080042084de                env_destroy
                0x00000080042085d0                env_pop_tf
                0x00000080042086ad                env_run
 .text          0x00000080042088fc       0x7d obj/kern/kclock.o
                0x00000080042088fc                mc146818_read
                0x0000008004208938                mc146818_write
 .text          0x0000008004208979      0x246 obj/kern/picirq.o
                0x0000008004208979                pic_init
                0x0000008004208acc                irq_setmask_8259A
 .text          0x0000008004208bbf      0x166 obj/kern/printf.o
                0x0000008004208bee                vcprintf
                0x0000008004208c4d                cprintf
 .text          0x0000008004208d25     0x3ab9 obj/kern/trap.o
                0x0000008004208dc6                trap_init
                0x000000800420b571                trap_init_percpu
                0x000000800420b8fd                print_trapframe
                0x000000800420bc0f                print_regs
                0x000000800420c013                trap
                0x000000800420c45c                page_fault_handler
 .text          0x000000800420c7de      0x178 obj/kern/trapentry.o
                0x000000800420c7de                XTRPX_divzero
                0x000000800420c7e8                XTRPX_debug
                0x000000800420c7f2                XTRPX_nmint
                0x000000800420c7fc                XTRPX_brkpt
                0x000000800420c806                XTRPX_oflow
                0x000000800420c810                XTRPX_bound
                0x000000800420c81a                XTRPX_illop
                0x000000800420c824                XTRPX_device
                0x000000800420c82e                XTRPX_dblflt
                0x000000800420c836                XTRPX_tss
                0x000000800420c83e                XTRPX_segnp
                0x000000800420c846                XTRPX_stack
                0x000000800420c84e                XTRPX_gpflt
                0x000000800420c856                XTRPX_pgflt
                0x000000800420c85e                XTRPX_fperr
                0x000000800420c864                XTRPX_align
                0x000000800420c868                XTRPX_mchk
                0x000000800420c86e                XTRPX_simderr
                0x000000800420c874                IRQ_32
                0x000000800420c87a                IRQ_33
                0x000000800420c880                IRQ_34
                0x000000800420c886                IRQ_35
                0x000000800420c88c                IRQ_36
                0x000000800420c892                IRQ_37
                0x000000800420c898                IRQ_38
                0x000000800420c89e                IRQ_39
                0x000000800420c8a4                IRQ_40
                0x000000800420c8aa                IRQ_41
                0x000000800420c8b0                IRQ_42
                0x000000800420c8b6                IRQ_43
                0x000000800420c8bc                IRQ_44
                0x000000800420c8c2                IRQ_45
                0x000000800420c8c8                IRQ_46
                0x000000800420c8ce                IRQ_47
                0x000000800420c8d4                XTRPX_syscall
                0x000000800420c8da                XTRPX_default
 .text          0x000000800420c956      0x4b4 obj/kern/sched.o
                0x000000800420c99a                sched_yield
                0x000000800420cbea                sched_halt
 .text          0x000000800420ce0a      0xcd1 obj/kern/syscall.o
                0x000000800420d8c9                syscall
 .text          0x000000800420dadb      0xbdb obj/kern/kdebug.o
                0x000000800420dadb                list_func_die
                0x000000800420e202                debuginfo_rip
 .text          0x000000800420e6b6      0xa4c obj/kern/printfmt.o
                0x000000800420e97c                vprintfmt
                0x000000800420ee82                printfmt
                0x000000800420ef84                vsnprintf
                0x000000800420f021                snprintf
 .text          0x000000800420f102      0x159 obj/kern/readline.o
                0x000000800420f102                readline
 .text          0x000000800420f25b      0x7c6 obj/kern/string.o
                0x000000800420f25b                strlen
                0x000000800420f289                strnlen
                0x000000800420f2c7                strcpy
                0x000000800420f30a                strcat
                0x000000800420f359                strncpy
                0x000000800420f3b9                strlcpy
                0x000000800420f429                strcmp
                0x000000800420f47c                strncmp
                0x000000800420f4ed                strchr
                0x000000800420f529                strfind
                0x000000800420f561                memset
                0x000000800420f5ec                memmove
                0x000000800420f703                memcpy
                0x000000800420f737                memcmp
                0x000000800420f7ab                memfind
                0x000000800420f7f5                strtol
                0x000000800420f986                strstr
 .text          0x000000800420fa21     0x1e8c obj/kern/libdwarf_rw.o
                0x000000800420fa21                _dwarf_read_lsb
                0x000000800420fb4d                _dwarf_decode_lsb
                0x000000800420fc6e                _dwarf_read_msb
                0x000000800420fe20                _dwarf_decode_msb
                0x000000800420ffcf                _dwarf_read_sleb128
                0x0000008004210073                _dwarf_read_uleb128
                0x00000080042100f2                _dwarf_decode_sleb128
                0x0000008004210184                _dwarf_decode_uleb128
                0x00000080042101f1                _dwarf_read_string
                0x0000008004210280                _dwarf_read_block
                0x00000080042102c9                _dwarf_elf_get_byte_order
                0x0000008004210337                _dwarf_elf_get_pointer_size
                0x00000080042103a1                _dwarf_init
                0x000000800421047d                _get_next_cu
                0x000000800421061e                print_cu
                0x0000008004210656                _dwarf_abbrev_parse
                0x00000080042108d9                _dwarf_abbrev_find
                0x00000080042109e3                _dwarf_attr_init
                0x000000800421107d                dwarf_search_die_within_cu
                0x0000008004211359                dwarf_offdie
                0x000000800421143b                _dwarf_attr_find
                0x00000080042114ce                dwarf_siblingof
                0x00000080042116d0                dwarf_child
                0x0000008004211850                _dwarf_find_section_enhanced
 .text          0x00000080042118ad     0x25f3 obj/kern/libdwarf_frame.o
                0x00000080042118ad                _dwarf_frame_params_init
                0x00000080042118ee                dwarf_get_fde_at_pc
                0x00000080042119be                _dwarf_frame_regtable_copy
                0x0000008004212981                _dwarf_frame_get_internal_table
                0x0000008004212bed                dwarf_get_fde_info_for_all_regs
                0x0000008004213b09                _dwarf_frame_interal_table_init
                0x0000008004213dc8                dwarf_set_frame_cfa_value
                0x0000008004213df8                dwarf_init_eh_section
 .text          0x0000008004213ea0      0xcdb obj/kern/libdwarf_lineno.o
                0x000000800421448f                _dwarf_lineno_init
                0x0000008004214a00                dwarf_srclines
 .text          0x0000008004214b7b      0xd30 obj/kern/elf_rw.o
                0x0000008004214b7b                _dwarf_find_section
                0x0000008004214bfb                find_debug_sections
                0x0000008004214ec5                read_section_headers
                0x000000800421561e                readseg
                0x0000008004215783                waitdisk
                0x00000080042157b0                readsect
 *fill*         0x00000080042158ab        0x5 
 .text          0x00000080042158b0       0xe7 obj/kern/mpentry.o
                0x00000080042158b0                mpentry_start
                0x0000008004215996                mpentry_end
 .text          0x0000008004215997      0x88f obj/kern/mpconfig.o
                0x0000008004215e6f                mp_init
 .text          0x0000008004216226      0x480 obj/kern/lapic.o
                0x0000008004216269                lapic_init
                0x0000008004216466                cpunum
                0x000000800421649b                lapic_eoi
                0x00000080042164d8                lapic_startap
                0x000000800421665e                lapic_ipi
 .text          0x00000080042166a6      0x479 obj/kern/spinlock.o
                0x00000080042167c5                __spin_initlock
                0x00000080042167fa                spin_lock
                0x00000080042168d1                spin_unlock
                0x0000008004216b1f                PROVIDE (etext = .)

.iplt           0x0000008004216b20        0x0 load address 0x0000000000216b20
 .iplt          0x0000008004216b20        0x0 obj/kern/bootstrap.o

.rodata         0x0000008004216b20     0x2a01 load address 0x0000000000216b20
 *(EXCLUDE_FILE(obj/kern/bootstrap.o) .rodata .rodata.* .gnu.linkonce.r.*)
 .rodata        0x0000008004216b20       0xb6 obj/kern/init.o
 .rodata        0x0000008004216bd6       0x29 obj/kern/console.o
 *fill*         0x0000008004216bff        0x1 
 .rodata        0x0000008004216c00      0x279 obj/kern/monitor.o
 *fill*         0x0000008004216e79        0x7 
 .rodata        0x0000008004216e80      0xefc obj/kern/pmap.o
 *fill*         0x0000008004217d7c        0x4 
 .rodata        0x0000008004217d80       0xa0 obj/kern/env.o
 .rodata        0x0000008004217e20       0x1a obj/kern/picirq.o
 *fill*         0x0000008004217e3a        0x6 
 .rodata        0x0000008004217e40      0x4c0 obj/kern/trap.o
 .rodata        0x0000008004218300       0x61 obj/kern/sched.o
 *fill*         0x0000008004218361        0x7 
 .rodata        0x0000008004218368       0xb8 obj/kern/syscall.o
 .rodata        0x0000008004218420      0x378 obj/kern/kdebug.o
 *fill*         0x0000008004218798        0x8 
 .rodata        0x00000080042187a0      0x4c8 obj/kern/printfmt.o
 .rodata        0x0000008004218c68       0x13 obj/kern/readline.o
 *fill*         0x0000008004218c7b        0x5 
 .rodata        0x0000008004218c80      0x1ab obj/kern/libdwarf_rw.o
 *fill*         0x0000008004218e2b        0x5 
 .rodata        0x0000008004218e30      0x1d8 obj/kern/libdwarf_frame.o
 .rodata        0x0000008004219008       0xc3 obj/kern/libdwarf_lineno.o
 .rodata        0x00000080042190cb       0xa4 obj/kern/elf_rw.o
 *fill*         0x000000800421916f        0x1 
 .rodata        0x0000008004219170      0x289 obj/kern/mpconfig.o
 *fill*         0x00000080042193f9        0x7 
 .rodata        0x0000008004219400       0x30 obj/kern/lapic.o
 .rodata        0x0000008004219430       0xf1 obj/kern/spinlock.o

.eh_frame       0x0000008004219528     0x1aa4 load address 0x0000000000219528
 .eh_frame      0x0000008004219528       0xf0 obj/kern/init.o
 .eh_frame      0x0000008004219618      0x240 obj/kern/console.o
                                        0x258 (size before relaxing)
 .eh_frame      0x0000008004219858       0xc0 obj/kern/monitor.o
                                         0xd8 (size before relaxing)
 .eh_frame      0x0000008004219918      0x410 obj/kern/pmap.o
                                        0x428 (size before relaxing)
 .eh_frame      0x0000008004219d28      0x228 obj/kern/env.o
                                        0x240 (size before relaxing)
 .eh_frame      0x0000008004219f50       0x40 obj/kern/kclock.o
                                         0x58 (size before relaxing)
 .eh_frame      0x0000008004219f90       0x40 obj/kern/picirq.o
                                         0x58 (size before relaxing)
 .eh_frame      0x0000008004219fd0       0x60 obj/kern/printf.o
                                         0x78 (size before relaxing)
 .eh_frame      0x000000800421a030      0x150 obj/kern/trap.o
                                        0x168 (size before relaxing)
 .eh_frame      0x000000800421a180       0x80 obj/kern/sched.o
                                         0x98 (size before relaxing)
 .eh_frame      0x000000800421a200      0x1e0 obj/kern/syscall.o
                                        0x1f8 (size before relaxing)
 .eh_frame      0x000000800421a3e0       0x40 obj/kern/kdebug.o
                                         0x58 (size before relaxing)
 .eh_frame      0x000000800421a420      0x110 obj/kern/printfmt.o
                                        0x128 (size before relaxing)
 .eh_frame      0x000000800421a530       0x20 obj/kern/readline.o
                                         0x38 (size before relaxing)
 .eh_frame      0x000000800421a550      0x220 obj/kern/string.o
                                        0x238 (size before relaxing)
 .eh_frame      0x000000800421a770      0x300 obj/kern/libdwarf_rw.o
                                        0x318 (size before relaxing)
 .eh_frame      0x000000800421aa70      0x1c8 obj/kern/libdwarf_frame.o
                                        0x1e0 (size before relaxing)
 .eh_frame      0x000000800421ac38       0x80 obj/kern/libdwarf_lineno.o
                                         0x98 (size before relaxing)
 .eh_frame      0x000000800421acb8       0xc0 obj/kern/elf_rw.o
                                         0xd8 (size before relaxing)
 .eh_frame      0x000000800421ad78       0xa0 obj/kern/mpconfig.o
                                         0xb8 (size before relaxing)
 .eh_frame      0x000000800421ae18       0xe0 obj/kern/lapic.o
                                         0xf8 (size before relaxing)
 .eh_frame      0x000000800421aef8       0xd4 obj/kern/spinlock.o
                                         0xf0 (size before relaxing)

.rela.dyn       0x000000800421afd0        0x0 load address 0x000000000021afd0
 .rela.got      0x000000800421afd0        0x0 obj/kern/bootstrap.o
 .rela.iplt     0x000000800421afd0        0x0 obj/kern/bootstrap.o
 .rela.text     0x000000800421afd0        0x0 obj/kern/bootstrap.o
 .rela.data     0x000000800421afd0        0x0 obj/kern/bootstrap.o
                0x000000800421b000                . = ALIGN (0x1000)

.data           0x000000800421b000   0x4247a0 load address 0x000000000021b000
 *(EXCLUDE_FILE(obj/kern/bootstrap.o) .data)
 .data          0x000000800421b000    0x10042 obj/kern/entry.o
                0x000000800421b000                bootstack
                0x000000800422b000                kernel_64
                0x000000800422b000                bootstacktop
                0x000000800422b038                gdtdesc_64
 .data          0x000000800422b042        0x0 obj/kern/init.o
 *fill*         0x000000800422b042       0x1e 
 .data          0x000000800422b060      0x520 obj/kern/console.o
 .data          0x000000800422b580       0x48 obj/kern/monitor.o
 .data          0x000000800422b5c8        0x8 obj/kern/pmap.o
 *fill*         0x000000800422b5d0       0x10 
 .data          0x000000800422b5e0       0xb2 obj/kern/env.o
                0x000000800422b5e0                gdt
                0x000000800422b688                gdt_pd
 .data          0x000000800422b692        0x0 obj/kern/kclock.o
 .data          0x000000800422b692        0x2 obj/kern/picirq.o
                0x000000800422b692                irq_mask_8259A
 .data          0x000000800422b694        0x0 obj/kern/printf.o
 .data          0x000000800422b694        0x0 obj/kern/trap.o
 .data          0x000000800422b694        0x0 obj/kern/trapentry.o
 .data          0x000000800422b694        0x0 obj/kern/sched.o
 .data          0x000000800422b694        0x0 obj/kern/syscall.o
 *fill*         0x000000800422b694        0x4 
 .data          0x000000800422b698       0x18 obj/kern/kdebug.o
                0x000000800422b698                fde
                0x000000800422b6a0                cie
                0x000000800422b6a8                dbg
 .data          0x000000800422b6b0        0x0 obj/kern/printfmt.o
 .data          0x000000800422b6b0        0x0 obj/kern/readline.o
 .data          0x000000800422b6b0        0x0 obj/kern/string.o
 .data          0x000000800422b6b0        0x0 obj/kern/libdwarf_rw.o
 *fill*         0x000000800422b6b0       0x10 
 .data          0x000000800422b6c0       0x20 obj/kern/libdwarf_frame.o
                0x000000800422b6c0                debug_frame_sec
 .data          0x000000800422b6e0        0x0 obj/kern/libdwarf_lineno.o
 .data          0x000000800422b6e0       0xa0 obj/kern/elf_rw.o
                0x000000800422b6e0                section_info
 .data          0x000000800422b780        0x0 obj/kern/mpentry.o
 .data          0x000000800422b780        0x0 obj/kern/mpconfig.o
 .data          0x000000800422b780        0x0 obj/kern/lapic.o
 .data          0x000000800422b780       0x68 obj/kern/spinlock.o
                0x000000800422b780                kernel_lock
 .data          0x000000800422b7e8    0x1d7c8 obj/user/hello
                0x000000800422b7e8                _binary_obj_user_hello_start
                0x0000008004248fb0                _binary_obj_user_hello_end
 .data          0x0000008004248fb0    0x1d710 obj/user/idle
                0x0000008004248fb0                _binary_obj_user_idle_start
                0x00000080042666c0                _binary_obj_user_idle_end
 .data          0x00000080042666c0    0x1d8b8 obj/user/yield
                0x00000080042666c0                _binary_obj_user_yield_start
                0x0000008004283f78                _binary_obj_user_yield_end
 .data          0x0000008004283f78    0x1e348 obj/user/dumbfork
                0x0000008004283f78                _binary_obj_user_dumbfork_start
                0x00000080042a22c0                _binary_obj_user_dumbfork_end
 .data          0x00000080042a22c0    0x20168 obj/user/stresssched
                0x00000080042a22c0                _binary_obj_user_stresssched_start
                0x00000080042c2428                _binary_obj_user_stresssched_end
 .data          0x00000080042c2428    0x1e7f8 obj/user/faultdie
                0x00000080042c2428                _binary_obj_user_faultdie_start
                0x00000080042e0c20                _binary_obj_user_faultdie_end
 .data          0x00000080042e0c20    0x20730 obj/user/faultregs
                0x00000080042e0c20                _binary_obj_user_faultregs_start
                0x0000008004301350                _binary_obj_user_faultregs_end
 .data          0x0000008004301350    0x1e9f8 obj/user/faultalloc
                0x0000008004301350                _binary_obj_user_faultalloc_start
                0x000000800431fd48                _binary_obj_user_faultalloc_end
 .data          0x000000800431fd48    0x1e9c0 obj/user/faultallocbad
                0x000000800431fd48                _binary_obj_user_faultallocbad_start
                0x000000800433e708                _binary_obj_user_faultallocbad_end
 .data          0x000000800433e708    0x1e4c8 obj/user/faultnostack
                0x000000800433e708                _binary_obj_user_faultnostack_start
                0x000000800435cbd0                _binary_obj_user_faultnostack_end
 .data          0x000000800435cbd0    0x1d7b8 obj/user/faultbadhandler
                0x000000800435cbd0                _binary_obj_user_faultbadhandler_start
                0x000000800437a388                _binary_obj_user_faultbadhandler_end
 .data          0x000000800437a388    0x1d7c0 obj/user/faultevilhandler
                0x000000800437a388                _binary_obj_user_faultevilhandler_start
                0x0000008004397b48                _binary_obj_user_faultevilhandler_end
 .data          0x0000008004397b48    0x202c0 obj/user/forktree
                0x0000008004397b48                _binary_obj_user_forktree_start
                0x00000080043b7e08                _binary_obj_user_forktree_end
 .data          0x00000080043b7e08    0x201b8 obj/user/sendpage
                0x00000080043b7e08                _binary_obj_user_sendpage_start
                0x00000080043d7fc0                _binary_obj_user_sendpage_end
 .data          0x00000080043d7fc0    0x20098 obj/user/spin
                0x00000080043d7fc0                _binary_obj_user_spin_start
                0x00000080043f8058                _binary_obj_user_spin_end
 .data          0x00000080043f8058    0x1d8e0 obj/user/fairness
                0x00000080043f8058                _binary_obj_user_fairness_start
                0x0000008004415938                _binary_obj_user_fairness_end
 .data          0x0000008004415938    0x20080 obj/user/pingpong
                0x0000008004415938                _binary_obj_user_pingpong_start
                0x00000080044359b8                _binary_obj_user_pingpong_end
 .data          0x00000080044359b8    0x200e8 obj/user/pingpongs
                0x00000080044359b8                _binary_obj_user_pingpongs_start
                0x0000008004455aa0                _binary_obj_user_pingpongs_end
 .data          0x0000008004455aa0    0x202e0 obj/user/primes
                0x0000008004455aa0                _binary_obj_user_primes_start
                0x0000008004475d80                _binary_obj_user_primes_end
 .data          0x0000008004475d80    0x20840 obj/user/testfile
                0x0000008004475d80                _binary_obj_user_testfile_start
                0x00000080044965c0                _binary_obj_user_testfile_end
 .data          0x00000080044965c0    0x1e0c0 obj/user/writemotd
                0x00000080044965c0                _binary_obj_user_writemotd_start
                0x00000080044b4680                _binary_obj_user_writemotd_end
 .data          0x00000080044b4680    0x21420 obj/user/spawnhello
                0x00000080044b4680                _binary_obj_user_spawnhello_start
                0x00000080044d5aa0                _binary_obj_user_spawnhello_end
 .data          0x00000080044d5aa0    0x21928 obj/user/icode
                0x00000080044d5aa0                _binary_obj_user_icode_start
                0x00000080044f73c8                _binary_obj_user_icode_end
 .data          0x00000080044f73c8    0x37820 obj/fs/fs
                0x00000080044f73c8                _binary_obj_fs_fs_start
                0x000000800452ebe8                _binary_obj_fs_fs_end
 .data          0x000000800452ebe8    0x24d38 obj/user/testpteshare
                0x000000800452ebe8                _binary_obj_user_testpteshare_start
                0x0000008004553920                _binary_obj_user_testpteshare_end
 .data          0x0000008004553920    0x224e0 obj/user/testfdsharing
                0x0000008004553920                _binary_obj_user_testfdsharing_start
                0x0000008004575e00                _binary_obj_user_testfdsharing_end
 .data          0x0000008004575e00    0x22560 obj/user/testpipe
                0x0000008004575e00                _binary_obj_user_testpipe_start
                0x0000008004598360                _binary_obj_user_testpipe_end
 .data          0x0000008004598360    0x207c8 obj/user/testpiperace
                0x0000008004598360                _binary_obj_user_testpiperace_start
                0x00000080045b8b28                _binary_obj_user_testpiperace_end
 .data          0x00000080045b8b28    0x205b8 obj/user/testpiperace2
                0x00000080045b8b28                _binary_obj_user_testpiperace2_start
                0x00000080045d90e0                _binary_obj_user_testpiperace2_end
 .data          0x00000080045d90e0    0x207e8 obj/user/primespipe
                0x00000080045d90e0                _binary_obj_user_primespipe_start
                0x00000080045f98c8                _binary_obj_user_primespipe_end
 .data          0x00000080045f98c8    0x1f708 obj/user/testkbd
                0x00000080045f98c8                _binary_obj_user_testkbd_start
                0x0000008004618fd0                _binary_obj_user_testkbd_end
 .data          0x0000008004618fd0    0x267d0 obj/user/testshell
                0x0000008004618fd0                _binary_obj_user_testshell_start
                0x000000800463f7a0                _binary_obj_user_testshell_end
                0x000000800463f7a0                PROVIDE (edata = .)

.got            0x000000800463f7a0        0x0 load address 0x000000000063f7a0
 .got           0x000000800463f7a0        0x0 obj/kern/bootstrap.o

.got.plt        0x000000800463f7a0        0x0 load address 0x000000000063f7a0
 .got.plt       0x000000800463f7a0        0x0 obj/kern/bootstrap.o

.igot.plt       0x000000800463f7a0        0x0 load address 0x000000000063f7a0
 .igot.plt      0x000000800463f7a0        0x0 obj/kern/bootstrap.o

.bss            0x0000008004640000    0x84010 load address 0x0000000000640000
 *(EXCLUDE_FILE(obj/kern/bootstrap.o) .bss)
 .bss           0x0000008004640000        0x0 obj/kern/entry.o
 .bss           0x0000008004640000        0x0 obj/kern/init.o
 .bss           0x0000008004640000      0x22c obj/kern/console.o
 .bss           0x000000800464022c        0x0 obj/kern/monitor.o
 *fill*         0x000000800464022c        0x4 
 .bss           0x0000008004640230       0x20 obj/kern/pmap.o
 .bss           0x0000008004640250       0x10 obj/kern/env.o
                0x0000008004640250                envs
 .bss           0x0000008004640260        0x0 obj/kern/kclock.o
 .bss           0x0000008004640260        0x1 obj/kern/picirq.o
 .bss           0x0000008004640261        0x0 obj/kern/printf.o
 *fill*         0x0000008004640261       0x1f 
 .bss           0x0000008004640280     0x1018 obj/kern/trap.o
                0x0000008004640280                idt
                0x0000008004641280                idt_pd
 .bss           0x0000008004641298        0x0 obj/kern/trapentry.o
 .bss           0x0000008004641298        0x0 obj/kern/sched.o
 .bss           0x0000008004641298        0x0 obj/kern/syscall.o
 .bss           0x0000008004641298        0x8 obj/kern/kdebug.o
 .bss           0x00000080046412a0        0x0 obj/kern/printfmt.o
 .bss           0x00000080046412a0      0x400 obj/kern/readline.o
 .bss           0x00000080046416a0        0x0 obj/kern/string.o
 .bss           0x00000080046416a0        0x0 obj/kern/libdwarf_rw.o
 .bss           0x00000080046416a0       0x68 obj/kern/libdwarf_frame.o
                0x00000080046416a0                global_rt_table
                0x00000080046416e0                global_rt_table_shadow
 .bss           0x0000008004641708        0x0 obj/kern/libdwarf_lineno.o
 .bss           0x0000008004641708        0x0 obj/kern/elf_rw.o
 .bss           0x0000008004641708        0x0 obj/kern/mpentry.o
 .bss           0x0000008004641708        0x0 obj/kern/mpconfig.o
 .bss           0x0000008004641708        0x0 obj/kern/lapic.o
 .bss           0x0000008004641708        0x0 obj/kern/spinlock.o
 COMMON         0x0000008004641708       0x18 obj/kern/init.o
                0x0000008004641708                end_debug
                0x0000008004641710                panicstr
                0x0000008004641718                mpentry_kstack
 COMMON         0x0000008004641720       0x20 obj/kern/pmap.o
                0x0000008004641720                boot_cr3
                0x0000008004641728                boot_pml4e
                0x0000008004641730                npages
                0x0000008004641738                pages
 COMMON         0x0000008004641740       0x68 obj/kern/trap.o
                0x0000008004641740                ts
 *fill*         0x00000080046417a8       0x18 
 COMMON         0x00000080046417c0      0x160 obj/kern/kdebug.o
                0x00000080046417c0                mydebug
                0x0000008004641820                _cie
                0x00000080046418a0                _fde
 COMMON         0x0000008004641920      0xc70 obj/kern/libdwarf_frame.o
                0x0000008004641920                global_rules_shadow
                0x0000008004641f60                global_rules
 *fill*         0x0000008004642590       0x10 
 COMMON         0x00000080046425a0      0x200 obj/kern/libdwarf_lineno.o
                0x00000080046425a0                global_std_op
 *fill*         0x00000080046427a0      0x860 
 COMMON         0x0000008004643000    0x81000 obj/kern/mpconfig.o
                0x0000008004643000                ismp
                0x0000008004643020                cpus
                0x00000080046433e0                bootcpu
                0x00000080046433e8                ncpu
                0x0000008004644000                percpu_kstacks
 COMMON         0x00000080046c4000       0x10 obj/kern/lapic.o
                0x00000080046c4000                lapicaddr
                0x00000080046c4008                lapic
                0x00000080046c4010                PROVIDE (end = .)

.debug
 *(.debug)

.line
 *(.line)

.debug_srcinfo
 *(.debug_srcinfo)

.debug_sfnames
 *(.debug_sfnames)

.debug_aranges  0x0000000000000000      0x4e0
 *(.debug_aranges)
 .debug_aranges
                0x0000000000000000       0x30 obj/kern/bootstrap.o
 .debug_aranges
                0x0000000000000030       0x30 obj/kern/entry.o
 .debug_aranges
                0x0000000000000060       0x30 obj/kern/init.o
 .debug_aranges
                0x0000000000000090       0x30 obj/kern/console.o
 .debug_aranges
                0x00000000000000c0       0x30 obj/kern/monitor.o
 .debug_aranges
                0x00000000000000f0       0x30 obj/kern/pmap.o
 .debug_aranges
                0x0000000000000120       0x30 obj/kern/env.o
 .debug_aranges
                0x0000000000000150       0x30 obj/kern/kclock.o
 .debug_aranges
                0x0000000000000180       0x30 obj/kern/picirq.o
 .debug_aranges
                0x00000000000001b0       0x30 obj/kern/printf.o
 .debug_aranges
                0x00000000000001e0       0x30 obj/kern/trap.o
 .debug_aranges
                0x0000000000000210       0x30 obj/kern/trapentry.o
 .debug_aranges
                0x0000000000000240       0x30 obj/kern/sched.o
 .debug_aranges
                0x0000000000000270       0x30 obj/kern/syscall.o
 .debug_aranges
                0x00000000000002a0       0x30 obj/kern/kdebug.o
 .debug_aranges
                0x00000000000002d0       0x30 obj/kern/printfmt.o
 .debug_aranges
                0x0000000000000300       0x30 obj/kern/readline.o
 .debug_aranges
                0x0000000000000330       0x30 obj/kern/string.o
 .debug_aranges
                0x0000000000000360       0x30 obj/kern/libdwarf_rw.o
 .debug_aranges
                0x0000000000000390       0x30 obj/kern/libdwarf_frame.o
 .debug_aranges
                0x00000000000003c0       0x30 obj/kern/libdwarf_lineno.o
 .debug_aranges
                0x00000000000003f0       0x30 obj/kern/elf_rw.o
 .debug_aranges
                0x0000000000000420       0x30 obj/kern/mpentry.o
 .debug_aranges
                0x0000000000000450       0x30 obj/kern/mpconfig.o
 .debug_aranges
                0x0000000000000480       0x30 obj/kern/lapic.o
 .debug_aranges
                0x00000000000004b0       0x30 obj/kern/spinlock.o

.debug_pubnames
 *(.debug_pubnames)

.debug_info     0x0000000000000000    0x19ae0
 *(.debug_info .gnu.linkonce.wi.*)
 .debug_info    0x0000000000000000       0x2e obj/kern/bootstrap.o
 .debug_info    0x000000000000002e       0x2e obj/kern/entry.o
 .debug_info    0x000000000000005c     0x10ff obj/kern/init.o
 .debug_info    0x000000000000115b      0xf31 obj/kern/console.o
 .debug_info    0x000000000000208c      0xcfa obj/kern/monitor.o
 .debug_info    0x0000000000002d86     0x5e07 obj/kern/pmap.o
 .debug_info    0x0000000000008b8d     0x1970 obj/kern/env.o
 .debug_info    0x000000000000a4fd      0x1f3 obj/kern/kclock.o
 .debug_info    0x000000000000a6f0      0x4a9 obj/kern/picirq.o
 .debug_info    0x000000000000ab99      0x276 obj/kern/printf.o
 .debug_info    0x000000000000ae0f     0x1771 obj/kern/trap.o
 .debug_info    0x000000000000c580       0x2e obj/kern/trapentry.o
 .debug_info    0x000000000000c5ae      0xb28 obj/kern/sched.o
 .debug_info    0x000000000000d0d6     0x1513 obj/kern/syscall.o
 .debug_info    0x000000000000e5e9     0x1c2b obj/kern/kdebug.o
 .debug_info    0x0000000000010214      0x9eb obj/kern/printfmt.o
 .debug_info    0x0000000000010bff      0x25e obj/kern/readline.o
 .debug_info    0x0000000000010e5d      0x766 obj/kern/string.o
 .debug_info    0x00000000000115c3     0x1fdc obj/kern/libdwarf_rw.o
 .debug_info    0x000000000001359f     0x1cee obj/kern/libdwarf_frame.o
 .debug_info    0x000000000001528d     0x12a2 obj/kern/libdwarf_lineno.o
 .debug_info    0x000000000001652f      0xd69 obj/kern/elf_rw.o
 .debug_info    0x0000000000017298       0x2e obj/kern/mpentry.o
 .debug_info    0x00000000000172c6     0x101c obj/kern/mpconfig.o
 .debug_info    0x00000000000182e2      0xbdd obj/kern/lapic.o
 .debug_info    0x0000000000018ebf      0xc21 obj/kern/spinlock.o

.debug_abbrev   0x0000000000000000     0x349f
 *(.debug_abbrev)
 .debug_abbrev  0x0000000000000000       0x14 obj/kern/bootstrap.o
 .debug_abbrev  0x0000000000000014       0x14 obj/kern/entry.o
 .debug_abbrev  0x0000000000000028      0x2ca obj/kern/init.o
 .debug_abbrev  0x00000000000002f2      0x2e9 obj/kern/console.o
 .debug_abbrev  0x00000000000005db      0x260 obj/kern/monitor.o
 .debug_abbrev  0x000000000000083b      0x383 obj/kern/pmap.o
 .debug_abbrev  0x0000000000000bbe      0x384 obj/kern/env.o
 .debug_abbrev  0x0000000000000f42      0x102 obj/kern/kclock.o
 .debug_abbrev  0x0000000000001044      0x115 obj/kern/picirq.o
 .debug_abbrev  0x0000000000001159      0x107 obj/kern/printf.o
 .debug_abbrev  0x0000000000001260      0x361 obj/kern/trap.o
 .debug_abbrev  0x00000000000015c1       0x14 obj/kern/trapentry.o
 .debug_abbrev  0x00000000000015d5      0x238 obj/kern/sched.o
 .debug_abbrev  0x000000000000180d      0x2b2 obj/kern/syscall.o
 .debug_abbrev  0x0000000000001abf      0x344 obj/kern/kdebug.o
 .debug_abbrev  0x0000000000001e03      0x28e obj/kern/printfmt.o
 .debug_abbrev  0x0000000000002091       0xff obj/kern/readline.o
 .debug_abbrev  0x0000000000002190      0x17e obj/kern/string.o
 .debug_abbrev  0x000000000000230e      0x277 obj/kern/libdwarf_rw.o
 .debug_abbrev  0x0000000000002585      0x2d4 obj/kern/libdwarf_frame.o
 .debug_abbrev  0x0000000000002859      0x2a6 obj/kern/libdwarf_lineno.o
 .debug_abbrev  0x0000000000002aff      0x21f obj/kern/elf_rw.o
 .debug_abbrev  0x0000000000002d1e       0x14 obj/kern/mpentry.o
 .debug_abbrev  0x0000000000002d32      0x298 obj/kern/mpconfig.o
 .debug_abbrev  0x0000000000002fca      0x22e obj/kern/lapic.o
 .debug_abbrev  0x00000000000031f8      0x2a7 obj/kern/spinlock.o

.debug_line     0x0000000000000000     0x3d4f
 *(.debug_line)
 .debug_line    0x0000000000000000       0x99 obj/kern/bootstrap.o
 .debug_line    0x0000000000000099       0x51 obj/kern/entry.o
 .debug_line    0x00000000000000ea      0x1f6 obj/kern/init.o
 .debug_line    0x00000000000002e0      0x2bd obj/kern/console.o
 .debug_line    0x000000000000059d      0x1a1 obj/kern/monitor.o
 .debug_line    0x000000000000073e      0xe85 obj/kern/pmap.o
 .debug_line    0x00000000000015c3      0x386 obj/kern/env.o
 .debug_line    0x0000000000001949       0x86 obj/kern/kclock.o
 .debug_line    0x00000000000019cf       0xc1 obj/kern/picirq.o
 .debug_line    0x0000000000001a90       0x87 obj/kern/printf.o
 .debug_line    0x0000000000001b17      0x35e obj/kern/trap.o
 .debug_line    0x0000000000001e75       0x75 obj/kern/trapentry.o
 .debug_line    0x0000000000001eea      0x1c0 obj/kern/sched.o
 .debug_line    0x00000000000020aa      0x280 obj/kern/syscall.o
 .debug_line    0x000000000000232a      0x231 obj/kern/kdebug.o
 .debug_line    0x000000000000255b      0x1ce obj/kern/printfmt.o
 .debug_line    0x0000000000002729       0x9b obj/kern/readline.o
 .debug_line    0x00000000000027c4      0x1ec obj/kern/string.o
 .debug_line    0x00000000000029b0      0x48c obj/kern/libdwarf_rw.o
 .debug_line    0x0000000000002e3c      0x531 obj/kern/libdwarf_frame.o
 .debug_line    0x000000000000336d      0x22c obj/kern/libdwarf_lineno.o
 .debug_line    0x0000000000003599      0x245 obj/kern/elf_rw.o
 .debug_line    0x00000000000037de       0x74 obj/kern/mpentry.o
 .debug_line    0x0000000000003852      0x1fa obj/kern/mpconfig.o
 .debug_line    0x0000000000003a4c      0x16e obj/kern/lapic.o
 .debug_line    0x0000000000003bba      0x195 obj/kern/spinlock.o

.debug_frame
 *(.debug_frame)

.debug_str      0x0000000000000000     0x29d8
 *(.debug_str)
 .debug_str     0x0000000000000000       0x2f obj/kern/bootstrap.o
 .debug_str     0x000000000000002f        0xd obj/kern/entry.o
                                         0x2b (size before relaxing)
 .debug_str     0x000000000000003c      0x79a obj/kern/init.o
                                        0x878 (size before relaxing)
 .debug_str     0x00000000000007d6      0x13e obj/kern/console.o
                                        0x2ee (size before relaxing)
 .debug_str     0x0000000000000914      0x190 obj/kern/monitor.o
                                        0x520 (size before relaxing)
 .debug_str     0x0000000000000aa4      0x592 obj/kern/pmap.o
                                        0xbd1 (size before relaxing)
 .debug_str     0x0000000000001036      0x1db obj/kern/env.o
                                        0x9f4 (size before relaxing)
 .debug_str     0x0000000000001211       0x23 obj/kern/kclock.o
                                        0x180 (size before relaxing)
 .debug_str     0x0000000000001234       0x1b obj/kern/picirq.o
                                        0x1bc (size before relaxing)
 .debug_str     0x000000000000124f       0x18 obj/kern/printf.o
                                        0x1e3 (size before relaxing)
 .debug_str     0x0000000000001267      0x12e obj/kern/trap.o
                                        0x882 (size before relaxing)
 .debug_str     0x0000000000001395       0x11 obj/kern/trapentry.o
                                         0x2f (size before relaxing)
 .debug_str     0x00000000000013a6       0x32 obj/kern/sched.o
                                        0x67f (size before relaxing)
 .debug_str     0x00000000000013d8      0x211 obj/kern/syscall.o
                                        0x9f4 (size before relaxing)
 .debug_str     0x00000000000015e9      0xa06 obj/kern/kdebug.o
                                       0x1160 (size before relaxing)
 .debug_str     0x0000000000001fef       0x97 obj/kern/printfmt.o
                                        0x378 (size before relaxing)
 .debug_str     0x0000000000002086       0x1e obj/kern/readline.o
                                        0x21a (size before relaxing)
 .debug_str     0x00000000000020a4       0x6b obj/kern/string.o
                                        0x20e (size before relaxing)
 .debug_str     0x000000000000210f      0x212 obj/kern/libdwarf_rw.o
                                        0xc5d (size before relaxing)
 .debug_str     0x0000000000002321      0x26f obj/kern/libdwarf_frame.o
                                        0xbf3 (size before relaxing)
 .debug_str     0x0000000000002590      0x1ae obj/kern/libdwarf_lineno.o
                                        0xc30 (size before relaxing)
 .debug_str     0x000000000000273e      0x17a obj/kern/elf_rw.o
                                        0x4b6 (size before relaxing)
 .debug_str     0x00000000000028b8        0xf obj/kern/mpentry.o
                                         0x2d (size before relaxing)
 .debug_str     0x00000000000028c7       0xa4 obj/kern/mpconfig.o
                                        0x620 (size before relaxing)
 .debug_str     0x000000000000296b       0x36 obj/kern/lapic.o
                                        0x58a (size before relaxing)
 .debug_str     0x00000000000029a1       0x37 obj/kern/spinlock.o
                                        0x65f (size before relaxing)

.debug_loc      0x0000000000000000    0x1986c
 *(.debug_loc)
 .debug_loc     0x0000000000000000      0x608 obj/kern/init.o
 .debug_loc     0x0000000000000608     0x1487 obj/kern/console.o
 .debug_loc     0x0000000000001a8f      0xa4c obj/kern/monitor.o
 .debug_loc     0x00000000000024db     0x5660 obj/kern/pmap.o
 .debug_loc     0x0000000000007b3b     0x17bc obj/kern/env.o
 .debug_loc     0x00000000000092f7      0x1dc obj/kern/kclock.o
 .debug_loc     0x00000000000094d3      0x5dd obj/kern/picirq.o
 .debug_loc     0x0000000000009ab0      0x2be obj/kern/printf.o
 .debug_loc     0x0000000000009d6e      0x7c1 obj/kern/trap.o
 .debug_loc     0x000000000000a52f      0x3ed obj/kern/sched.o
 .debug_loc     0x000000000000a91c     0x1e34 obj/kern/syscall.o
 .debug_loc     0x000000000000c750      0x9a7 obj/kern/kdebug.o
 .debug_loc     0x000000000000d0f7      0xd3c obj/kern/printfmt.o
 .debug_loc     0x000000000000de33      0x23b obj/kern/readline.o
 .debug_loc     0x000000000000e06e     0x1996 obj/kern/string.o
 .debug_loc     0x000000000000fa04     0x341b obj/kern/libdwarf_rw.o
 .debug_loc     0x0000000000012e1f     0x2da1 obj/kern/libdwarf_frame.o
 .debug_loc     0x0000000000015bc0     0x13e7 obj/kern/libdwarf_lineno.o
 .debug_loc     0x0000000000016fa7     0x13ba obj/kern/elf_rw.o
 .debug_loc     0x0000000000018361      0xb55 obj/kern/mpconfig.o
 .debug_loc     0x0000000000018eb6      0x556 obj/kern/lapic.o
 .debug_loc     0x000000000001940c      0x460 obj/kern/spinlock.o

.comment        0x0000000000000000       0x29
 .comment       0x0000000000000000       0x29 obj/kern/init.o
                                         0x2a (size before relaxing)
 .comment       0x0000000000000029       0x2a obj/kern/console.o
 .comment       0x0000000000000029       0x2a obj/kern/monitor.o
 .comment       0x0000000000000029       0x2a obj/kern/pmap.o
 .comment       0x0000000000000029       0x2a obj/kern/env.o
 .comment       0x0000000000000029       0x2a obj/kern/kclock.o
 .comment       0x0000000000000029       0x2a obj/kern/picirq.o
 .comment       0x0000000000000029       0x2a obj/kern/printf.o
 .comment       0x0000000000000029       0x2a obj/kern/trap.o
 .comment       0x0000000000000029       0x2a obj/kern/sched.o
 .comment       0x0000000000000029       0x2a obj/kern/syscall.o
 .comment       0x0000000000000029       0x2a obj/kern/kdebug.o
 .comment       0x0000000000000029       0x2a obj/kern/printfmt.o
 .comment       0x0000000000000029       0x2a obj/kern/readline.o
 .comment       0x0000000000000029       0x2a obj/kern/string.o
 .comment       0x0000000000000029       0x2a obj/kern/libdwarf_rw.o
 .comment       0x0000000000000029       0x2a obj/kern/libdwarf_frame.o
 .comment       0x0000000000000029       0x2a obj/kern/libdwarf_lineno.o
 .comment       0x0000000000000029       0x2a obj/kern/elf_rw.o
 .comment       0x0000000000000029       0x2a obj/kern/mpconfig.o
 .comment       0x0000000000000029       0x2a obj/kern/lapic.o
 .comment       0x0000000000000029       0x2a obj/kern/spinlock.o

.debug_macinfo
 *(.debug_macinfo)

.debug_weaknames
 *(.debug_weaknames)

.debug_funcnames
 *(.debug_funcnames)

.debug_typenames
 *(.debug_typenames)

.debug_varnames
 *(.debug_varnames)

/DISCARD/
 *(.note.GNU-stack)
LOAD obj/kern/entry.o
LOAD obj/kern/bootstrap.o
LOAD obj/kern/init.o
LOAD obj/kern/console.o
LOAD obj/kern/monitor.o
LOAD obj/kern/pmap.o
LOAD obj/kern/env.o
LOAD obj/kern/kclock.o
LOAD obj/kern/picirq.o
LOAD obj/kern/printf.o
LOAD obj/kern/trap.o
LOAD obj/kern/trapentry.o
LOAD obj/kern/sched.o
LOAD obj/kern/syscall.o
LOAD obj/kern/kdebug.o
LOAD obj/kern/printfmt.o
LOAD obj/kern/readline.o
LOAD obj/kern/string.o
LOAD obj/kern/libdwarf_rw.o
LOAD obj/kern/libdwarf_frame.o
LOAD obj/kern/libdwarf_lineno.o
LOAD obj/kern/elf_rw.o
LOAD obj/kern/mpentry.o
LOAD obj/kern/mpconfig.o
LOAD obj/kern/lapic.o
LOAD obj/kern/spinlock.o
LOAD /usr/lib/gcc/x86_64-linux-gnu/7/libgcc.a
TARGET(binary)
LOAD obj/user/hello
LOAD obj/user/idle
LOAD obj/user/yield
LOAD obj/user/dumbfork
LOAD obj/user/stresssched
LOAD obj/user/faultdie
LOAD obj/user/faultregs
LOAD obj/user/faultalloc
LOAD obj/user/faultallocbad
LOAD obj/user/faultnostack
LOAD obj/user/faultbadhandler
LOAD obj/user/faultevilhandler
LOAD obj/user/forktree
LOAD obj/user/sendpage
LOAD obj/user/spin
LOAD obj/user/fairness
LOAD obj/user/pingpong
LOAD obj/user/pingpongs
LOAD obj/user/primes
LOAD obj/user/testfile
LOAD obj/user/writemotd
LOAD obj/user/spawnhello
LOAD obj/user/icode
LOAD obj/fs/fs
LOAD obj/user/testpteshare
LOAD obj/user/testfdsharing
LOAD obj/user/testpipe
LOAD obj/user/testpiperace
LOAD obj/user/testpiperace2
LOAD obj/user/primespipe
LOAD obj/user/testkbd
LOAD obj/user/testshell
OUTPUT(obj/kern/kernel elf64-x86-64)

.debug_ranges   0x0000000000000000       0x30
 .debug_ranges  0x0000000000000000       0x30 obj/kern/string.o
