
Allocating common symbols
Common symbol       size              file

global_rules_shadow
                    0x630             obj/kern/libdwarf_frame.o
ismp                0x4               obj/kern/mpconfig.o
lapicaddr           0x8               obj/kern/lapic.o
ts                  0x68              obj/kern/trap.o
end_debug           0x8               obj/kern/init.o
mydebug             0x60              obj/kern/kdebug.o
panicstr            0x8               obj/kern/init.o
boot_cr3            0x8               obj/kern/pmap.o
mpentry_kstack      0x8               obj/kern/init.o
cpus                0x3c0             obj/kern/mpconfig.o
global_std_op       0x200             obj/kern/libdwarf_lineno.o
lapic               0x8               obj/kern/lapic.o
bootcpu             0x8               obj/kern/mpconfig.o
_cie                0x78              obj/kern/kdebug.o
global_rules        0x630             obj/kern/libdwarf_frame.o
boot_pml4e          0x8               obj/kern/pmap.o
ncpu                0x4               obj/kern/mpconfig.o
_fde                0x80              obj/kern/kdebug.o
npages              0x8               obj/kern/pmap.o
pages               0x8               obj/kern/pmap.o
percpu_kstacks      0x80000           obj/kern/mpconfig.o

Discarded input sections

 .note.GNU-stack
                0x0000000000000000        0x0 obj/kern/init.o
 .note.GNU-stack
                0x0000000000000000        0x0 obj/kern/console.o
 .note.GNU-stack
                0x0000000000000000        0x0 obj/kern/monitor.o
 .note.GNU-stack
                0x0000000000000000        0x0 obj/kern/pmap.o
 .note.GNU-stack
                0x0000000000000000        0x0 obj/kern/env.o
 .note.GNU-stack
                0x0000000000000000        0x0 obj/kern/kclock.o
 .note.GNU-stack
                0x0000000000000000        0x0 obj/kern/picirq.o
 .note.GNU-stack
                0x0000000000000000        0x0 obj/kern/printf.o
 .note.GNU-stack
                0x0000000000000000        0x0 obj/kern/trap.o
 .note.GNU-stack
                0x0000000000000000        0x0 obj/kern/sched.o
 .note.GNU-stack
                0x0000000000000000        0x0 obj/kern/syscall.o
 .note.GNU-stack
                0x0000000000000000        0x0 obj/kern/kdebug.o
 .note.GNU-stack
                0x0000000000000000        0x0 obj/kern/printfmt.o
 .note.GNU-stack
                0x0000000000000000        0x0 obj/kern/readline.o
 .note.GNU-stack
                0x0000000000000000        0x0 obj/kern/string.o
 .note.GNU-stack
                0x0000000000000000        0x0 obj/kern/libdwarf_rw.o
 .note.GNU-stack
                0x0000000000000000        0x0 obj/kern/libdwarf_frame.o
 .note.GNU-stack
                0x0000000000000000        0x0 obj/kern/libdwarf_lineno.o
 .note.GNU-stack
                0x0000000000000000        0x0 obj/kern/elf_rw.o
 .note.GNU-stack
                0x0000000000000000        0x0 obj/kern/mpconfig.o
 .note.GNU-stack
                0x0000000000000000        0x0 obj/kern/lapic.o
 .note.GNU-stack
                0x0000000000000000        0x0 obj/kern/spinlock.o

Memory Configuration

Name             Origin             Length             Attributes
*default*        0x0000000000000000 0xffffffffffffffff

Linker script and memory map

                0x0000000000100000                . = 0x100000

.bootstrap      0x0000000000100000     0x7004
 obj/kern/bootstrap.o(.text .data .bss)
 .text          0x0000000000100000      0x115 obj/kern/bootstrap.o
                0x0000000000100000                _head64
                0x00000000001000e5                jumpto_longmode
 *fill*         0x0000000000100115      0xeeb 
 .data          0x0000000000101000     0x6004 obj/kern/bootstrap.o
                0x0000000000102000                pml4phys
                0x0000000000107000                multiboot_info
 .bss           0x0000000000107004        0x0 obj/kern/bootstrap.o
                0x0000008004200000                . = 0x8004200000

.text           0x0000008004200000    0x1538f load address 0x0000000000200000
 *(EXCLUDE_FILE(obj/kern/bootstrap.o) .text .stub .text.* .gnu.linkonce.t.*)
 .text          0x0000008004200000       0x58 obj/kern/entry.o
                0x000000800420000c                entry
                0x000000000020000c                _start
 .text          0x0000008004200058      0x645 obj/kern/init.o
                0x000000800420009a                i386_init
                0x00000080042003d3                mp_main
                0x0000008004200471                _panic
                0x00000080042005af                _warn
 .text          0x000000800420069d      0xb35 obj/kern/console.o
                0x000000800420072e                serial_intr
                0x0000008004200f53                kbd_intr
                0x0000008004201030                cons_getc
                0x0000008004201125                cons_init
                0x000000800420117f                cputchar
                0x000000800420119e                getchar
                0x00000080042011c0                iscons
 .text          0x00000080042011d2      0x737 obj/kern/monitor.o
                0x00000080042011d2                mon_help
                0x000000800420126c                mon_kerninfo
                0x0000008004201599                mon_backtrace
                0x0000008004201868                monitor
 .text          0x0000008004201909     0x5cce obj/kern/pmap.o
                0x000000800420244a                x64_vm_init
                0x00000080042029b2                page_init
                0x0000008004202e55                page_alloc
                0x0000008004202f50                page_free
                0x0000008004203011                page_decref
                0x0000008004203053                pml4e_walk
                0x00000080042031ca                pdpe_walk
                0x0000008004203341                pgdir_walk
                0x000000800420358d                page_insert
                0x000000800420364c                page_lookup
                0x00000080042036d0                page_remove
                0x0000008004203744                tlb_invalidate
                0x0000008004203816                mmio_map_region
                0x0000008004203911                user_mem_check
                0x0000008004203a87                user_mem_assert
 .text          0x00000080042075d7     0x13c0 obj/kern/env.o
                0x000000800420773d                envid2env
                0x00000080042078aa                env_init
                0x00000080042079b3                env_init_percpu
                0x0000008004207ae3                env_alloc
                0x0000008004207dfb                load_icode
                0x0000008004207fca                env_create
                0x000000800420801b                env_free
                0x0000008004208579                env_destroy
                0x000000800420866b                env_pop_tf
                0x0000008004208748                env_run
 .text          0x0000008004208997       0x7d obj/kern/kclock.o
                0x0000008004208997                mc146818_read
                0x00000080042089d3                mc146818_write
 .text          0x0000008004208a14      0x246 obj/kern/picirq.o
                0x0000008004208a14                pic_init
                0x0000008004208b67                irq_setmask_8259A
 .text          0x0000008004208c5a      0x166 obj/kern/printf.o
                0x0000008004208c89                vcprintf
                0x0000008004208ce8                cprintf
 .text          0x0000008004208dc0     0x25ab obj/kern/trap.o
                0x0000008004208e61                trap_init
                0x000000800420a3cc                trap_init_percpu
                0x000000800420a758                print_trapframe
                0x000000800420aa6a                print_regs
                0x000000800420ae44                trap
                0x000000800420b28d                page_fault_handler
 *fill*         0x000000800420b36b        0x1 
 .text          0x000000800420b36c       0xe0 obj/kern/trapentry.o
                0x000000800420b36c                XTRPX_divzero
                0x000000800420b372                XTRPX_debug
                0x000000800420b378                XTRPX_nmint
                0x000000800420b37e                XTRPX_brkpt
                0x000000800420b384                XTRPX_oflow
                0x000000800420b38a                XTRPX_bound
                0x000000800420b390                XTRPX_illop
                0x000000800420b396                XTRPX_device
                0x000000800420b39c                XTRPX_dblflt
                0x000000800420b3a0                XTRPX_tss
                0x000000800420b3a4                XTRPX_segnp
                0x000000800420b3a8                XTRPX_stack
                0x000000800420b3ac                XTRPX_gpflt
                0x000000800420b3b0                XTRPX_pgflt
                0x000000800420b3b4                XTRPX_fperr
                0x000000800420b3ba                XTRPX_align
                0x000000800420b3be                XTRPX_mchk
                0x000000800420b3c4                XTRPX_simderr
                0x000000800420b3ca                XTRPX_syscall
                0x000000800420b3d0                XTRPX_default
 .text          0x000000800420b44c      0x4b4 obj/kern/sched.o
                0x000000800420b490                sched_yield
                0x000000800420b6e0                sched_halt
 .text          0x000000800420b900      0xa52 obj/kern/syscall.o
                0x000000800420c128                syscall
 .text          0x000000800420c352      0xbdb obj/kern/kdebug.o
                0x000000800420c352                list_func_die
                0x000000800420ca79                debuginfo_rip
 .text          0x000000800420cf2d      0xa4c obj/kern/printfmt.o
                0x000000800420d1f3                vprintfmt
                0x000000800420d6f9                printfmt
                0x000000800420d7fb                vsnprintf
                0x000000800420d898                snprintf
 .text          0x000000800420d979      0x153 obj/kern/readline.o
                0x000000800420d979                readline
 .text          0x000000800420dacc      0x7c6 obj/kern/string.o
                0x000000800420dacc                strlen
                0x000000800420dafa                strnlen
                0x000000800420db38                strcpy
                0x000000800420db7b                strcat
                0x000000800420dbca                strncpy
                0x000000800420dc2a                strlcpy
                0x000000800420dc9a                strcmp
                0x000000800420dced                strncmp
                0x000000800420dd5e                strchr
                0x000000800420dd9a                strfind
                0x000000800420ddd2                memset
                0x000000800420de5d                memmove
                0x000000800420df74                memcpy
                0x000000800420dfa8                memcmp
                0x000000800420e01c                memfind
                0x000000800420e066                strtol
                0x000000800420e1f7                strstr
 .text          0x000000800420e292     0x1e8c obj/kern/libdwarf_rw.o
                0x000000800420e292                _dwarf_read_lsb
                0x000000800420e3be                _dwarf_decode_lsb
                0x000000800420e4df                _dwarf_read_msb
                0x000000800420e691                _dwarf_decode_msb
                0x000000800420e840                _dwarf_read_sleb128
                0x000000800420e8e4                _dwarf_read_uleb128
                0x000000800420e963                _dwarf_decode_sleb128
                0x000000800420e9f5                _dwarf_decode_uleb128
                0x000000800420ea62                _dwarf_read_string
                0x000000800420eaf1                _dwarf_read_block
                0x000000800420eb3a                _dwarf_elf_get_byte_order
                0x000000800420eba8                _dwarf_elf_get_pointer_size
                0x000000800420ec12                _dwarf_init
                0x000000800420ecee                _get_next_cu
                0x000000800420ee8f                print_cu
                0x000000800420eec7                _dwarf_abbrev_parse
                0x000000800420f14a                _dwarf_abbrev_find
                0x000000800420f254                _dwarf_attr_init
                0x000000800420f8ee                dwarf_search_die_within_cu
                0x000000800420fbca                dwarf_offdie
                0x000000800420fcac                _dwarf_attr_find
                0x000000800420fd3f                dwarf_siblingof
                0x000000800420ff41                dwarf_child
                0x00000080042100c1                _dwarf_find_section_enhanced
 .text          0x000000800421011e     0x25f3 obj/kern/libdwarf_frame.o
                0x000000800421011e                _dwarf_frame_params_init
                0x000000800421015f                dwarf_get_fde_at_pc
                0x000000800421022f                _dwarf_frame_regtable_copy
                0x00000080042111f2                _dwarf_frame_get_internal_table
                0x000000800421145e                dwarf_get_fde_info_for_all_regs
                0x000000800421237a                _dwarf_frame_interal_table_init
                0x0000008004212639                dwarf_set_frame_cfa_value
                0x0000008004212669                dwarf_init_eh_section
 .text          0x0000008004212711      0xcdb obj/kern/libdwarf_lineno.o
                0x0000008004212d00                _dwarf_lineno_init
                0x0000008004213271                dwarf_srclines
 .text          0x00000080042133ec      0xd30 obj/kern/elf_rw.o
                0x00000080042133ec                _dwarf_find_section
                0x000000800421346c                find_debug_sections
                0x0000008004213736                read_section_headers
                0x0000008004213e8f                readseg
                0x0000008004213ff4                waitdisk
                0x0000008004214021                readsect
 *fill*         0x000000800421411c        0x4 
 .text          0x0000008004214120       0xe7 obj/kern/mpentry.o
                0x0000008004214120                mpentry_start
                0x0000008004214206                mpentry_end
 .text          0x0000008004214207      0x88f obj/kern/mpconfig.o
                0x00000080042146df                mp_init
 .text          0x0000008004214a96      0x480 obj/kern/lapic.o
                0x0000008004214ad9                lapic_init
                0x0000008004214cd6                cpunum
                0x0000008004214d0b                lapic_eoi
                0x0000008004214d48                lapic_startap
                0x0000008004214ece                lapic_ipi
 .text          0x0000008004214f16      0x479 obj/kern/spinlock.o
                0x0000008004215035                __spin_initlock
                0x000000800421506a                spin_lock
                0x0000008004215141                spin_unlock
                0x000000800421538f                PROVIDE (etext = .)

.iplt           0x0000008004215390        0x0 load address 0x0000000000215390
 .iplt          0x0000008004215390        0x0 obj/kern/bootstrap.o

.rodata         0x00000080042153a0     0x2a01 load address 0x00000000002153a0
 *(EXCLUDE_FILE(obj/kern/bootstrap.o) .rodata .rodata.* .gnu.linkonce.r.*)
 .rodata        0x00000080042153a0       0xb6 obj/kern/init.o
 .rodata        0x0000008004215456       0x29 obj/kern/console.o
 *fill*         0x000000800421547f        0x1 
 .rodata        0x0000008004215480      0x279 obj/kern/monitor.o
 *fill*         0x00000080042156f9        0x7 
 .rodata        0x0000008004215700      0xefc obj/kern/pmap.o
 *fill*         0x00000080042165fc        0x4 
 .rodata        0x0000008004216600       0xc6 obj/kern/env.o
 .rodata        0x00000080042166c6       0x1a obj/kern/picirq.o
 .rodata        0x00000080042166e0      0x4a0 obj/kern/trap.o
 .rodata        0x0000008004216b80       0x61 obj/kern/sched.o
 *fill*         0x0000008004216be1        0x7 
 .rodata        0x0000008004216be8      0x150 obj/kern/syscall.o
 *fill*         0x0000008004216d38        0x8 
 .rodata        0x0000008004216d40      0x378 obj/kern/kdebug.o
 *fill*         0x00000080042170b8        0x8 
 .rodata        0x00000080042170c0      0x428 obj/kern/printfmt.o
 .rodata        0x00000080042174e8       0x13 obj/kern/readline.o
 *fill*         0x00000080042174fb        0x5 
 .rodata        0x0000008004217500      0x1ab obj/kern/libdwarf_rw.o
 *fill*         0x00000080042176ab        0x5 
 .rodata        0x00000080042176b0      0x1d8 obj/kern/libdwarf_frame.o
 .rodata        0x0000008004217888       0xc3 obj/kern/libdwarf_lineno.o
 .rodata        0x000000800421794b       0xa4 obj/kern/elf_rw.o
 *fill*         0x00000080042179ef        0x1 
 .rodata        0x00000080042179f0      0x289 obj/kern/mpconfig.o
 *fill*         0x0000008004217c79        0x7 
 .rodata        0x0000008004217c80       0x30 obj/kern/lapic.o
 .rodata        0x0000008004217cb0       0xf1 obj/kern/spinlock.o

.eh_frame       0x0000008004217da8     0x1a8c load address 0x0000000000217da8
 .eh_frame      0x0000008004217da8       0xf0 obj/kern/init.o
 .eh_frame      0x0000008004217e98      0x240 obj/kern/console.o
                                        0x258 (size before relaxing)
 .eh_frame      0x00000080042180d8       0xc0 obj/kern/monitor.o
                                         0xd8 (size before relaxing)
 .eh_frame      0x0000008004218198      0x410 obj/kern/pmap.o
                                        0x428 (size before relaxing)
 .eh_frame      0x00000080042185a8      0x238 obj/kern/env.o
                                        0x250 (size before relaxing)
 .eh_frame      0x00000080042187e0       0x40 obj/kern/kclock.o
                                         0x58 (size before relaxing)
 .eh_frame      0x0000008004218820       0x40 obj/kern/picirq.o
                                         0x58 (size before relaxing)
 .eh_frame      0x0000008004218860       0x60 obj/kern/printf.o
                                         0x78 (size before relaxing)
 .eh_frame      0x00000080042188c0      0x148 obj/kern/trap.o
                                        0x160 (size before relaxing)
 .eh_frame      0x0000008004218a08       0x80 obj/kern/sched.o
                                         0x98 (size before relaxing)
 .eh_frame      0x0000008004218a88      0x1c0 obj/kern/syscall.o
                                        0x1d8 (size before relaxing)
 .eh_frame      0x0000008004218c48       0x40 obj/kern/kdebug.o
                                         0x58 (size before relaxing)
 .eh_frame      0x0000008004218c88      0x110 obj/kern/printfmt.o
                                        0x128 (size before relaxing)
 .eh_frame      0x0000008004218d98       0x20 obj/kern/readline.o
                                         0x38 (size before relaxing)
 .eh_frame      0x0000008004218db8      0x220 obj/kern/string.o
                                        0x238 (size before relaxing)
 .eh_frame      0x0000008004218fd8      0x300 obj/kern/libdwarf_rw.o
                                        0x318 (size before relaxing)
 .eh_frame      0x00000080042192d8      0x1c8 obj/kern/libdwarf_frame.o
                                        0x1e0 (size before relaxing)
 .eh_frame      0x00000080042194a0       0x80 obj/kern/libdwarf_lineno.o
                                         0x98 (size before relaxing)
 .eh_frame      0x0000008004219520       0xc0 obj/kern/elf_rw.o
                                         0xd8 (size before relaxing)
 .eh_frame      0x00000080042195e0       0xa0 obj/kern/mpconfig.o
                                         0xb8 (size before relaxing)
 .eh_frame      0x0000008004219680       0xe0 obj/kern/lapic.o
                                         0xf8 (size before relaxing)
 .eh_frame      0x0000008004219760       0xd4 obj/kern/spinlock.o
                                         0xf0 (size before relaxing)

.rela.dyn       0x0000008004219838        0x0 load address 0x0000000000219838
 .rela.got      0x0000008004219838        0x0 obj/kern/bootstrap.o
 .rela.iplt     0x0000008004219838        0x0 obj/kern/bootstrap.o
 .rela.text     0x0000008004219838        0x0 obj/kern/bootstrap.o
 .rela.data     0x0000008004219838        0x0 obj/kern/bootstrap.o
                0x000000800421a000                . = ALIGN (0x1000)

.data           0x000000800421a000   0x1e6d58 load address 0x000000000021a000
 *(EXCLUDE_FILE(obj/kern/bootstrap.o) .data)
 .data          0x000000800421a000    0x10042 obj/kern/entry.o
                0x000000800421a000                bootstack
                0x000000800422a000                kernel_64
                0x000000800422a000                bootstacktop
                0x000000800422a038                gdtdesc_64
 .data          0x000000800422a042        0x0 obj/kern/init.o
 *fill*         0x000000800422a042       0x1e 
 .data          0x000000800422a060      0x520 obj/kern/console.o
 .data          0x000000800422a580       0x48 obj/kern/monitor.o
 .data          0x000000800422a5c8        0x8 obj/kern/pmap.o
 *fill*         0x000000800422a5d0       0x10 
 .data          0x000000800422a5e0       0xb2 obj/kern/env.o
                0x000000800422a5e0                gdt
                0x000000800422a688                gdt_pd
 .data          0x000000800422a692        0x0 obj/kern/kclock.o
 .data          0x000000800422a692        0x2 obj/kern/picirq.o
                0x000000800422a692                irq_mask_8259A
 .data          0x000000800422a694        0x0 obj/kern/printf.o
 .data          0x000000800422a694        0x0 obj/kern/trap.o
 .data          0x000000800422a694        0x0 obj/kern/trapentry.o
 .data          0x000000800422a694        0x0 obj/kern/sched.o
 .data          0x000000800422a694        0x0 obj/kern/syscall.o
 *fill*         0x000000800422a694        0x4 
 .data          0x000000800422a698       0x18 obj/kern/kdebug.o
                0x000000800422a698                fde
                0x000000800422a6a0                cie
                0x000000800422a6a8                dbg
 .data          0x000000800422a6b0        0x0 obj/kern/printfmt.o
 .data          0x000000800422a6b0        0x0 obj/kern/readline.o
 .data          0x000000800422a6b0        0x0 obj/kern/string.o
 .data          0x000000800422a6b0        0x0 obj/kern/libdwarf_rw.o
 *fill*         0x000000800422a6b0       0x10 
 .data          0x000000800422a6c0       0x20 obj/kern/libdwarf_frame.o
                0x000000800422a6c0                debug_frame_sec
 .data          0x000000800422a6e0        0x0 obj/kern/libdwarf_lineno.o
 .data          0x000000800422a6e0       0xa0 obj/kern/elf_rw.o
                0x000000800422a6e0                section_info
 .data          0x000000800422a780        0x0 obj/kern/mpentry.o
 .data          0x000000800422a780        0x0 obj/kern/mpconfig.o
 .data          0x000000800422a780        0x0 obj/kern/lapic.o
 .data          0x000000800422a780       0x68 obj/kern/spinlock.o
                0x000000800422a780                kernel_lock
 .data          0x000000800422a7e8     0xe8d8 obj/user/hello
                0x000000800422a7e8                _binary_obj_user_hello_start
                0x00000080042390c0                _binary_obj_user_hello_end
 .data          0x00000080042390c0     0xe870 obj/user/buggyhello
                0x00000080042390c0                _binary_obj_user_buggyhello_start
                0x0000008004247930                _binary_obj_user_buggyhello_end
 .data          0x0000008004247930     0xe8c8 obj/user/buggyhello2
                0x0000008004247930                _binary_obj_user_buggyhello2_start
                0x00000080042561f8                _binary_obj_user_buggyhello2_end
 .data          0x00000080042561f8     0xe880 obj/user/evilhello
                0x00000080042561f8                _binary_obj_user_evilhello_start
                0x0000008004264a78                _binary_obj_user_evilhello_end
 .data          0x0000008004264a78     0xeae8 obj/user/testbss
                0x0000008004264a78                _binary_obj_user_testbss_start
                0x0000008004273560                _binary_obj_user_testbss_end
 .data          0x0000008004273560     0xe8e0 obj/user/divzero
                0x0000008004273560                _binary_obj_user_divzero_start
                0x0000008004281e40                _binary_obj_user_divzero_end
 .data          0x0000008004281e40     0xe788 obj/user/breakpoint
                0x0000008004281e40                _binary_obj_user_breakpoint_start
                0x00000080042905c8                _binary_obj_user_breakpoint_end
 .data          0x00000080042905c8     0xe788 obj/user/softint
                0x00000080042905c8                _binary_obj_user_softint_start
                0x000000800429ed50                _binary_obj_user_softint_end
 .data          0x000000800429ed50     0xe788 obj/user/badsegment
                0x000000800429ed50                _binary_obj_user_badsegment_start
                0x00000080042ad4d8                _binary_obj_user_badsegment_end
 .data          0x00000080042ad4d8     0xe8a8 obj/user/faultread
                0x00000080042ad4d8                _binary_obj_user_faultread_start
                0x00000080042bbd80                _binary_obj_user_faultread_end
 .data          0x00000080042bbd80     0xe8b0 obj/user/faultreadkernel
                0x00000080042bbd80                _binary_obj_user_faultreadkernel_start
                0x00000080042ca630                _binary_obj_user_faultreadkernel_end
 .data          0x00000080042ca630     0xe788 obj/user/faultwrite
                0x00000080042ca630                _binary_obj_user_faultwrite_start
                0x00000080042d8db8                _binary_obj_user_faultwrite_end
 .data          0x00000080042d8db8     0xe798 obj/user/faultwritekernel
                0x00000080042d8db8                _binary_obj_user_faultwritekernel_start
                0x00000080042e7550                _binary_obj_user_faultwritekernel_end
 .data          0x00000080042e7550     0xe828 obj/user/idle
                0x00000080042e7550                _binary_obj_user_idle_start
                0x00000080042f5d78                _binary_obj_user_idle_end
 .data          0x00000080042f5d78     0xe9c8 obj/user/yield
                0x00000080042f5d78                _binary_obj_user_yield_start
                0x0000008004304740                _binary_obj_user_yield_end
 .data          0x0000008004304740     0xf460 obj/user/dumbfork
                0x0000008004304740                _binary_obj_user_dumbfork_start
                0x0000008004313ba0                _binary_obj_user_dumbfork_end
 .data          0x0000008004313ba0     0xfa60 obj/user/stresssched
                0x0000008004313ba0                _binary_obj_user_stresssched_start
                0x0000008004323600                _binary_obj_user_stresssched_end
 .data          0x0000008004323600     0xf5b0 obj/user/faultdie
                0x0000008004323600                _binary_obj_user_faultdie_start
                0x0000008004332bb0                _binary_obj_user_faultdie_end
 .data          0x0000008004332bb0    0x11508 obj/user/faultregs
                0x0000008004332bb0                _binary_obj_user_faultregs_start
                0x00000080043440b8                _binary_obj_user_faultregs_end
 .data          0x00000080043440b8     0xf7b8 obj/user/faultalloc
                0x00000080043440b8                _binary_obj_user_faultalloc_start
                0x0000008004353870                _binary_obj_user_faultalloc_end
 .data          0x0000008004353870     0xf770 obj/user/faultallocbad
                0x0000008004353870                _binary_obj_user_faultallocbad_start
                0x0000008004362fe0                _binary_obj_user_faultallocbad_end
 .data          0x0000008004362fe0     0xf360 obj/user/faultnostack
                0x0000008004362fe0                _binary_obj_user_faultnostack_start
                0x0000008004372340                _binary_obj_user_faultnostack_end
 .data          0x0000008004372340     0xe8c8 obj/user/faultbadhandler
                0x0000008004372340                _binary_obj_user_faultbadhandler_start
                0x0000008004380c08                _binary_obj_user_faultbadhandler_end
 .data          0x0000008004380c08     0xe8c8 obj/user/faultevilhandler
                0x0000008004380c08                _binary_obj_user_faultevilhandler_start
                0x000000800438f4d0                _binary_obj_user_faultevilhandler_end
 .data          0x000000800438f4d0     0xfb88 obj/user/forktree
                0x000000800438f4d0                _binary_obj_user_forktree_start
                0x000000800439f058                _binary_obj_user_forktree_end
 .data          0x000000800439f058    0x11790 obj/user/sendpage
                0x000000800439f058                _binary_obj_user_sendpage_start
                0x00000080043b07e8                _binary_obj_user_sendpage_end
 .data          0x00000080043b07e8     0xf958 obj/user/spin
                0x00000080043b07e8                _binary_obj_user_spin_start
                0x00000080043c0140                _binary_obj_user_spin_end
 .data          0x00000080043c0140     0xf6d0 obj/user/fairness
                0x00000080043c0140                _binary_obj_user_fairness_start
                0x00000080043cf810                _binary_obj_user_fairness_end
 .data          0x00000080043cf810    0x10630 obj/user/pingpong
                0x00000080043cf810                _binary_obj_user_pingpong_start
                0x00000080043dfe40                _binary_obj_user_pingpong_end
 .data          0x00000080043dfe40    0x10688 obj/user/pingpongs
                0x00000080043dfe40                _binary_obj_user_pingpongs_start
                0x00000080043f04c8                _binary_obj_user_pingpongs_end
 .data          0x00000080043f04c8    0x10890 obj/user/primes
                0x00000080043f04c8                _binary_obj_user_primes_start
                0x0000008004400d58                _binary_obj_user_primes_end
                0x0000008004400d58                PROVIDE (edata = .)

.got            0x0000008004400d58        0x0 load address 0x0000000000400d58
 .got           0x0000008004400d58        0x0 obj/kern/bootstrap.o

.got.plt        0x0000008004400d58        0x0 load address 0x0000000000400d58
 .got.plt       0x0000008004400d58        0x0 obj/kern/bootstrap.o

.igot.plt       0x0000008004400d58        0x0 load address 0x0000000000400d58
 .igot.plt      0x0000008004400d58        0x0 obj/kern/bootstrap.o

.bss            0x0000008004401000    0x84010 load address 0x0000000000401000
 *(EXCLUDE_FILE(obj/kern/bootstrap.o) .bss)
 .bss           0x0000008004401000        0x0 obj/kern/entry.o
 .bss           0x0000008004401000        0x0 obj/kern/init.o
 .bss           0x0000008004401000      0x22c obj/kern/console.o
 .bss           0x000000800440122c        0x0 obj/kern/monitor.o
 *fill*         0x000000800440122c        0x4 
 .bss           0x0000008004401230       0x20 obj/kern/pmap.o
 .bss           0x0000008004401250       0x10 obj/kern/env.o
                0x0000008004401250                envs
 .bss           0x0000008004401260        0x0 obj/kern/kclock.o
 .bss           0x0000008004401260        0x1 obj/kern/picirq.o
 .bss           0x0000008004401261        0x0 obj/kern/printf.o
 *fill*         0x0000008004401261       0x1f 
 .bss           0x0000008004401280     0x1018 obj/kern/trap.o
                0x0000008004401280                idt
                0x0000008004402280                idt_pd
 .bss           0x0000008004402298        0x0 obj/kern/trapentry.o
 .bss           0x0000008004402298        0x0 obj/kern/sched.o
 .bss           0x0000008004402298        0x0 obj/kern/syscall.o
 .bss           0x0000008004402298        0x8 obj/kern/kdebug.o
 .bss           0x00000080044022a0        0x0 obj/kern/printfmt.o
 .bss           0x00000080044022a0      0x400 obj/kern/readline.o
 .bss           0x00000080044026a0        0x0 obj/kern/string.o
 .bss           0x00000080044026a0        0x0 obj/kern/libdwarf_rw.o
 .bss           0x00000080044026a0       0x68 obj/kern/libdwarf_frame.o
                0x00000080044026a0                global_rt_table
                0x00000080044026e0                global_rt_table_shadow
 .bss           0x0000008004402708        0x0 obj/kern/libdwarf_lineno.o
 .bss           0x0000008004402708        0x0 obj/kern/elf_rw.o
 .bss           0x0000008004402708        0x0 obj/kern/mpentry.o
 .bss           0x0000008004402708        0x0 obj/kern/mpconfig.o
 .bss           0x0000008004402708        0x0 obj/kern/lapic.o
 .bss           0x0000008004402708        0x0 obj/kern/spinlock.o
 COMMON         0x0000008004402708       0x18 obj/kern/init.o
                0x0000008004402708                end_debug
                0x0000008004402710                panicstr
                0x0000008004402718                mpentry_kstack
 COMMON         0x0000008004402720       0x20 obj/kern/pmap.o
                0x0000008004402720                boot_cr3
                0x0000008004402728                boot_pml4e
                0x0000008004402730                npages
                0x0000008004402738                pages
 COMMON         0x0000008004402740       0x68 obj/kern/trap.o
                0x0000008004402740                ts
 *fill*         0x00000080044027a8       0x18 
 COMMON         0x00000080044027c0      0x160 obj/kern/kdebug.o
                0x00000080044027c0                mydebug
                0x0000008004402820                _cie
                0x00000080044028a0                _fde
 COMMON         0x0000008004402920      0xc70 obj/kern/libdwarf_frame.o
                0x0000008004402920                global_rules_shadow
                0x0000008004402f60                global_rules
 *fill*         0x0000008004403590       0x10 
 COMMON         0x00000080044035a0      0x200 obj/kern/libdwarf_lineno.o
                0x00000080044035a0                global_std_op
 *fill*         0x00000080044037a0      0x860 
 COMMON         0x0000008004404000    0x81000 obj/kern/mpconfig.o
                0x0000008004404000                ismp
                0x0000008004404020                cpus
                0x00000080044043e0                bootcpu
                0x00000080044043e8                ncpu
                0x0000008004405000                percpu_kstacks
 COMMON         0x0000008004485000       0x10 obj/kern/lapic.o
                0x0000008004485000                lapicaddr
                0x0000008004485008                lapic
                0x0000008004485010                PROVIDE (end = .)

.debug
 *(.debug)

.line
 *(.line)

.debug_srcinfo
 *(.debug_srcinfo)

.debug_sfnames
 *(.debug_sfnames)

.debug_aranges  0x0000000000000000      0x4e0
 *(.debug_aranges)
 .debug_aranges
                0x0000000000000000       0x30 obj/kern/bootstrap.o
 .debug_aranges
                0x0000000000000030       0x30 obj/kern/entry.o
 .debug_aranges
                0x0000000000000060       0x30 obj/kern/init.o
 .debug_aranges
                0x0000000000000090       0x30 obj/kern/console.o
 .debug_aranges
                0x00000000000000c0       0x30 obj/kern/monitor.o
 .debug_aranges
                0x00000000000000f0       0x30 obj/kern/pmap.o
 .debug_aranges
                0x0000000000000120       0x30 obj/kern/env.o
 .debug_aranges
                0x0000000000000150       0x30 obj/kern/kclock.o
 .debug_aranges
                0x0000000000000180       0x30 obj/kern/picirq.o
 .debug_aranges
                0x00000000000001b0       0x30 obj/kern/printf.o
 .debug_aranges
                0x00000000000001e0       0x30 obj/kern/trap.o
 .debug_aranges
                0x0000000000000210       0x30 obj/kern/trapentry.o
 .debug_aranges
                0x0000000000000240       0x30 obj/kern/sched.o
 .debug_aranges
                0x0000000000000270       0x30 obj/kern/syscall.o
 .debug_aranges
                0x00000000000002a0       0x30 obj/kern/kdebug.o
 .debug_aranges
                0x00000000000002d0       0x30 obj/kern/printfmt.o
 .debug_aranges
                0x0000000000000300       0x30 obj/kern/readline.o
 .debug_aranges
                0x0000000000000330       0x30 obj/kern/string.o
 .debug_aranges
                0x0000000000000360       0x30 obj/kern/libdwarf_rw.o
 .debug_aranges
                0x0000000000000390       0x30 obj/kern/libdwarf_frame.o
 .debug_aranges
                0x00000000000003c0       0x30 obj/kern/libdwarf_lineno.o
 .debug_aranges
                0x00000000000003f0       0x30 obj/kern/elf_rw.o
 .debug_aranges
                0x0000000000000420       0x30 obj/kern/mpentry.o
 .debug_aranges
                0x0000000000000450       0x30 obj/kern/mpconfig.o
 .debug_aranges
                0x0000000000000480       0x30 obj/kern/lapic.o
 .debug_aranges
                0x00000000000004b0       0x30 obj/kern/spinlock.o

.debug_pubnames
 *(.debug_pubnames)

.debug_info     0x0000000000000000    0x19743
 *(.debug_info .gnu.linkonce.wi.*)
 .debug_info    0x0000000000000000       0x2e obj/kern/bootstrap.o
 .debug_info    0x000000000000002e       0x2e obj/kern/entry.o
 .debug_info    0x000000000000005c     0x10a9 obj/kern/init.o
 .debug_info    0x0000000000001105      0xf21 obj/kern/console.o
 .debug_info    0x0000000000002026      0xcfa obj/kern/monitor.o
 .debug_info    0x0000000000002d20     0x5dd7 obj/kern/pmap.o
 .debug_info    0x0000000000008af7     0x19b3 obj/kern/env.o
 .debug_info    0x000000000000a4aa      0x1f3 obj/kern/kclock.o
 .debug_info    0x000000000000a69d      0x4a9 obj/kern/picirq.o
 .debug_info    0x000000000000ab46      0x276 obj/kern/printf.o
 .debug_info    0x000000000000adbc     0x160e obj/kern/trap.o
 .debug_info    0x000000000000c3ca       0x2e obj/kern/trapentry.o
 .debug_info    0x000000000000c3f8      0xb22 obj/kern/sched.o
 .debug_info    0x000000000000cf1a     0x140b obj/kern/syscall.o
 .debug_info    0x000000000000e325     0x1c25 obj/kern/kdebug.o
 .debug_info    0x000000000000ff4a      0x9bc obj/kern/printfmt.o
 .debug_info    0x0000000000010906      0x1cc obj/kern/readline.o
 .debug_info    0x0000000000010ad2      0x766 obj/kern/string.o
 .debug_info    0x0000000000011238     0x1fdc obj/kern/libdwarf_rw.o
 .debug_info    0x0000000000013214     0x1cee obj/kern/libdwarf_frame.o
 .debug_info    0x0000000000014f02     0x12a2 obj/kern/libdwarf_lineno.o
 .debug_info    0x00000000000161a4      0xd69 obj/kern/elf_rw.o
 .debug_info    0x0000000000016f0d       0x2e obj/kern/mpentry.o
 .debug_info    0x0000000000016f3b     0x1016 obj/kern/mpconfig.o
 .debug_info    0x0000000000017f51      0xbd7 obj/kern/lapic.o
 .debug_info    0x0000000000018b28      0xc1b obj/kern/spinlock.o

.debug_abbrev   0x0000000000000000     0x3424
 *(.debug_abbrev)
 .debug_abbrev  0x0000000000000000       0x14 obj/kern/bootstrap.o
 .debug_abbrev  0x0000000000000014       0x14 obj/kern/entry.o
 .debug_abbrev  0x0000000000000028      0x2ca obj/kern/init.o
 .debug_abbrev  0x00000000000002f2      0x2e9 obj/kern/console.o
 .debug_abbrev  0x00000000000005db      0x260 obj/kern/monitor.o
 .debug_abbrev  0x000000000000083b      0x383 obj/kern/pmap.o
 .debug_abbrev  0x0000000000000bbe      0x384 obj/kern/env.o
 .debug_abbrev  0x0000000000000f42      0x102 obj/kern/kclock.o
 .debug_abbrev  0x0000000000001044      0x115 obj/kern/picirq.o
 .debug_abbrev  0x0000000000001159      0x107 obj/kern/printf.o
 .debug_abbrev  0x0000000000001260      0x347 obj/kern/trap.o
 .debug_abbrev  0x00000000000015a7       0x14 obj/kern/trapentry.o
 .debug_abbrev  0x00000000000015bb      0x238 obj/kern/sched.o
 .debug_abbrev  0x00000000000017f3      0x294 obj/kern/syscall.o
 .debug_abbrev  0x0000000000001a87      0x344 obj/kern/kdebug.o
 .debug_abbrev  0x0000000000001dcb      0x265 obj/kern/printfmt.o
 .debug_abbrev  0x0000000000002030       0xe5 obj/kern/readline.o
 .debug_abbrev  0x0000000000002115      0x17e obj/kern/string.o
 .debug_abbrev  0x0000000000002293      0x277 obj/kern/libdwarf_rw.o
 .debug_abbrev  0x000000000000250a      0x2d4 obj/kern/libdwarf_frame.o
 .debug_abbrev  0x00000000000027de      0x2a6 obj/kern/libdwarf_lineno.o
 .debug_abbrev  0x0000000000002a84      0x21f obj/kern/elf_rw.o
 .debug_abbrev  0x0000000000002ca3       0x14 obj/kern/mpentry.o
 .debug_abbrev  0x0000000000002cb7      0x298 obj/kern/mpconfig.o
 .debug_abbrev  0x0000000000002f4f      0x22e obj/kern/lapic.o
 .debug_abbrev  0x000000000000317d      0x2a7 obj/kern/spinlock.o

.debug_line     0x0000000000000000     0x3c92
 *(.debug_line)
 .debug_line    0x0000000000000000       0x99 obj/kern/bootstrap.o
 .debug_line    0x0000000000000099       0x51 obj/kern/entry.o
 .debug_line    0x00000000000000ea      0x1f5 obj/kern/init.o
 .debug_line    0x00000000000002df      0x2b6 obj/kern/console.o
 .debug_line    0x0000000000000595      0x1a1 obj/kern/monitor.o
 .debug_line    0x0000000000000736      0xe85 obj/kern/pmap.o
 .debug_line    0x00000000000015bb      0x3c0 obj/kern/env.o
 .debug_line    0x000000000000197b       0x86 obj/kern/kclock.o
 .debug_line    0x0000000000001a01       0xc1 obj/kern/picirq.o
 .debug_line    0x0000000000001ac2       0x87 obj/kern/printf.o
 .debug_line    0x0000000000001b49      0x2de obj/kern/trap.o
 .debug_line    0x0000000000001e27       0x65 obj/kern/trapentry.o
 .debug_line    0x0000000000001e8c      0x1c0 obj/kern/sched.o
 .debug_line    0x000000000000204c      0x22d obj/kern/syscall.o
 .debug_line    0x0000000000002279      0x231 obj/kern/kdebug.o
 .debug_line    0x00000000000024aa      0x1ce obj/kern/printfmt.o
 .debug_line    0x0000000000002678       0x8f obj/kern/readline.o
 .debug_line    0x0000000000002707      0x1ec obj/kern/string.o
 .debug_line    0x00000000000028f3      0x48c obj/kern/libdwarf_rw.o
 .debug_line    0x0000000000002d7f      0x531 obj/kern/libdwarf_frame.o
 .debug_line    0x00000000000032b0      0x22c obj/kern/libdwarf_lineno.o
 .debug_line    0x00000000000034dc      0x245 obj/kern/elf_rw.o
 .debug_line    0x0000000000003721       0x74 obj/kern/mpentry.o
 .debug_line    0x0000000000003795      0x1fa obj/kern/mpconfig.o
 .debug_line    0x000000000000398f      0x16e obj/kern/lapic.o
 .debug_line    0x0000000000003afd      0x195 obj/kern/spinlock.o

.debug_frame
 *(.debug_frame)

.debug_str      0x0000000000000000     0x291a
 *(.debug_str)
 .debug_str     0x0000000000000000       0x2f obj/kern/bootstrap.o
 .debug_str     0x000000000000002f        0xd obj/kern/entry.o
                                         0x2b (size before relaxing)
 .debug_str     0x000000000000003c      0x79f obj/kern/init.o
                                        0x84c (size before relaxing)
 .debug_str     0x00000000000007db      0x147 obj/kern/console.o
                                        0x2ee (size before relaxing)
 .debug_str     0x0000000000000922      0x190 obj/kern/monitor.o
                                        0x520 (size before relaxing)
 .debug_str     0x0000000000000ab2      0x542 obj/kern/pmap.o
                                        0xb75 (size before relaxing)
 .debug_str     0x0000000000000ff4      0x1db obj/kern/env.o
                                        0x9a0 (size before relaxing)
 .debug_str     0x00000000000011cf       0x23 obj/kern/kclock.o
                                        0x180 (size before relaxing)
 .debug_str     0x00000000000011f2       0x1b obj/kern/picirq.o
                                        0x1bc (size before relaxing)
 .debug_str     0x000000000000120d       0x18 obj/kern/printf.o
                                        0x1e3 (size before relaxing)
 .debug_str     0x0000000000001225       0xe3 obj/kern/trap.o
                                        0x812 (size before relaxing)
 .debug_str     0x0000000000001308       0x11 obj/kern/trapentry.o
                                         0x2f (size before relaxing)
 .debug_str     0x0000000000001319       0x32 obj/kern/sched.o
                                        0x673 (size before relaxing)
 .debug_str     0x000000000000134b      0x1cb obj/kern/syscall.o
                                        0x952 (size before relaxing)
 .debug_str     0x0000000000001516      0xa06 obj/kern/kdebug.o
                                       0x1154 (size before relaxing)
 .debug_str     0x0000000000001f1c       0x97 obj/kern/printfmt.o
                                        0x328 (size before relaxing)
 .debug_str     0x0000000000001fb3       0x1e obj/kern/readline.o
                                        0x134 (size before relaxing)
 .debug_str     0x0000000000001fd1       0x6b obj/kern/string.o
                                        0x20e (size before relaxing)
 .debug_str     0x000000000000203c      0x212 obj/kern/libdwarf_rw.o
                                        0xc5d (size before relaxing)
 .debug_str     0x000000000000224e      0x27a obj/kern/libdwarf_frame.o
                                        0xbf3 (size before relaxing)
 .debug_str     0x00000000000024c8      0x1ae obj/kern/libdwarf_lineno.o
                                        0xc30 (size before relaxing)
 .debug_str     0x0000000000002676      0x17a obj/kern/elf_rw.o
                                        0x4b6 (size before relaxing)
 .debug_str     0x00000000000027f0        0xf obj/kern/mpentry.o
                                         0x2d (size before relaxing)
 .debug_str     0x00000000000027ff       0xa4 obj/kern/mpconfig.o
                                        0x614 (size before relaxing)
 .debug_str     0x00000000000028a3       0x40 obj/kern/lapic.o
                                        0x57e (size before relaxing)
 .debug_str     0x00000000000028e3       0x37 obj/kern/spinlock.o
                                        0x653 (size before relaxing)

.debug_loc      0x0000000000000000    0x1942b
 *(.debug_loc)
 .debug_loc     0x0000000000000000      0x608 obj/kern/init.o
 .debug_loc     0x0000000000000608     0x14aa obj/kern/console.o
 .debug_loc     0x0000000000001ab2      0xa4c obj/kern/monitor.o
 .debug_loc     0x00000000000024fe     0x5660 obj/kern/pmap.o
 .debug_loc     0x0000000000007b5e     0x17c0 obj/kern/env.o
 .debug_loc     0x000000000000931e      0x1dc obj/kern/kclock.o
 .debug_loc     0x00000000000094fa      0x5dd obj/kern/picirq.o
 .debug_loc     0x0000000000009ad7      0x2be obj/kern/printf.o
 .debug_loc     0x0000000000009d95      0x73b obj/kern/trap.o
 .debug_loc     0x000000000000a4d0      0x3ed obj/kern/sched.o
 .debug_loc     0x000000000000a8bd     0x1a52 obj/kern/syscall.o
 .debug_loc     0x000000000000c30f      0x9a7 obj/kern/kdebug.o
 .debug_loc     0x000000000000ccb6      0xd3c obj/kern/printfmt.o
 .debug_loc     0x000000000000d9f2      0x23b obj/kern/readline.o
 .debug_loc     0x000000000000dc2d     0x1996 obj/kern/string.o
 .debug_loc     0x000000000000f5c3     0x341b obj/kern/libdwarf_rw.o
 .debug_loc     0x00000000000129de     0x2da1 obj/kern/libdwarf_frame.o
 .debug_loc     0x000000000001577f     0x13e7 obj/kern/libdwarf_lineno.o
 .debug_loc     0x0000000000016b66     0x13ba obj/kern/elf_rw.o
 .debug_loc     0x0000000000017f20      0xb55 obj/kern/mpconfig.o
 .debug_loc     0x0000000000018a75      0x556 obj/kern/lapic.o
 .debug_loc     0x0000000000018fcb      0x460 obj/kern/spinlock.o

.comment        0x0000000000000000       0x29
 .comment       0x0000000000000000       0x29 obj/kern/init.o
                                         0x2a (size before relaxing)
 .comment       0x0000000000000029       0x2a obj/kern/console.o
 .comment       0x0000000000000029       0x2a obj/kern/monitor.o
 .comment       0x0000000000000029       0x2a obj/kern/pmap.o
 .comment       0x0000000000000029       0x2a obj/kern/env.o
 .comment       0x0000000000000029       0x2a obj/kern/kclock.o
 .comment       0x0000000000000029       0x2a obj/kern/picirq.o
 .comment       0x0000000000000029       0x2a obj/kern/printf.o
 .comment       0x0000000000000029       0x2a obj/kern/trap.o
 .comment       0x0000000000000029       0x2a obj/kern/sched.o
 .comment       0x0000000000000029       0x2a obj/kern/syscall.o
 .comment       0x0000000000000029       0x2a obj/kern/kdebug.o
 .comment       0x0000000000000029       0x2a obj/kern/printfmt.o
 .comment       0x0000000000000029       0x2a obj/kern/readline.o
 .comment       0x0000000000000029       0x2a obj/kern/string.o
 .comment       0x0000000000000029       0x2a obj/kern/libdwarf_rw.o
 .comment       0x0000000000000029       0x2a obj/kern/libdwarf_frame.o
 .comment       0x0000000000000029       0x2a obj/kern/libdwarf_lineno.o
 .comment       0x0000000000000029       0x2a obj/kern/elf_rw.o
 .comment       0x0000000000000029       0x2a obj/kern/mpconfig.o
 .comment       0x0000000000000029       0x2a obj/kern/lapic.o
 .comment       0x0000000000000029       0x2a obj/kern/spinlock.o

.debug_macinfo
 *(.debug_macinfo)

.debug_weaknames
 *(.debug_weaknames)

.debug_funcnames
 *(.debug_funcnames)

.debug_typenames
 *(.debug_typenames)

.debug_varnames
 *(.debug_varnames)

/DISCARD/
 *(.note.GNU-stack)
LOAD obj/kern/entry.o
LOAD obj/kern/bootstrap.o
LOAD obj/kern/init.o
LOAD obj/kern/console.o
LOAD obj/kern/monitor.o
LOAD obj/kern/pmap.o
LOAD obj/kern/env.o
LOAD obj/kern/kclock.o
LOAD obj/kern/picirq.o
LOAD obj/kern/printf.o
LOAD obj/kern/trap.o
LOAD obj/kern/trapentry.o
LOAD obj/kern/sched.o
LOAD obj/kern/syscall.o
LOAD obj/kern/kdebug.o
LOAD obj/kern/printfmt.o
LOAD obj/kern/readline.o
LOAD obj/kern/string.o
LOAD obj/kern/libdwarf_rw.o
LOAD obj/kern/libdwarf_frame.o
LOAD obj/kern/libdwarf_lineno.o
LOAD obj/kern/elf_rw.o
LOAD obj/kern/mpentry.o
LOAD obj/kern/mpconfig.o
LOAD obj/kern/lapic.o
LOAD obj/kern/spinlock.o
LOAD /usr/lib/gcc/x86_64-linux-gnu/7/libgcc.a
TARGET(binary)
LOAD obj/user/hello
LOAD obj/user/buggyhello
LOAD obj/user/buggyhello2
LOAD obj/user/evilhello
LOAD obj/user/testbss
LOAD obj/user/divzero
LOAD obj/user/breakpoint
LOAD obj/user/softint
LOAD obj/user/badsegment
LOAD obj/user/faultread
LOAD obj/user/faultreadkernel
LOAD obj/user/faultwrite
LOAD obj/user/faultwritekernel
LOAD obj/user/idle
LOAD obj/user/yield
LOAD obj/user/dumbfork
LOAD obj/user/stresssched
LOAD obj/user/faultdie
LOAD obj/user/faultregs
LOAD obj/user/faultalloc
LOAD obj/user/faultallocbad
LOAD obj/user/faultnostack
LOAD obj/user/faultbadhandler
LOAD obj/user/faultevilhandler
LOAD obj/user/forktree
LOAD obj/user/sendpage
LOAD obj/user/spin
LOAD obj/user/fairness
LOAD obj/user/pingpong
LOAD obj/user/pingpongs
LOAD obj/user/primes
OUTPUT(obj/kern/kernel elf64-x86-64)

.debug_ranges   0x0000000000000000       0x30
 .debug_ranges  0x0000000000000000       0x30 obj/kern/string.o
