
Allocating common symbols
Common symbol       size              file

global_rules_shadow
                    0x630             obj/kern/libdwarf_frame.o
ts                  0x68              obj/kern/trap.o
end_debug           0x8               obj/kern/init.o
mydebug             0x60              obj/kern/kdebug.o
panicstr            0x8               obj/kern/init.o
boot_cr3            0x8               obj/kern/pmap.o
global_std_op       0x200             obj/kern/libdwarf_lineno.o
_cie                0x78              obj/kern/kdebug.o
global_rules        0x630             obj/kern/libdwarf_frame.o
boot_pml4e          0x8               obj/kern/pmap.o
_fde                0x80              obj/kern/kdebug.o
npages              0x8               obj/kern/pmap.o
pages               0x8               obj/kern/pmap.o

Discarded input sections

 .note.GNU-stack
                0x0000000000000000        0x0 obj/kern/init.o
 .note.GNU-stack
                0x0000000000000000        0x0 obj/kern/console.o
 .note.GNU-stack
                0x0000000000000000        0x0 obj/kern/monitor.o
 .note.GNU-stack
                0x0000000000000000        0x0 obj/kern/pmap.o
 .note.GNU-stack
                0x0000000000000000        0x0 obj/kern/env.o
 .note.GNU-stack
                0x0000000000000000        0x0 obj/kern/kclock.o
 .note.GNU-stack
                0x0000000000000000        0x0 obj/kern/printf.o
 .note.GNU-stack
                0x0000000000000000        0x0 obj/kern/trap.o
 .note.GNU-stack
                0x0000000000000000        0x0 obj/kern/syscall.o
 .note.GNU-stack
                0x0000000000000000        0x0 obj/kern/kdebug.o
 .note.GNU-stack
                0x0000000000000000        0x0 obj/kern/printfmt.o
 .note.GNU-stack
                0x0000000000000000        0x0 obj/kern/readline.o
 .note.GNU-stack
                0x0000000000000000        0x0 obj/kern/string.o
 .note.GNU-stack
                0x0000000000000000        0x0 obj/kern/libdwarf_rw.o
 .note.GNU-stack
                0x0000000000000000        0x0 obj/kern/libdwarf_frame.o
 .note.GNU-stack
                0x0000000000000000        0x0 obj/kern/libdwarf_lineno.o
 .note.GNU-stack
                0x0000000000000000        0x0 obj/kern/elf_rw.o

Memory Configuration

Name             Origin             Length             Attributes
*default*        0x0000000000000000 0xffffffffffffffff

Linker script and memory map

                0x0000000000100000                . = 0x100000

.bootstrap      0x0000000000100000     0x7004
 obj/kern/bootstrap.o(.text .data .bss)
 .text          0x0000000000100000      0x115 obj/kern/bootstrap.o
                0x0000000000100000                _head64
                0x00000000001000e5                jumpto_longmode
 *fill*         0x0000000000100115      0xeeb 
 .data          0x0000000000101000     0x6004 obj/kern/bootstrap.o
                0x0000000000102000                pml4phys
                0x0000000000107000                multiboot_info
 .bss           0x0000000000107004        0x0 obj/kern/bootstrap.o
                0x0000008004200000                . = 0x8004200000

.text           0x0000008004200000    0x11f28 load address 0x0000000000200000
 *(EXCLUDE_FILE(obj/kern/bootstrap.o) .text .stub .text.* .gnu.linkonce.t.*)
 .text          0x0000008004200000       0x58 obj/kern/entry.o
                0x000000800420000c                entry
                0x000000000020000c                _start
 .text          0x0000008004200058      0x316 obj/kern/init.o
                0x0000008004200058                i386_init
                0x0000008004200153                _panic
                0x0000008004200280                _warn
 .text          0x000000800420036e      0xb06 obj/kern/console.o
                0x00000080042003ff                serial_intr
                0x0000008004200c24                kbd_intr
                0x0000008004200cd2                cons_getc
                0x0000008004200dc7                cons_init
                0x0000008004200e21                cputchar
                0x0000008004200e40                getchar
                0x0000008004200e62                iscons
 .text          0x0000008004200e74      0x838 obj/kern/monitor.o
                0x0000008004200e74                mon_help
                0x0000008004200f0e                mon_kerninfo
                0x00000080042010a2                mon_backtrace
                0x000000800420160b                monitor
 .text          0x00000080042016ac     0x53f8 obj/kern/pmap.o
                0x00000080042021ed                x64_vm_init
                0x000000800420265f                page_init
                0x0000008004202a96                page_alloc
                0x0000008004202b91                page_free
                0x0000008004202c10                page_decref
                0x0000008004202c52                pml4e_walk
                0x0000008004202dc9                pdpe_walk
                0x0000008004202f40                pgdir_walk
                0x000000800420318c                page_insert
                0x000000800420324b                page_lookup
                0x00000080042032ba                page_remove
                0x000000800420332e                tlb_invalidate
                0x0000008004203350                user_mem_check
                0x00000080042034c6                user_mem_assert
 .text          0x0000008004206aa4     0x1039 obj/kern/env.o
                0x0000008004206beb                envid2env
                0x0000008004206cdf                env_init
                0x0000008004206de8                env_init_percpu
                0x0000008004206f18                env_alloc
                0x00000080042071c6                load_icode
                0x0000008004207395                env_create
                0x00000080042073e6                env_free
                0x00000080042078c7                env_destroy
                0x0000008004207914                env_pop_tf
                0x00000080042079ad                env_run
 .text          0x0000008004207add       0x7d obj/kern/kclock.o
                0x0000008004207add                mc146818_read
                0x0000008004207b19                mc146818_write
 .text          0x0000008004207b5a      0x166 obj/kern/printf.o
                0x0000008004207b89                vcprintf
                0x0000008004207be8                cprintf
 .text          0x0000008004207cc0     0x21d2 obj/kern/trap.o
                0x0000008004207d07                trap_init
                0x0000008004209272                trap_init_percpu
                0x00000080042094b7                print_trapframe
                0x00000080042097bb                print_regs
                0x0000008004209b26                trap
                0x0000008004209daf                page_fault_handler
 .text          0x0000008004209e92      0x153 obj/kern/trapentry.o
                0x0000008004209e92                XTRPX_divzero
                0x0000008004209e98                XTRPX_debug
                0x0000008004209e9e                XTRPX_nmint
                0x0000008004209ea4                XTRPX_brkpt
                0x0000008004209eaa                XTRPX_oflow
                0x0000008004209eb0                XTRPX_bound
                0x0000008004209eb6                XTRPX_illop
                0x0000008004209ebc                XTRPX_device
                0x0000008004209ec2                XTRPX_dblflt
                0x0000008004209ec6                XTRPX_tss
                0x0000008004209eca                XTRPX_segnp
                0x0000008004209ece                XTRPX_stack
                0x0000008004209ed2                XTRPX_gpflt
                0x0000008004209ed6                XTRPX_pgflt
                0x0000008004209eda                XTRPX_fperr
                0x0000008004209ee0                XTRPX_align
                0x0000008004209ee4                XTRPX_mchk
                0x0000008004209eea                XTRPX_simderr
                0x0000008004209ef0                XTRPX_syscall
                0x0000008004209ef6                XTRPX_default
 .text          0x0000008004209fe5      0x210 obj/kern/syscall.o
                0x000000800420a147                syscall
 .text          0x000000800420a1f5      0xb44 obj/kern/kdebug.o
                0x000000800420a1f5                list_func_die
                0x000000800420a91c                debuginfo_rip
 .text          0x000000800420ad39      0xa4c obj/kern/printfmt.o
                0x000000800420afff                vprintfmt
                0x000000800420b505                printfmt
                0x000000800420b607                vsnprintf
                0x000000800420b6a4                snprintf
 .text          0x000000800420b785      0x153 obj/kern/readline.o
                0x000000800420b785                readline
 .text          0x000000800420b8d8      0x7c6 obj/kern/string.o
                0x000000800420b8d8                strlen
                0x000000800420b906                strnlen
                0x000000800420b944                strcpy
                0x000000800420b987                strcat
                0x000000800420b9d6                strncpy
                0x000000800420ba36                strlcpy
                0x000000800420baa6                strcmp
                0x000000800420baf9                strncmp
                0x000000800420bb6a                strchr
                0x000000800420bba6                strfind
                0x000000800420bbde                memset
                0x000000800420bc69                memmove
                0x000000800420bd80                memcpy
                0x000000800420bdb4                memcmp
                0x000000800420be28                memfind
                0x000000800420be72                strtol
                0x000000800420c003                strstr
 .text          0x000000800420c09e     0x1e8c obj/kern/libdwarf_rw.o
                0x000000800420c09e                _dwarf_read_lsb
                0x000000800420c1ca                _dwarf_decode_lsb
                0x000000800420c2eb                _dwarf_read_msb
                0x000000800420c49d                _dwarf_decode_msb
                0x000000800420c64c                _dwarf_read_sleb128
                0x000000800420c6f0                _dwarf_read_uleb128
                0x000000800420c76f                _dwarf_decode_sleb128
                0x000000800420c801                _dwarf_decode_uleb128
                0x000000800420c86e                _dwarf_read_string
                0x000000800420c8fd                _dwarf_read_block
                0x000000800420c946                _dwarf_elf_get_byte_order
                0x000000800420c9b4                _dwarf_elf_get_pointer_size
                0x000000800420ca1e                _dwarf_init
                0x000000800420cafa                _get_next_cu
                0x000000800420cc9b                print_cu
                0x000000800420ccd3                _dwarf_abbrev_parse
                0x000000800420cf56                _dwarf_abbrev_find
                0x000000800420d060                _dwarf_attr_init
                0x000000800420d6fa                dwarf_search_die_within_cu
                0x000000800420d9d6                dwarf_offdie
                0x000000800420dab8                _dwarf_attr_find
                0x000000800420db4b                dwarf_siblingof
                0x000000800420dd4d                dwarf_child
                0x000000800420decd                _dwarf_find_section_enhanced
 .text          0x000000800420df2a     0x25f3 obj/kern/libdwarf_frame.o
                0x000000800420df2a                _dwarf_frame_params_init
                0x000000800420df6b                dwarf_get_fde_at_pc
                0x000000800420e03b                _dwarf_frame_regtable_copy
                0x000000800420effe                _dwarf_frame_get_internal_table
                0x000000800420f26a                dwarf_get_fde_info_for_all_regs
                0x0000008004210186                _dwarf_frame_interal_table_init
                0x0000008004210445                dwarf_set_frame_cfa_value
                0x0000008004210475                dwarf_init_eh_section
 .text          0x000000800421051d      0xcdb obj/kern/libdwarf_lineno.o
                0x0000008004210b0c                _dwarf_lineno_init
                0x000000800421107d                dwarf_srclines
 .text          0x00000080042111f8      0xd30 obj/kern/elf_rw.o
                0x00000080042111f8                _dwarf_find_section
                0x0000008004211278                find_debug_sections
                0x0000008004211542                read_section_headers
                0x0000008004211c9b                readseg
                0x0000008004211e00                waitdisk
                0x0000008004211e2d                readsect
                0x0000008004211f28                PROVIDE (etext = .)

.iplt           0x0000008004211f28        0x0 load address 0x0000000000211f28
 .iplt          0x0000008004211f28        0x0 obj/kern/bootstrap.o

.rodata         0x0000008004211f40     0x22cf load address 0x0000000000211f40
 *(EXCLUDE_FILE(obj/kern/bootstrap.o) .rodata .rodata.* .gnu.linkonce.r.*)
 .rodata        0x0000008004211f40       0x4f obj/kern/init.o
 .rodata        0x0000008004211f8f       0x29 obj/kern/console.o
 .rodata        0x0000008004211fb8      0x281 obj/kern/monitor.o
 *fill*         0x0000008004212239        0x7 
 .rodata        0x0000008004212240      0xd0c obj/kern/pmap.o
 *fill*         0x0000008004212f4c        0x4 
 .rodata        0x0000008004212f50      0x102 obj/kern/env.o
 *fill*         0x0000008004213052        0xe 
 .rodata        0x0000008004213060      0x4c0 obj/kern/trap.o
 .rodata        0x0000008004213520       0x60 obj/kern/syscall.o
 .rodata        0x0000008004213580      0x378 obj/kern/kdebug.o
 *fill*         0x00000080042138f8        0x8 
 .rodata        0x0000008004213900      0x408 obj/kern/printfmt.o
 .rodata        0x0000008004213d08       0x13 obj/kern/readline.o
 *fill*         0x0000008004213d1b        0x5 
 .rodata        0x0000008004213d20      0x1ab obj/kern/libdwarf_rw.o
 *fill*         0x0000008004213ecb        0x5 
 .rodata        0x0000008004213ed0      0x1d8 obj/kern/libdwarf_frame.o
 .rodata        0x00000080042140a8       0xc3 obj/kern/libdwarf_lineno.o
 .rodata        0x000000800421416b       0xa4 obj/kern/elf_rw.o

.eh_frame       0x0000008004214210     0x14f0 load address 0x0000000000214210
 .eh_frame      0x0000008004214210       0x70 obj/kern/init.o
 .eh_frame      0x0000008004214280      0x240 obj/kern/console.o
                                        0x258 (size before relaxing)
 .eh_frame      0x00000080042144c0       0xa0 obj/kern/monitor.o
                                         0xb8 (size before relaxing)
 .eh_frame      0x0000008004214560      0x3d0 obj/kern/pmap.o
                                        0x3e8 (size before relaxing)
 .eh_frame      0x0000008004214930      0x1f8 obj/kern/env.o
                                        0x210 (size before relaxing)
 .eh_frame      0x0000008004214b28       0x40 obj/kern/kclock.o
                                         0x58 (size before relaxing)
 .eh_frame      0x0000008004214b68       0x60 obj/kern/printf.o
                                         0x78 (size before relaxing)
 .eh_frame      0x0000008004214bc8      0x100 obj/kern/trap.o
                                        0x118 (size before relaxing)
 .eh_frame      0x0000008004214cc8       0xa0 obj/kern/syscall.o
                                         0xb8 (size before relaxing)
 .eh_frame      0x0000008004214d68       0x40 obj/kern/kdebug.o
                                         0x58 (size before relaxing)
 .eh_frame      0x0000008004214da8      0x110 obj/kern/printfmt.o
                                        0x128 (size before relaxing)
 .eh_frame      0x0000008004214eb8       0x20 obj/kern/readline.o
                                         0x38 (size before relaxing)
 .eh_frame      0x0000008004214ed8      0x220 obj/kern/string.o
                                        0x238 (size before relaxing)
 .eh_frame      0x00000080042150f8      0x300 obj/kern/libdwarf_rw.o
                                        0x318 (size before relaxing)
 .eh_frame      0x00000080042153f8      0x1c8 obj/kern/libdwarf_frame.o
                                        0x1e0 (size before relaxing)
 .eh_frame      0x00000080042155c0       0x80 obj/kern/libdwarf_lineno.o
                                         0x98 (size before relaxing)
 .eh_frame      0x0000008004215640       0xc0 obj/kern/elf_rw.o
                                         0xd8 (size before relaxing)

.rela.dyn       0x0000008004215700        0x0 load address 0x0000000000215700
 .rela.got      0x0000008004215700        0x0 obj/kern/bootstrap.o
 .rela.iplt     0x0000008004215700        0x0 obj/kern/bootstrap.o
 .rela.text     0x0000008004215700        0x0 obj/kern/bootstrap.o
 .rela.data     0x0000008004215700        0x0 obj/kern/bootstrap.o
                0x0000008004216000                . = ALIGN (0x1000)

.data           0x0000008004216000    0xbda10 load address 0x0000000000216000
 *(EXCLUDE_FILE(obj/kern/bootstrap.o) .data)
 .data          0x0000008004216000    0x10042 obj/kern/entry.o
                0x0000008004216000                bootstack
                0x0000008004226000                kernel_64
                0x0000008004226000                bootstacktop
                0x0000008004226038                gdtdesc_64
 .data          0x0000008004226042        0x0 obj/kern/init.o
 *fill*         0x0000008004226042       0x1e 
 .data          0x0000008004226060      0x520 obj/kern/console.o
 .data          0x0000008004226580       0x48 obj/kern/monitor.o
 .data          0x00000080042265c8        0x0 obj/kern/pmap.o
 *fill*         0x00000080042265c8       0x18 
 .data          0x00000080042265e0       0x42 obj/kern/env.o
                0x00000080042265e0                gdt
                0x0000008004226618                gdt_pd
 .data          0x0000008004226622        0x0 obj/kern/kclock.o
 .data          0x0000008004226622        0x0 obj/kern/printf.o
 .data          0x0000008004226622        0x0 obj/kern/trap.o
 .data          0x0000008004226622        0x0 obj/kern/trapentry.o
 .data          0x0000008004226622        0x0 obj/kern/syscall.o
 *fill*         0x0000008004226622        0x6 
 .data          0x0000008004226628       0x18 obj/kern/kdebug.o
                0x0000008004226628                fde
                0x0000008004226630                cie
                0x0000008004226638                dbg
 .data          0x0000008004226640        0x0 obj/kern/printfmt.o
 .data          0x0000008004226640        0x0 obj/kern/readline.o
 .data          0x0000008004226640        0x0 obj/kern/string.o
 .data          0x0000008004226640        0x0 obj/kern/libdwarf_rw.o
 .data          0x0000008004226640       0x20 obj/kern/libdwarf_frame.o
                0x0000008004226640                debug_frame_sec
 .data          0x0000008004226660        0x0 obj/kern/libdwarf_lineno.o
 .data          0x0000008004226660       0xa0 obj/kern/elf_rw.o
                0x0000008004226660                section_info
 .data          0x0000008004226700     0xd590 obj/user/hello
                0x0000008004226700                _binary_obj_user_hello_start
                0x0000008004233c90                _binary_obj_user_hello_end
 .data          0x0000008004233c90     0xd530 obj/user/buggyhello
                0x0000008004233c90                _binary_obj_user_buggyhello_start
                0x00000080042411c0                _binary_obj_user_buggyhello_end
 .data          0x00000080042411c0     0xd588 obj/user/buggyhello2
                0x00000080042411c0                _binary_obj_user_buggyhello2_start
                0x000000800424e748                _binary_obj_user_buggyhello2_end
 .data          0x000000800424e748     0xd540 obj/user/evilhello
                0x000000800424e748                _binary_obj_user_evilhello_start
                0x000000800425bc88                _binary_obj_user_evilhello_end
 .data          0x000000800425bc88     0xd7a8 obj/user/testbss
                0x000000800425bc88                _binary_obj_user_testbss_start
                0x0000008004269430                _binary_obj_user_testbss_end
 .data          0x0000008004269430     0xd5a0 obj/user/divzero
                0x0000008004269430                _binary_obj_user_divzero_start
                0x00000080042769d0                _binary_obj_user_divzero_end
 .data          0x00000080042769d0     0xd448 obj/user/breakpoint
                0x00000080042769d0                _binary_obj_user_breakpoint_start
                0x0000008004283e18                _binary_obj_user_breakpoint_end
 .data          0x0000008004283e18     0xd440 obj/user/softint
                0x0000008004283e18                _binary_obj_user_softint_start
                0x0000008004291258                _binary_obj_user_softint_end
 .data          0x0000008004291258     0xd448 obj/user/badsegment
                0x0000008004291258                _binary_obj_user_badsegment_start
                0x000000800429e6a0                _binary_obj_user_badsegment_end
 .data          0x000000800429e6a0     0xd568 obj/user/faultread
                0x000000800429e6a0                _binary_obj_user_faultread_start
                0x00000080042abc08                _binary_obj_user_faultread_end
 .data          0x00000080042abc08     0xd568 obj/user/faultreadkernel
                0x00000080042abc08                _binary_obj_user_faultreadkernel_start
                0x00000080042b9170                _binary_obj_user_faultreadkernel_end
 .data          0x00000080042b9170     0xd448 obj/user/faultwrite
                0x00000080042b9170                _binary_obj_user_faultwrite_start
                0x00000080042c65b8                _binary_obj_user_faultwrite_end
 .data          0x00000080042c65b8     0xd458 obj/user/faultwritekernel
                0x00000080042c65b8                _binary_obj_user_faultwritekernel_start
                0x00000080042d3a10                _binary_obj_user_faultwritekernel_end
                0x00000080042d3a10                PROVIDE (edata = .)

.got            0x00000080042d3a10        0x0 load address 0x00000000002d3a10
 .got           0x00000080042d3a10        0x0 obj/kern/bootstrap.o

.got.plt        0x00000080042d3a10        0x0 load address 0x00000000002d3a10
 .got.plt       0x00000080042d3a10        0x0 obj/kern/bootstrap.o

.igot.plt       0x00000080042d3a10        0x0 load address 0x00000000002d3a10
 .igot.plt      0x00000080042d3a10        0x0 obj/kern/bootstrap.o

.bss            0x00000080042d3a20     0x27a0 load address 0x00000000002d3a20
 *(EXCLUDE_FILE(obj/kern/bootstrap.o) .bss)
 .bss           0x00000080042d3a20        0x0 obj/kern/entry.o
 .bss           0x00000080042d3a20        0x0 obj/kern/init.o
 .bss           0x00000080042d3a20      0x22c obj/kern/console.o
 .bss           0x00000080042d3c4c        0x0 obj/kern/monitor.o
 *fill*         0x00000080042d3c4c        0x4 
 .bss           0x00000080042d3c50       0x20 obj/kern/pmap.o
 .bss           0x00000080042d3c70       0x18 obj/kern/env.o
                0x00000080042d3c70                envs
                0x00000080042d3c78                curenv
 .bss           0x00000080042d3c88        0x0 obj/kern/kclock.o
 .bss           0x00000080042d3c88        0x0 obj/kern/printf.o
 *fill*         0x00000080042d3c88       0x18 
 .bss           0x00000080042d3ca0     0x1018 obj/kern/trap.o
                0x00000080042d3ca0                idt
                0x00000080042d4ca0                idt_pd
 .bss           0x00000080042d4cb8        0x0 obj/kern/trapentry.o
 .bss           0x00000080042d4cb8        0x0 obj/kern/syscall.o
 .bss           0x00000080042d4cb8        0x8 obj/kern/kdebug.o
 .bss           0x00000080042d4cc0        0x0 obj/kern/printfmt.o
 .bss           0x00000080042d4cc0      0x400 obj/kern/readline.o
 .bss           0x00000080042d50c0        0x0 obj/kern/string.o
 .bss           0x00000080042d50c0        0x0 obj/kern/libdwarf_rw.o
 .bss           0x00000080042d50c0       0x68 obj/kern/libdwarf_frame.o
                0x00000080042d50c0                global_rt_table
                0x00000080042d5100                global_rt_table_shadow
 .bss           0x00000080042d5128        0x0 obj/kern/libdwarf_lineno.o
 .bss           0x00000080042d5128        0x0 obj/kern/elf_rw.o
 COMMON         0x00000080042d5128       0x10 obj/kern/init.o
                0x00000080042d5128                end_debug
                0x00000080042d5130                panicstr
 COMMON         0x00000080042d5138       0x20 obj/kern/pmap.o
                0x00000080042d5138                boot_cr3
                0x00000080042d5140                boot_pml4e
                0x00000080042d5148                npages
                0x00000080042d5150                pages
 *fill*         0x00000080042d5158        0x8 
 COMMON         0x00000080042d5160       0x68 obj/kern/trap.o
                0x00000080042d5160                ts
 *fill*         0x00000080042d51c8       0x18 
 COMMON         0x00000080042d51e0      0x160 obj/kern/kdebug.o
                0x00000080042d51e0                mydebug
                0x00000080042d5240                _cie
                0x00000080042d52c0                _fde
 COMMON         0x00000080042d5340      0xc70 obj/kern/libdwarf_frame.o
                0x00000080042d5340                global_rules_shadow
                0x00000080042d5980                global_rules
 *fill*         0x00000080042d5fb0       0x10 
 COMMON         0x00000080042d5fc0      0x200 obj/kern/libdwarf_lineno.o
                0x00000080042d5fc0                global_std_op
                0x00000080042d61c0                PROVIDE (end = .)

.debug
 *(.debug)

.line
 *(.line)

.debug_srcinfo
 *(.debug_srcinfo)

.debug_sfnames
 *(.debug_sfnames)

.debug_aranges  0x0000000000000000      0x3c0
 *(.debug_aranges)
 .debug_aranges
                0x0000000000000000       0x30 obj/kern/bootstrap.o
 .debug_aranges
                0x0000000000000030       0x30 obj/kern/entry.o
 .debug_aranges
                0x0000000000000060       0x30 obj/kern/init.o
 .debug_aranges
                0x0000000000000090       0x30 obj/kern/console.o
 .debug_aranges
                0x00000000000000c0       0x30 obj/kern/monitor.o
 .debug_aranges
                0x00000000000000f0       0x30 obj/kern/pmap.o
 .debug_aranges
                0x0000000000000120       0x30 obj/kern/env.o
 .debug_aranges
                0x0000000000000150       0x30 obj/kern/kclock.o
 .debug_aranges
                0x0000000000000180       0x30 obj/kern/printf.o
 .debug_aranges
                0x00000000000001b0       0x30 obj/kern/trap.o
 .debug_aranges
                0x00000000000001e0       0x30 obj/kern/trapentry.o
 .debug_aranges
                0x0000000000000210       0x30 obj/kern/syscall.o
 .debug_aranges
                0x0000000000000240       0x30 obj/kern/kdebug.o
 .debug_aranges
                0x0000000000000270       0x30 obj/kern/printfmt.o
 .debug_aranges
                0x00000000000002a0       0x30 obj/kern/readline.o
 .debug_aranges
                0x00000000000002d0       0x30 obj/kern/string.o
 .debug_aranges
                0x0000000000000300       0x30 obj/kern/libdwarf_rw.o
 .debug_aranges
                0x0000000000000330       0x30 obj/kern/libdwarf_frame.o
 .debug_aranges
                0x0000000000000360       0x30 obj/kern/libdwarf_lineno.o
 .debug_aranges
                0x0000000000000390       0x30 obj/kern/elf_rw.o

.debug_pubnames
 *(.debug_pubnames)

.debug_info     0x0000000000000000    0x13bc8
 *(.debug_info .gnu.linkonce.wi.*)
 .debug_info    0x0000000000000000       0x2e obj/kern/bootstrap.o
 .debug_info    0x000000000000002e       0x2e obj/kern/entry.o
 .debug_info    0x000000000000005c      0xa75 obj/kern/init.o
 .debug_info    0x0000000000000ad1      0xee8 obj/kern/console.o
 .debug_info    0x00000000000019b9      0xd4c obj/kern/monitor.o
 .debug_info    0x0000000000002705     0x54a6 obj/kern/pmap.o
 .debug_info    0x0000000000007bab     0x15f9 obj/kern/env.o
 .debug_info    0x00000000000091a4      0x1f3 obj/kern/kclock.o
 .debug_info    0x0000000000009397      0x276 obj/kern/printf.o
 .debug_info    0x000000000000960d     0x1247 obj/kern/trap.o
 .debug_info    0x000000000000a854       0x2e obj/kern/trapentry.o
 .debug_info    0x000000000000a882      0x9b5 obj/kern/syscall.o
 .debug_info    0x000000000000b237     0x19d5 obj/kern/kdebug.o
 .debug_info    0x000000000000cc0c      0x9b5 obj/kern/printfmt.o
 .debug_info    0x000000000000d5c1      0x1cc obj/kern/readline.o
 .debug_info    0x000000000000d78d      0x766 obj/kern/string.o
 .debug_info    0x000000000000def3     0x1fdc obj/kern/libdwarf_rw.o
 .debug_info    0x000000000000fecf     0x1cee obj/kern/libdwarf_frame.o
 .debug_info    0x0000000000011bbd     0x12a2 obj/kern/libdwarf_lineno.o
 .debug_info    0x0000000000012e5f      0xd69 obj/kern/elf_rw.o

.debug_abbrev   0x0000000000000000     0x2747
 *(.debug_abbrev)
 .debug_abbrev  0x0000000000000000       0x14 obj/kern/bootstrap.o
 .debug_abbrev  0x0000000000000014       0x14 obj/kern/entry.o
 .debug_abbrev  0x0000000000000028      0x203 obj/kern/init.o
 .debug_abbrev  0x000000000000022b      0x2ee obj/kern/console.o
 .debug_abbrev  0x0000000000000519      0x241 obj/kern/monitor.o
 .debug_abbrev  0x000000000000075a      0x371 obj/kern/pmap.o
 .debug_abbrev  0x0000000000000acb      0x35c obj/kern/env.o
 .debug_abbrev  0x0000000000000e27      0x102 obj/kern/kclock.o
 .debug_abbrev  0x0000000000000f29      0x107 obj/kern/printf.o
 .debug_abbrev  0x0000000000001030      0x2f0 obj/kern/trap.o
 .debug_abbrev  0x0000000000001320       0x14 obj/kern/trapentry.o
 .debug_abbrev  0x0000000000001334      0x1fc obj/kern/syscall.o
 .debug_abbrev  0x0000000000001530      0x316 obj/kern/kdebug.o
 .debug_abbrev  0x0000000000001846      0x28e obj/kern/printfmt.o
 .debug_abbrev  0x0000000000001ad4       0xe5 obj/kern/readline.o
 .debug_abbrev  0x0000000000001bb9      0x17e obj/kern/string.o
 .debug_abbrev  0x0000000000001d37      0x277 obj/kern/libdwarf_rw.o
 .debug_abbrev  0x0000000000001fae      0x2d4 obj/kern/libdwarf_frame.o
 .debug_abbrev  0x0000000000002282      0x2a6 obj/kern/libdwarf_lineno.o
 .debug_abbrev  0x0000000000002528      0x21f obj/kern/elf_rw.o

.debug_line     0x0000000000000000     0x30f1
 *(.debug_line)
 .debug_line    0x0000000000000000       0x99 obj/kern/bootstrap.o
 .debug_line    0x0000000000000099       0x51 obj/kern/entry.o
 .debug_line    0x00000000000000ea      0x137 obj/kern/init.o
 .debug_line    0x0000000000000221      0x29f obj/kern/console.o
 .debug_line    0x00000000000004c0      0x1a7 obj/kern/monitor.o
 .debug_line    0x0000000000000667      0xd69 obj/kern/pmap.o
 .debug_line    0x00000000000013d0      0x381 obj/kern/env.o
 .debug_line    0x0000000000001751       0x86 obj/kern/kclock.o
 .debug_line    0x00000000000017d7       0x87 obj/kern/printf.o
 .debug_line    0x000000000000185e      0x279 obj/kern/trap.o
 .debug_line    0x0000000000001ad7       0x75 obj/kern/trapentry.o
 .debug_line    0x0000000000001b4c      0x108 obj/kern/syscall.o
 .debug_line    0x0000000000001c54      0x224 obj/kern/kdebug.o
 .debug_line    0x0000000000001e78      0x1d0 obj/kern/printfmt.o
 .debug_line    0x0000000000002048       0x8f obj/kern/readline.o
 .debug_line    0x00000000000020d7      0x1ec obj/kern/string.o
 .debug_line    0x00000000000022c3      0x48c obj/kern/libdwarf_rw.o
 .debug_line    0x000000000000274f      0x531 obj/kern/libdwarf_frame.o
 .debug_line    0x0000000000002c80      0x22c obj/kern/libdwarf_lineno.o
 .debug_line    0x0000000000002eac      0x245 obj/kern/elf_rw.o

.debug_frame
 *(.debug_frame)

.debug_str      0x0000000000000000     0x2467
 *(.debug_str)
 .debug_str     0x0000000000000000       0x32 obj/kern/bootstrap.o
 .debug_str     0x0000000000000032        0xd obj/kern/entry.o
                                         0x2e (size before relaxing)
 .debug_str     0x000000000000003f      0x555 obj/kern/init.o
                                        0x5da (size before relaxing)
 .debug_str     0x0000000000000594      0x14d obj/kern/console.o
                                        0x2d0 (size before relaxing)
 .debug_str     0x00000000000006e1      0x180 obj/kern/monitor.o
                                        0x507 (size before relaxing)
 .debug_str     0x0000000000000861      0x530 obj/kern/pmap.o
                                        0x9e5 (size before relaxing)
 .debug_str     0x0000000000000d91      0x1c9 obj/kern/env.o
                                        0x815 (size before relaxing)
 .debug_str     0x0000000000000f5a       0x23 obj/kern/kclock.o
                                        0x183 (size before relaxing)
 .debug_str     0x0000000000000f7d       0x18 obj/kern/printf.o
                                        0x1e6 (size before relaxing)
 .debug_str     0x0000000000000f95      0x162 obj/kern/trap.o
                                        0x6a1 (size before relaxing)
 .debug_str     0x00000000000010f7       0x11 obj/kern/trapentry.o
                                         0x32 (size before relaxing)
 .debug_str     0x0000000000001108       0x85 obj/kern/syscall.o
                                        0x5f5 (size before relaxing)
 .debug_str     0x000000000000118d      0xa06 obj/kern/kdebug.o
                                       0x1018 (size before relaxing)
 .debug_str     0x0000000000001b93       0x97 obj/kern/printfmt.o
                                        0x316 (size before relaxing)
 .debug_str     0x0000000000001c2a       0x1e obj/kern/readline.o
                                        0x137 (size before relaxing)
 .debug_str     0x0000000000001c48       0x6b obj/kern/string.o
                                        0x211 (size before relaxing)
 .debug_str     0x0000000000001cb3      0x212 obj/kern/libdwarf_rw.o
                                        0xc60 (size before relaxing)
 .debug_str     0x0000000000001ec5      0x27a obj/kern/libdwarf_frame.o
                                        0xbf6 (size before relaxing)
 .debug_str     0x000000000000213f      0x1ae obj/kern/libdwarf_lineno.o
                                        0xc33 (size before relaxing)
 .debug_str     0x00000000000022ed      0x17a obj/kern/elf_rw.o
                                        0x4b9 (size before relaxing)

.debug_loc      0x0000000000000000    0x1580a
 *(.debug_loc)
 .debug_loc     0x0000000000000000      0x329 obj/kern/init.o
 .debug_loc     0x0000000000000329     0x14aa obj/kern/console.o
 .debug_loc     0x00000000000017d3      0x8d0 obj/kern/monitor.o
 .debug_loc     0x00000000000020a3     0x51de obj/kern/pmap.o
 .debug_loc     0x0000000000007281     0x165f obj/kern/env.o
 .debug_loc     0x00000000000088e0      0x1dc obj/kern/kclock.o
 .debug_loc     0x0000000000008abc      0x2be obj/kern/printf.o
 .debug_loc     0x0000000000008d7a      0x67d obj/kern/trap.o
 .debug_loc     0x00000000000093f7      0x802 obj/kern/syscall.o
 .debug_loc     0x0000000000009bf9      0x9a7 obj/kern/kdebug.o
 .debug_loc     0x000000000000a5a0      0xd3c obj/kern/printfmt.o
 .debug_loc     0x000000000000b2dc      0x23b obj/kern/readline.o
 .debug_loc     0x000000000000b517     0x1996 obj/kern/string.o
 .debug_loc     0x000000000000cead     0x341b obj/kern/libdwarf_rw.o
 .debug_loc     0x00000000000102c8     0x2da1 obj/kern/libdwarf_frame.o
 .debug_loc     0x0000000000013069     0x13e7 obj/kern/libdwarf_lineno.o
 .debug_loc     0x0000000000014450     0x13ba obj/kern/elf_rw.o

.comment        0x0000000000000000       0x29
 .comment       0x0000000000000000       0x29 obj/kern/init.o
                                         0x2a (size before relaxing)
 .comment       0x0000000000000029       0x2a obj/kern/console.o
 .comment       0x0000000000000029       0x2a obj/kern/monitor.o
 .comment       0x0000000000000029       0x2a obj/kern/pmap.o
 .comment       0x0000000000000029       0x2a obj/kern/env.o
 .comment       0x0000000000000029       0x2a obj/kern/kclock.o
 .comment       0x0000000000000029       0x2a obj/kern/printf.o
 .comment       0x0000000000000029       0x2a obj/kern/trap.o
 .comment       0x0000000000000029       0x2a obj/kern/syscall.o
 .comment       0x0000000000000029       0x2a obj/kern/kdebug.o
 .comment       0x0000000000000029       0x2a obj/kern/printfmt.o
 .comment       0x0000000000000029       0x2a obj/kern/readline.o
 .comment       0x0000000000000029       0x2a obj/kern/string.o
 .comment       0x0000000000000029       0x2a obj/kern/libdwarf_rw.o
 .comment       0x0000000000000029       0x2a obj/kern/libdwarf_frame.o
 .comment       0x0000000000000029       0x2a obj/kern/libdwarf_lineno.o
 .comment       0x0000000000000029       0x2a obj/kern/elf_rw.o

.debug_macinfo
 *(.debug_macinfo)

.debug_weaknames
 *(.debug_weaknames)

.debug_funcnames
 *(.debug_funcnames)

.debug_typenames
 *(.debug_typenames)

.debug_varnames
 *(.debug_varnames)

/DISCARD/
 *(.note.GNU-stack)
LOAD obj/kern/entry.o
LOAD obj/kern/bootstrap.o
LOAD obj/kern/init.o
LOAD obj/kern/console.o
LOAD obj/kern/monitor.o
LOAD obj/kern/pmap.o
LOAD obj/kern/env.o
LOAD obj/kern/kclock.o
LOAD obj/kern/printf.o
LOAD obj/kern/trap.o
LOAD obj/kern/trapentry.o
LOAD obj/kern/syscall.o
LOAD obj/kern/kdebug.o
LOAD obj/kern/printfmt.o
LOAD obj/kern/readline.o
LOAD obj/kern/string.o
LOAD obj/kern/libdwarf_rw.o
LOAD obj/kern/libdwarf_frame.o
LOAD obj/kern/libdwarf_lineno.o
LOAD obj/kern/elf_rw.o
LOAD /usr/lib/gcc/x86_64-linux-gnu/7/libgcc.a
TARGET(binary)
LOAD obj/user/hello
LOAD obj/user/buggyhello
LOAD obj/user/buggyhello2
LOAD obj/user/evilhello
LOAD obj/user/testbss
LOAD obj/user/divzero
LOAD obj/user/breakpoint
LOAD obj/user/softint
LOAD obj/user/badsegment
LOAD obj/user/faultread
LOAD obj/user/faultreadkernel
LOAD obj/user/faultwrite
LOAD obj/user/faultwritekernel
OUTPUT(obj/kern/kernel elf64-x86-64)

.debug_ranges   0x0000000000000000       0x30
 .debug_ranges  0x0000000000000000       0x30 obj/kern/string.o
