
Allocating common symbols
Common symbol       size              file

global_rules_shadow
                    0x630             obj/kern/libdwarf_frame.o
end_debug           0x8               obj/kern/init.o
mydebug             0x60              obj/kern/kdebug.o
panicstr            0x8               obj/kern/init.o
boot_cr3            0x8               obj/kern/pmap.o
global_std_op       0x200             obj/kern/libdwarf_lineno.o
_cie                0x78              obj/kern/kdebug.o
global_rules        0x630             obj/kern/libdwarf_frame.o
boot_pml4e          0x8               obj/kern/pmap.o
_fde                0x80              obj/kern/kdebug.o
npages              0x8               obj/kern/pmap.o
pages               0x8               obj/kern/pmap.o

Discarded input sections

 .note.GNU-stack
                0x0000000000000000        0x0 obj/kern/init.o
 .note.GNU-stack
                0x0000000000000000        0x0 obj/kern/console.o
 .note.GNU-stack
                0x0000000000000000        0x0 obj/kern/monitor.o
 .note.GNU-stack
                0x0000000000000000        0x0 obj/kern/pmap.o
 .note.GNU-stack
                0x0000000000000000        0x0 obj/kern/kclock.o
 .note.GNU-stack
                0x0000000000000000        0x0 obj/kern/printf.o
 .note.GNU-stack
                0x0000000000000000        0x0 obj/kern/syscall.o
 .note.GNU-stack
                0x0000000000000000        0x0 obj/kern/kdebug.o
 .note.GNU-stack
                0x0000000000000000        0x0 obj/kern/printfmt.o
 .note.GNU-stack
                0x0000000000000000        0x0 obj/kern/readline.o
 .note.GNU-stack
                0x0000000000000000        0x0 obj/kern/string.o
 .note.GNU-stack
                0x0000000000000000        0x0 obj/kern/libdwarf_rw.o
 .note.GNU-stack
                0x0000000000000000        0x0 obj/kern/libdwarf_frame.o
 .note.GNU-stack
                0x0000000000000000        0x0 obj/kern/libdwarf_lineno.o
 .note.GNU-stack
                0x0000000000000000        0x0 obj/kern/elf_rw.o

Memory Configuration

Name             Origin             Length             Attributes
*default*        0x0000000000000000 0xffffffffffffffff

Linker script and memory map

                0x0000000000100000                . = 0x100000

.bootstrap      0x0000000000100000     0x7004
 obj/kern/bootstrap.o(.text .data .bss)
 .text          0x0000000000100000      0x115 obj/kern/bootstrap.o
                0x0000000000100000                _head64
                0x00000000001000e5                jumpto_longmode
 *fill*         0x0000000000100115      0xeeb 
 .data          0x0000000000101000     0x6004 obj/kern/bootstrap.o
                0x0000000000102000                pml4phys
                0x0000000000107000                multiboot_info
 .bss           0x0000000000107004        0x0 obj/kern/bootstrap.o
                0x0000008004200000                . = 0x8004200000

.text           0x0000008004200000     0xe363 load address 0x0000000000200000
 *(EXCLUDE_FILE(obj/kern/bootstrap.o) .text .stub .text.* .gnu.linkonce.t.*)
 .text          0x0000008004200000       0x58 obj/kern/entry.o
                0x000000800420000c                entry
                0x000000000020000c                _start
 .text          0x0000008004200058      0x2da obj/kern/init.o
                0x0000008004200058                i386_init
                0x0000008004200117                _panic
                0x0000008004200244                _warn
 .text          0x0000008004200332      0xb06 obj/kern/console.o
                0x00000080042003c3                serial_intr
                0x0000008004200be8                kbd_intr
                0x0000008004200c96                cons_getc
                0x0000008004200d8b                cons_init
                0x0000008004200de5                cputchar
                0x0000008004200e04                getchar
                0x0000008004200e26                iscons
 .text          0x0000008004200e38      0x71d obj/kern/monitor.o
                0x0000008004200e38                mon_help
                0x0000008004200ed2                mon_kerninfo
                0x00000080042011ff                mon_backtrace
                0x00000080042014ce                monitor
 .text          0x0000008004201555     0x4ef4 obj/kern/pmap.o
                0x0000008004202096                x64_vm_init
                0x0000008004202458                page_init
                0x000000800420288f                page_alloc
                0x000000800420298a                page_free
                0x0000008004202a09                page_decref
                0x0000008004202a4b                pml4e_walk
                0x0000008004202be6                pdpe_walk
                0x0000008004202d81                pgdir_walk
                0x0000008004202fc3                page_insert
                0x0000008004202fe1                page_lookup
                0x0000008004202ffc                page_remove
                0x000000800420300f                tlb_invalidate
 .text          0x0000008004206449       0x7d obj/kern/kclock.o
                0x0000008004206449                mc146818_read
                0x0000008004206485                mc146818_write
 .text          0x00000080042064c6      0x166 obj/kern/printf.o
                0x00000080042064f5                vcprintf
                0x0000008004206554                cprintf
 .text          0x000000800420662c       0x4a obj/kern/syscall.o
                0x000000800420662c                syscall
 .text          0x0000008004206676      0xafe obj/kern/kdebug.o
                0x0000008004206676                list_func_die
                0x0000008004206d9d                debuginfo_rip
 .text          0x0000008004207174      0xa4c obj/kern/printfmt.o
                0x000000800420743a                vprintfmt
                0x0000008004207940                printfmt
                0x0000008004207a42                vsnprintf
                0x0000008004207adf                snprintf
 .text          0x0000008004207bc0      0x153 obj/kern/readline.o
                0x0000008004207bc0                readline
 .text          0x0000008004207d13      0x7c6 obj/kern/string.o
                0x0000008004207d13                strlen
                0x0000008004207d41                strnlen
                0x0000008004207d7f                strcpy
                0x0000008004207dc2                strcat
                0x0000008004207e11                strncpy
                0x0000008004207e71                strlcpy
                0x0000008004207ee1                strcmp
                0x0000008004207f34                strncmp
                0x0000008004207fa5                strchr
                0x0000008004207fe1                strfind
                0x0000008004208019                memset
                0x00000080042080a4                memmove
                0x00000080042081bb                memcpy
                0x00000080042081ef                memcmp
                0x0000008004208263                memfind
                0x00000080042082ad                strtol
                0x000000800420843e                strstr
 .text          0x00000080042084d9     0x1e8c obj/kern/libdwarf_rw.o
                0x00000080042084d9                _dwarf_read_lsb
                0x0000008004208605                _dwarf_decode_lsb
                0x0000008004208726                _dwarf_read_msb
                0x00000080042088d8                _dwarf_decode_msb
                0x0000008004208a87                _dwarf_read_sleb128
                0x0000008004208b2b                _dwarf_read_uleb128
                0x0000008004208baa                _dwarf_decode_sleb128
                0x0000008004208c3c                _dwarf_decode_uleb128
                0x0000008004208ca9                _dwarf_read_string
                0x0000008004208d38                _dwarf_read_block
                0x0000008004208d81                _dwarf_elf_get_byte_order
                0x0000008004208def                _dwarf_elf_get_pointer_size
                0x0000008004208e59                _dwarf_init
                0x0000008004208f35                _get_next_cu
                0x00000080042090d6                print_cu
                0x000000800420910e                _dwarf_abbrev_parse
                0x0000008004209391                _dwarf_abbrev_find
                0x000000800420949b                _dwarf_attr_init
                0x0000008004209b35                dwarf_search_die_within_cu
                0x0000008004209e11                dwarf_offdie
                0x0000008004209ef3                _dwarf_attr_find
                0x0000008004209f86                dwarf_siblingof
                0x000000800420a188                dwarf_child
                0x000000800420a308                _dwarf_find_section_enhanced
 .text          0x000000800420a365     0x25f3 obj/kern/libdwarf_frame.o
                0x000000800420a365                _dwarf_frame_params_init
                0x000000800420a3a6                dwarf_get_fde_at_pc
                0x000000800420a476                _dwarf_frame_regtable_copy
                0x000000800420b439                _dwarf_frame_get_internal_table
                0x000000800420b6a5                dwarf_get_fde_info_for_all_regs
                0x000000800420c5c1                _dwarf_frame_interal_table_init
                0x000000800420c880                dwarf_set_frame_cfa_value
                0x000000800420c8b0                dwarf_init_eh_section
 .text          0x000000800420c958      0xcdb obj/kern/libdwarf_lineno.o
                0x000000800420cf47                _dwarf_lineno_init
                0x000000800420d4b8                dwarf_srclines
 .text          0x000000800420d633      0xd30 obj/kern/elf_rw.o
                0x000000800420d633                _dwarf_find_section
                0x000000800420d6b3                find_debug_sections
                0x000000800420d97d                read_section_headers
                0x000000800420e0d6                readseg
                0x000000800420e23b                waitdisk
                0x000000800420e268                readsect
                0x000000800420e363                PROVIDE (etext = .)

.iplt           0x000000800420e368        0x0 load address 0x000000000020e368
 .iplt          0x000000800420e368        0x0 obj/kern/bootstrap.o

.rodata         0x000000800420e380     0x1c6f load address 0x000000000020e380
 *(EXCLUDE_FILE(obj/kern/bootstrap.o) .rodata .rodata.* .gnu.linkonce.r.*)
 .rodata        0x000000800420e380       0x4f obj/kern/init.o
 .rodata        0x000000800420e3cf       0x29 obj/kern/console.o
 .rodata        0x000000800420e3f8      0x279 obj/kern/monitor.o
 *fill*         0x000000800420e671        0x7 
 .rodata        0x000000800420e678      0xc9c obj/kern/pmap.o
 .rodata        0x000000800420f314       0x27 obj/kern/syscall.o
 *fill*         0x000000800420f33b        0x5 
 .rodata        0x000000800420f340      0x385 obj/kern/kdebug.o
 *fill*         0x000000800420f6c5       0x1b 
 .rodata        0x000000800420f6e0      0x408 obj/kern/printfmt.o
 .rodata        0x000000800420fae8       0x13 obj/kern/readline.o
 *fill*         0x000000800420fafb        0x5 
 .rodata        0x000000800420fb00      0x1ab obj/kern/libdwarf_rw.o
 *fill*         0x000000800420fcab        0x5 
 .rodata        0x000000800420fcb0      0x1d8 obj/kern/libdwarf_frame.o
 .rodata        0x000000800420fe88       0xc3 obj/kern/libdwarf_lineno.o
 .rodata        0x000000800420ff4b       0xa4 obj/kern/elf_rw.o

.eh_frame       0x000000800420fff0     0x1158 load address 0x000000000020fff0
 .eh_frame      0x000000800420fff0       0x70 obj/kern/init.o
 .eh_frame      0x0000008004210060      0x240 obj/kern/console.o
                                        0x258 (size before relaxing)
 .eh_frame      0x00000080042102a0       0xc0 obj/kern/monitor.o
                                         0xd8 (size before relaxing)
 .eh_frame      0x0000008004210360      0x390 obj/kern/pmap.o
                                        0x3a8 (size before relaxing)
 .eh_frame      0x00000080042106f0       0x40 obj/kern/kclock.o
                                         0x58 (size before relaxing)
 .eh_frame      0x0000008004210730       0x60 obj/kern/printf.o
                                         0x78 (size before relaxing)
 .eh_frame      0x0000008004210790       0x20 obj/kern/syscall.o
                                         0x38 (size before relaxing)
 .eh_frame      0x00000080042107b0       0x40 obj/kern/kdebug.o
                                         0x58 (size before relaxing)
 .eh_frame      0x00000080042107f0      0x110 obj/kern/printfmt.o
                                        0x128 (size before relaxing)
 .eh_frame      0x0000008004210900       0x20 obj/kern/readline.o
                                         0x38 (size before relaxing)
 .eh_frame      0x0000008004210920      0x220 obj/kern/string.o
                                        0x238 (size before relaxing)
 .eh_frame      0x0000008004210b40      0x300 obj/kern/libdwarf_rw.o
                                        0x318 (size before relaxing)
 .eh_frame      0x0000008004210e40      0x1c8 obj/kern/libdwarf_frame.o
                                        0x1e0 (size before relaxing)
 .eh_frame      0x0000008004211008       0x80 obj/kern/libdwarf_lineno.o
                                         0x98 (size before relaxing)
 .eh_frame      0x0000008004211088       0xc0 obj/kern/elf_rw.o
                                         0xd8 (size before relaxing)

.rela.dyn       0x0000008004211148        0x0 load address 0x0000000000211148
 .rela.got      0x0000008004211148        0x0 obj/kern/bootstrap.o
 .rela.iplt     0x0000008004211148        0x0 obj/kern/bootstrap.o
 .rela.text     0x0000008004211148        0x0 obj/kern/bootstrap.o
 .rela.data     0x0000008004211148        0x0 obj/kern/bootstrap.o
                0x0000008004212000                . = ALIGN (0x1000)

.data           0x0000008004212000    0x106a0 load address 0x0000000000212000
 *(EXCLUDE_FILE(obj/kern/bootstrap.o) .data)
 .data          0x0000008004212000    0x10042 obj/kern/entry.o
                0x0000008004212000                bootstack
                0x0000008004222000                kernel_64
                0x0000008004222000                bootstacktop
                0x0000008004222038                gdtdesc_64
 .data          0x0000008004222042        0x0 obj/kern/init.o
 *fill*         0x0000008004222042       0x1e 
 .data          0x0000008004222060      0x520 obj/kern/console.o
 .data          0x0000008004222580       0x48 obj/kern/monitor.o
 .data          0x00000080042225c8        0x0 obj/kern/pmap.o
 .data          0x00000080042225c8        0x0 obj/kern/kclock.o
 .data          0x00000080042225c8        0x0 obj/kern/printf.o
 .data          0x00000080042225c8        0x0 obj/kern/syscall.o
 .data          0x00000080042225c8       0x18 obj/kern/kdebug.o
                0x00000080042225c8                fde
                0x00000080042225d0                cie
                0x00000080042225d8                dbg
 .data          0x00000080042225e0        0x0 obj/kern/printfmt.o
 .data          0x00000080042225e0        0x0 obj/kern/readline.o
 .data          0x00000080042225e0        0x0 obj/kern/string.o
 .data          0x00000080042225e0        0x0 obj/kern/libdwarf_rw.o
 .data          0x00000080042225e0       0x20 obj/kern/libdwarf_frame.o
                0x00000080042225e0                debug_frame_sec
 .data          0x0000008004222600        0x0 obj/kern/libdwarf_lineno.o
 .data          0x0000008004222600       0xa0 obj/kern/elf_rw.o
                0x0000008004222600                section_info
                0x00000080042226a0                PROVIDE (edata = .)

.got            0x00000080042226a0        0x0 load address 0x00000000002226a0
 .got           0x00000080042226a0        0x0 obj/kern/bootstrap.o

.got.plt        0x00000080042226a0        0x0 load address 0x00000000002226a0
 .got.plt       0x00000080042226a0        0x0 obj/kern/bootstrap.o

.igot.plt       0x00000080042226a0        0x0 load address 0x00000000002226a0
 .igot.plt      0x00000080042226a0        0x0 obj/kern/bootstrap.o

.bss            0x00000080042226a0     0x16e0 load address 0x00000000002226a0
 *(EXCLUDE_FILE(obj/kern/bootstrap.o) .bss)
 .bss           0x00000080042226a0        0x0 obj/kern/entry.o
 .bss           0x00000080042226a0        0x0 obj/kern/init.o
 .bss           0x00000080042226a0      0x22c obj/kern/console.o
 .bss           0x00000080042228cc        0x0 obj/kern/monitor.o
 *fill*         0x00000080042228cc        0x4 
 .bss           0x00000080042228d0       0x18 obj/kern/pmap.o
 .bss           0x00000080042228e8        0x0 obj/kern/kclock.o
 .bss           0x00000080042228e8        0x0 obj/kern/printf.o
 .bss           0x00000080042228e8        0x0 obj/kern/syscall.o
 .bss           0x00000080042228e8        0x8 obj/kern/kdebug.o
 .bss           0x00000080042228f0        0x0 obj/kern/printfmt.o
 *fill*         0x00000080042228f0       0x10 
 .bss           0x0000008004222900      0x400 obj/kern/readline.o
 .bss           0x0000008004222d00        0x0 obj/kern/string.o
 .bss           0x0000008004222d00        0x0 obj/kern/libdwarf_rw.o
 .bss           0x0000008004222d00       0x68 obj/kern/libdwarf_frame.o
                0x0000008004222d00                global_rt_table
                0x0000008004222d40                global_rt_table_shadow
 .bss           0x0000008004222d68        0x0 obj/kern/libdwarf_lineno.o
 .bss           0x0000008004222d68        0x0 obj/kern/elf_rw.o
 COMMON         0x0000008004222d68       0x10 obj/kern/init.o
                0x0000008004222d68                end_debug
                0x0000008004222d70                panicstr
 COMMON         0x0000008004222d78       0x20 obj/kern/pmap.o
                0x0000008004222d78                boot_cr3
                0x0000008004222d80                boot_pml4e
                0x0000008004222d88                npages
                0x0000008004222d90                pages
 *fill*         0x0000008004222d98        0x8 
 COMMON         0x0000008004222da0      0x160 obj/kern/kdebug.o
                0x0000008004222da0                mydebug
                0x0000008004222e00                _cie
                0x0000008004222e80                _fde
 COMMON         0x0000008004222f00      0xc70 obj/kern/libdwarf_frame.o
                0x0000008004222f00                global_rules_shadow
                0x0000008004223540                global_rules
 *fill*         0x0000008004223b70       0x10 
 COMMON         0x0000008004223b80      0x200 obj/kern/libdwarf_lineno.o
                0x0000008004223b80                global_std_op
                0x0000008004223d80                PROVIDE (end = .)

.debug
 *(.debug)

.line
 *(.line)

.debug_srcinfo
 *(.debug_srcinfo)

.debug_sfnames
 *(.debug_sfnames)

.debug_aranges  0x0000000000000000      0x330
 *(.debug_aranges)
 .debug_aranges
                0x0000000000000000       0x30 obj/kern/bootstrap.o
 .debug_aranges
                0x0000000000000030       0x30 obj/kern/entry.o
 .debug_aranges
                0x0000000000000060       0x30 obj/kern/init.o
 .debug_aranges
                0x0000000000000090       0x30 obj/kern/console.o
 .debug_aranges
                0x00000000000000c0       0x30 obj/kern/monitor.o
 .debug_aranges
                0x00000000000000f0       0x30 obj/kern/pmap.o
 .debug_aranges
                0x0000000000000120       0x30 obj/kern/kclock.o
 .debug_aranges
                0x0000000000000150       0x30 obj/kern/printf.o
 .debug_aranges
                0x0000000000000180       0x30 obj/kern/syscall.o
 .debug_aranges
                0x00000000000001b0       0x30 obj/kern/kdebug.o
 .debug_aranges
                0x00000000000001e0       0x30 obj/kern/printfmt.o
 .debug_aranges
                0x0000000000000210       0x30 obj/kern/readline.o
 .debug_aranges
                0x0000000000000240       0x30 obj/kern/string.o
 .debug_aranges
                0x0000000000000270       0x30 obj/kern/libdwarf_rw.o
 .debug_aranges
                0x00000000000002a0       0x30 obj/kern/libdwarf_frame.o
 .debug_aranges
                0x00000000000002d0       0x30 obj/kern/libdwarf_lineno.o
 .debug_aranges
                0x0000000000000300       0x30 obj/kern/elf_rw.o

.debug_pubnames
 *(.debug_pubnames)

.debug_info     0x0000000000000000     0xf407
 *(.debug_info .gnu.linkonce.wi.*)
 .debug_info    0x0000000000000000       0x2e obj/kern/bootstrap.o
 .debug_info    0x000000000000002e       0x2e obj/kern/entry.o
 .debug_info    0x000000000000005c      0x4b1 obj/kern/init.o
 .debug_info    0x000000000000050d      0xee8 obj/kern/console.o
 .debug_info    0x00000000000013f5      0x9c5 obj/kern/monitor.o
 .debug_info    0x0000000000001dba     0x4b43 obj/kern/pmap.o
 .debug_info    0x00000000000068fd      0x1f3 obj/kern/kclock.o
 .debug_info    0x0000000000006af0      0x276 obj/kern/printf.o
 .debug_info    0x0000000000006d66      0x19c obj/kern/syscall.o
 .debug_info    0x0000000000006f02     0x154e obj/kern/kdebug.o
 .debug_info    0x0000000000008450      0x9b0 obj/kern/printfmt.o
 .debug_info    0x0000000000008e00      0x1cc obj/kern/readline.o
 .debug_info    0x0000000000008fcc      0x766 obj/kern/string.o
 .debug_info    0x0000000000009732     0x1fdc obj/kern/libdwarf_rw.o
 .debug_info    0x000000000000b70e     0x1cee obj/kern/libdwarf_frame.o
 .debug_info    0x000000000000d3fc     0x12a2 obj/kern/libdwarf_lineno.o
 .debug_info    0x000000000000e69e      0xd69 obj/kern/elf_rw.o

.debug_abbrev   0x0000000000000000     0x1e8c
 *(.debug_abbrev)
 .debug_abbrev  0x0000000000000000       0x14 obj/kern/bootstrap.o
 .debug_abbrev  0x0000000000000014       0x14 obj/kern/entry.o
 .debug_abbrev  0x0000000000000028      0x176 obj/kern/init.o
 .debug_abbrev  0x000000000000019e      0x2ee obj/kern/console.o
 .debug_abbrev  0x000000000000048c      0x236 obj/kern/monitor.o
 .debug_abbrev  0x00000000000006c2      0x354 obj/kern/pmap.o
 .debug_abbrev  0x0000000000000a16      0x102 obj/kern/kclock.o
 .debug_abbrev  0x0000000000000b18      0x107 obj/kern/printf.o
 .debug_abbrev  0x0000000000000c1f       0xb4 obj/kern/syscall.o
 .debug_abbrev  0x0000000000000cd3      0x2e1 obj/kern/kdebug.o
 .debug_abbrev  0x0000000000000fb4      0x265 obj/kern/printfmt.o
 .debug_abbrev  0x0000000000001219       0xe5 obj/kern/readline.o
 .debug_abbrev  0x00000000000012fe      0x17e obj/kern/string.o
 .debug_abbrev  0x000000000000147c      0x277 obj/kern/libdwarf_rw.o
 .debug_abbrev  0x00000000000016f3      0x2d4 obj/kern/libdwarf_frame.o
 .debug_abbrev  0x00000000000019c7      0x2a6 obj/kern/libdwarf_lineno.o
 .debug_abbrev  0x0000000000001c6d      0x21f obj/kern/elf_rw.o

.debug_line     0x0000000000000000     0x2861
 *(.debug_line)
 .debug_line    0x0000000000000000       0x99 obj/kern/bootstrap.o
 .debug_line    0x0000000000000099       0x51 obj/kern/entry.o
 .debug_line    0x00000000000000ea      0x108 obj/kern/init.o
 .debug_line    0x00000000000001f2      0x29f obj/kern/console.o
 .debug_line    0x0000000000000491      0x181 obj/kern/monitor.o
 .debug_line    0x0000000000000612      0xc90 obj/kern/pmap.o
 .debug_line    0x00000000000012a2       0x86 obj/kern/kclock.o
 .debug_line    0x0000000000001328       0x87 obj/kern/printf.o
 .debug_line    0x00000000000013af       0x6a obj/kern/syscall.o
 .debug_line    0x0000000000001419      0x1d1 obj/kern/kdebug.o
 .debug_line    0x00000000000015ea      0x1ce obj/kern/printfmt.o
 .debug_line    0x00000000000017b8       0x8f obj/kern/readline.o
 .debug_line    0x0000000000001847      0x1ec obj/kern/string.o
 .debug_line    0x0000000000001a33      0x48c obj/kern/libdwarf_rw.o
 .debug_line    0x0000000000001ebf      0x531 obj/kern/libdwarf_frame.o
 .debug_line    0x00000000000023f0      0x22c obj/kern/libdwarf_lineno.o
 .debug_line    0x000000000000261c      0x245 obj/kern/elf_rw.o

.debug_frame
 *(.debug_frame)

.debug_str      0x0000000000000000     0x1e1a
 *(.debug_str)
 .debug_str     0x0000000000000000       0x2f obj/kern/bootstrap.o
 .debug_str     0x000000000000002f        0xd obj/kern/entry.o
                                         0x2b (size before relaxing)
 .debug_str     0x000000000000003c      0x239 obj/kern/init.o
                                        0x2b3 (size before relaxing)
 .debug_str     0x0000000000000275      0x15e obj/kern/console.o
                                        0x2cd (size before relaxing)
 .debug_str     0x00000000000003d3      0x191 obj/kern/monitor.o
                                        0x362 (size before relaxing)
 .debug_str     0x0000000000000564      0x4a1 obj/kern/pmap.o
                                        0x6e4 (size before relaxing)
 .debug_str     0x0000000000000a05       0x23 obj/kern/kclock.o
                                        0x180 (size before relaxing)
 .debug_str     0x0000000000000a28       0x18 obj/kern/printf.o
                                        0x1e3 (size before relaxing)
 .debug_str     0x0000000000000a40       0xa2 obj/kern/syscall.o
                                        0x204 (size before relaxing)
 .debug_str     0x0000000000000ae2      0x9f2 obj/kern/kdebug.o
                                        0xd5c (size before relaxing)
 .debug_str     0x00000000000014d4       0x97 obj/kern/printfmt.o
                                        0x313 (size before relaxing)
 .debug_str     0x000000000000156b       0x1e obj/kern/readline.o
                                        0x134 (size before relaxing)
 .debug_str     0x0000000000001589       0x6b obj/kern/string.o
                                        0x20e (size before relaxing)
 .debug_str     0x00000000000015f4      0x270 obj/kern/libdwarf_rw.o
                                        0xc5d (size before relaxing)
 .debug_str     0x0000000000001864      0x27a obj/kern/libdwarf_frame.o
                                        0xbf3 (size before relaxing)
 .debug_str     0x0000000000001ade      0x1ae obj/kern/libdwarf_lineno.o
                                        0xc30 (size before relaxing)
 .debug_str     0x0000000000001c8c      0x18e obj/kern/elf_rw.o
                                        0x4b6 (size before relaxing)

.debug_loc      0x0000000000000000    0x12a2d
 *(.debug_loc)
 .debug_loc     0x0000000000000000      0x329 obj/kern/init.o
 .debug_loc     0x0000000000000329     0x14aa obj/kern/console.o
 .debug_loc     0x00000000000017d3      0xa4c obj/kern/monitor.o
 .debug_loc     0x000000000000221f     0x452a obj/kern/pmap.o
 .debug_loc     0x0000000000006749      0x1dc obj/kern/kclock.o
 .debug_loc     0x0000000000006925      0x2be obj/kern/printf.o
 .debug_loc     0x0000000000006be3      0x196 obj/kern/syscall.o
 .debug_loc     0x0000000000006d79      0xa4a obj/kern/kdebug.o
 .debug_loc     0x00000000000077c3      0xd3c obj/kern/printfmt.o
 .debug_loc     0x00000000000084ff      0x23b obj/kern/readline.o
 .debug_loc     0x000000000000873a     0x1996 obj/kern/string.o
 .debug_loc     0x000000000000a0d0     0x341b obj/kern/libdwarf_rw.o
 .debug_loc     0x000000000000d4eb     0x2da1 obj/kern/libdwarf_frame.o
 .debug_loc     0x000000000001028c     0x13e7 obj/kern/libdwarf_lineno.o
 .debug_loc     0x0000000000011673     0x13ba obj/kern/elf_rw.o

.comment        0x0000000000000000       0x29
 .comment       0x0000000000000000       0x29 obj/kern/init.o
                                         0x2a (size before relaxing)
 .comment       0x0000000000000029       0x2a obj/kern/console.o
 .comment       0x0000000000000029       0x2a obj/kern/monitor.o
 .comment       0x0000000000000029       0x2a obj/kern/pmap.o
 .comment       0x0000000000000029       0x2a obj/kern/kclock.o
 .comment       0x0000000000000029       0x2a obj/kern/printf.o
 .comment       0x0000000000000029       0x2a obj/kern/syscall.o
 .comment       0x0000000000000029       0x2a obj/kern/kdebug.o
 .comment       0x0000000000000029       0x2a obj/kern/printfmt.o
 .comment       0x0000000000000029       0x2a obj/kern/readline.o
 .comment       0x0000000000000029       0x2a obj/kern/string.o
 .comment       0x0000000000000029       0x2a obj/kern/libdwarf_rw.o
 .comment       0x0000000000000029       0x2a obj/kern/libdwarf_frame.o
 .comment       0x0000000000000029       0x2a obj/kern/libdwarf_lineno.o
 .comment       0x0000000000000029       0x2a obj/kern/elf_rw.o

.debug_macinfo
 *(.debug_macinfo)

.debug_weaknames
 *(.debug_weaknames)

.debug_funcnames
 *(.debug_funcnames)

.debug_typenames
 *(.debug_typenames)

.debug_varnames
 *(.debug_varnames)

/DISCARD/
 *(.note.GNU-stack)
LOAD obj/kern/entry.o
LOAD obj/kern/bootstrap.o
LOAD obj/kern/init.o
LOAD obj/kern/console.o
LOAD obj/kern/monitor.o
LOAD obj/kern/pmap.o
LOAD obj/kern/kclock.o
LOAD obj/kern/printf.o
LOAD obj/kern/syscall.o
LOAD obj/kern/kdebug.o
LOAD obj/kern/printfmt.o
LOAD obj/kern/readline.o
LOAD obj/kern/string.o
LOAD obj/kern/libdwarf_rw.o
LOAD obj/kern/libdwarf_frame.o
LOAD obj/kern/libdwarf_lineno.o
LOAD obj/kern/elf_rw.o
LOAD /usr/lib/gcc/x86_64-linux-gnu/7/libgcc.a
TARGET(binary)
OUTPUT(obj/kern/kernel elf64-x86-64)

.debug_ranges   0x0000000000000000       0x30
 .debug_ranges  0x0000000000000000       0x30 obj/kern/string.o
