
Allocating common symbols
Common symbol       size              file

global_rules_shadow
                    0x630             obj/kern/libdwarf_frame.o
ismp                0x4               obj/kern/mpconfig.o
lapicaddr           0x8               obj/kern/lapic.o
ts                  0x68              obj/kern/trap.o
end_debug           0x8               obj/kern/init.o
mydebug             0x60              obj/kern/kdebug.o
panicstr            0x8               obj/kern/init.o
boot_cr3            0x8               obj/kern/pmap.o
mpentry_kstack      0x8               obj/kern/init.o
cpus                0x3c0             obj/kern/mpconfig.o
global_std_op       0x200             obj/kern/libdwarf_lineno.o
lapic               0x8               obj/kern/lapic.o
bootcpu             0x8               obj/kern/mpconfig.o
_cie                0x78              obj/kern/kdebug.o
global_rules        0x630             obj/kern/libdwarf_frame.o
boot_pml4e          0x8               obj/kern/pmap.o
ncpu                0x4               obj/kern/mpconfig.o
_fde                0x80              obj/kern/kdebug.o
npages              0x8               obj/kern/pmap.o
pages               0x8               obj/kern/pmap.o
percpu_kstacks      0x80000           obj/kern/mpconfig.o

Discarded input sections

 .note.GNU-stack
                0x0000000000000000        0x0 obj/kern/init.o
 .note.GNU-stack
                0x0000000000000000        0x0 obj/kern/console.o
 .note.GNU-stack
                0x0000000000000000        0x0 obj/kern/monitor.o
 .note.GNU-stack
                0x0000000000000000        0x0 obj/kern/pmap.o
 .note.GNU-stack
                0x0000000000000000        0x0 obj/kern/env.o
 .note.GNU-stack
                0x0000000000000000        0x0 obj/kern/kclock.o
 .note.GNU-stack
                0x0000000000000000        0x0 obj/kern/picirq.o
 .note.GNU-stack
                0x0000000000000000        0x0 obj/kern/printf.o
 .note.GNU-stack
                0x0000000000000000        0x0 obj/kern/trap.o
 .note.GNU-stack
                0x0000000000000000        0x0 obj/kern/sched.o
 .note.GNU-stack
                0x0000000000000000        0x0 obj/kern/syscall.o
 .note.GNU-stack
                0x0000000000000000        0x0 obj/kern/kdebug.o
 .note.GNU-stack
                0x0000000000000000        0x0 obj/kern/printfmt.o
 .note.GNU-stack
                0x0000000000000000        0x0 obj/kern/readline.o
 .note.GNU-stack
                0x0000000000000000        0x0 obj/kern/string.o
 .note.GNU-stack
                0x0000000000000000        0x0 obj/kern/libdwarf_rw.o
 .note.GNU-stack
                0x0000000000000000        0x0 obj/kern/libdwarf_frame.o
 .note.GNU-stack
                0x0000000000000000        0x0 obj/kern/libdwarf_lineno.o
 .note.GNU-stack
                0x0000000000000000        0x0 obj/kern/elf_rw.o
 .note.GNU-stack
                0x0000000000000000        0x0 obj/kern/mpconfig.o
 .note.GNU-stack
                0x0000000000000000        0x0 obj/kern/lapic.o
 .note.GNU-stack
                0x0000000000000000        0x0 obj/kern/spinlock.o

Memory Configuration

Name             Origin             Length             Attributes
*default*        0x0000000000000000 0xffffffffffffffff

Linker script and memory map

                0x0000000000100000                . = 0x100000

.bootstrap      0x0000000000100000     0x7004
 obj/kern/bootstrap.o(.text .data .bss)
 .text          0x0000000000100000      0x115 obj/kern/bootstrap.o
                0x0000000000100000                _head64
                0x00000000001000e5                jumpto_longmode
 *fill*         0x0000000000100115      0xeeb 
 .data          0x0000000000101000     0x6004 obj/kern/bootstrap.o
                0x0000000000102000                pml4phys
                0x0000000000107000                multiboot_info
 .bss           0x0000000000107004        0x0 obj/kern/bootstrap.o
                0x0000008004200000                . = 0x8004200000

.text           0x0000008004200000    0x1586f load address 0x0000000000200000
 *(EXCLUDE_FILE(obj/kern/bootstrap.o) .text .stub .text.* .gnu.linkonce.t.*)
 .text          0x0000008004200000       0x58 obj/kern/entry.o
                0x000000800420000c                entry
                0x000000000020000c                _start
 .text          0x0000008004200058      0x6bf obj/kern/init.o
                0x000000800420009a                i386_init
                0x0000008004200424                mp_main
                0x00000080042004eb                _panic
                0x0000008004200629                _warn
 .text          0x0000008004200717      0xb35 obj/kern/console.o
                0x00000080042007a8                serial_intr
                0x0000008004200fcd                kbd_intr
                0x00000080042010aa                cons_getc
                0x000000800420119f                cons_init
                0x00000080042011f9                cputchar
                0x0000008004201218                getchar
                0x000000800420123a                iscons
 .text          0x000000800420124c      0x838 obj/kern/monitor.o
                0x000000800420124c                mon_help
                0x00000080042012e6                mon_kerninfo
                0x000000800420147a                mon_backtrace
                0x00000080042019e3                monitor
 .text          0x0000008004201a84     0x5c5c obj/kern/pmap.o
                0x00000080042025c5                x64_vm_init
                0x0000008004202b2f                page_init
                0x0000008004202faf                page_alloc
                0x00000080042030aa                page_free
                0x0000008004203129                page_decref
                0x000000800420316b                pml4e_walk
                0x00000080042032e2                pdpe_walk
                0x0000008004203459                pgdir_walk
                0x00000080042036a5                page_insert
                0x0000008004203764                page_lookup
                0x00000080042037d9                page_remove
                0x000000800420384d                tlb_invalidate
                0x000000800420391f                mmio_map_region
                0x0000008004203a1a                user_mem_check
                0x0000008004203b90                user_mem_assert
 .text          0x00000080042076e0     0x13c0 obj/kern/env.o
                0x0000008004207846                envid2env
                0x00000080042079b3                env_init
                0x0000008004207abc                env_init_percpu
                0x0000008004207bec                env_alloc
                0x0000008004207f04                load_icode
                0x00000080042080d3                env_create
                0x0000008004208124                env_free
                0x0000008004208682                env_destroy
                0x0000008004208774                env_pop_tf
                0x0000008004208851                env_run
 .text          0x0000008004208aa0       0x7d obj/kern/kclock.o
                0x0000008004208aa0                mc146818_read
                0x0000008004208adc                mc146818_write
 .text          0x0000008004208b1d      0x246 obj/kern/picirq.o
                0x0000008004208b1d                pic_init
                0x0000008004208c70                irq_setmask_8259A
 .text          0x0000008004208d63      0x166 obj/kern/printf.o
                0x0000008004208d92                vcprintf
                0x0000008004208df1                cprintf
 .text          0x0000008004208ec9     0x2646 obj/kern/trap.o
                0x0000008004208f6a                trap_init
                0x000000800420a4d5                trap_init_percpu
                0x000000800420a8ad                print_trapframe
                0x000000800420abbf                print_regs
                0x000000800420af92                trap
                0x000000800420b3db                page_fault_handler
 *fill*         0x000000800420b50f        0x1 
 .text          0x000000800420b510      0x153 obj/kern/trapentry.o
                0x000000800420b510                XTRPX_divzero
                0x000000800420b516                XTRPX_debug
                0x000000800420b51c                XTRPX_nmint
                0x000000800420b522                XTRPX_brkpt
                0x000000800420b528                XTRPX_oflow
                0x000000800420b52e                XTRPX_bound
                0x000000800420b534                XTRPX_illop
                0x000000800420b53a                XTRPX_device
                0x000000800420b540                XTRPX_dblflt
                0x000000800420b544                XTRPX_tss
                0x000000800420b548                XTRPX_segnp
                0x000000800420b54c                XTRPX_stack
                0x000000800420b550                XTRPX_gpflt
                0x000000800420b554                XTRPX_pgflt
                0x000000800420b558                XTRPX_fperr
                0x000000800420b55e                XTRPX_align
                0x000000800420b562                XTRPX_mchk
                0x000000800420b568                XTRPX_simderr
                0x000000800420b56e                XTRPX_syscall
                0x000000800420b574                XTRPX_default
 .text          0x000000800420b663      0x484 obj/kern/sched.o
                0x000000800420b6a7                sched_yield
                0x000000800420b8c7                sched_halt
 .text          0x000000800420bae7      0xd4b obj/kern/syscall.o
                0x000000800420c6b3                syscall
 .text          0x000000800420c832      0xbdb obj/kern/kdebug.o
                0x000000800420c832                list_func_die
                0x000000800420cf59                debuginfo_rip
 .text          0x000000800420d40d      0xa4c obj/kern/printfmt.o
                0x000000800420d6d3                vprintfmt
                0x000000800420dbd9                printfmt
                0x000000800420dcdb                vsnprintf
                0x000000800420dd78                snprintf
 .text          0x000000800420de59      0x153 obj/kern/readline.o
                0x000000800420de59                readline
 .text          0x000000800420dfac      0x7c6 obj/kern/string.o
                0x000000800420dfac                strlen
                0x000000800420dfda                strnlen
                0x000000800420e018                strcpy
                0x000000800420e05b                strcat
                0x000000800420e0aa                strncpy
                0x000000800420e10a                strlcpy
                0x000000800420e17a                strcmp
                0x000000800420e1cd                strncmp
                0x000000800420e23e                strchr
                0x000000800420e27a                strfind
                0x000000800420e2b2                memset
                0x000000800420e33d                memmove
                0x000000800420e454                memcpy
                0x000000800420e488                memcmp
                0x000000800420e4fc                memfind
                0x000000800420e546                strtol
                0x000000800420e6d7                strstr
 .text          0x000000800420e772     0x1e8c obj/kern/libdwarf_rw.o
                0x000000800420e772                _dwarf_read_lsb
                0x000000800420e89e                _dwarf_decode_lsb
                0x000000800420e9bf                _dwarf_read_msb
                0x000000800420eb71                _dwarf_decode_msb
                0x000000800420ed20                _dwarf_read_sleb128
                0x000000800420edc4                _dwarf_read_uleb128
                0x000000800420ee43                _dwarf_decode_sleb128
                0x000000800420eed5                _dwarf_decode_uleb128
                0x000000800420ef42                _dwarf_read_string
                0x000000800420efd1                _dwarf_read_block
                0x000000800420f01a                _dwarf_elf_get_byte_order
                0x000000800420f088                _dwarf_elf_get_pointer_size
                0x000000800420f0f2                _dwarf_init
                0x000000800420f1ce                _get_next_cu
                0x000000800420f36f                print_cu
                0x000000800420f3a7                _dwarf_abbrev_parse
                0x000000800420f62a                _dwarf_abbrev_find
                0x000000800420f734                _dwarf_attr_init
                0x000000800420fdce                dwarf_search_die_within_cu
                0x00000080042100aa                dwarf_offdie
                0x000000800421018c                _dwarf_attr_find
                0x000000800421021f                dwarf_siblingof
                0x0000008004210421                dwarf_child
                0x00000080042105a1                _dwarf_find_section_enhanced
 .text          0x00000080042105fe     0x25f3 obj/kern/libdwarf_frame.o
                0x00000080042105fe                _dwarf_frame_params_init
                0x000000800421063f                dwarf_get_fde_at_pc
                0x000000800421070f                _dwarf_frame_regtable_copy
                0x00000080042116d2                _dwarf_frame_get_internal_table
                0x000000800421193e                dwarf_get_fde_info_for_all_regs
                0x000000800421285a                _dwarf_frame_interal_table_init
                0x0000008004212b19                dwarf_set_frame_cfa_value
                0x0000008004212b49                dwarf_init_eh_section
 .text          0x0000008004212bf1      0xcdb obj/kern/libdwarf_lineno.o
                0x00000080042131e0                _dwarf_lineno_init
                0x0000008004213751                dwarf_srclines
 .text          0x00000080042138cc      0xd30 obj/kern/elf_rw.o
                0x00000080042138cc                _dwarf_find_section
                0x000000800421394c                find_debug_sections
                0x0000008004213c16                read_section_headers
                0x000000800421436f                readseg
                0x00000080042144d4                waitdisk
                0x0000008004214501                readsect
 *fill*         0x00000080042145fc        0x4 
 .text          0x0000008004214600       0xe7 obj/kern/mpentry.o
                0x0000008004214600                mpentry_start
                0x00000080042146e6                mpentry_end
 .text          0x00000080042146e7      0x88f obj/kern/mpconfig.o
                0x0000008004214bbf                mp_init
 .text          0x0000008004214f76      0x480 obj/kern/lapic.o
                0x0000008004214fb9                lapic_init
                0x00000080042151b6                cpunum
                0x00000080042151eb                lapic_eoi
                0x0000008004215228                lapic_startap
                0x00000080042153ae                lapic_ipi
 .text          0x00000080042153f6      0x479 obj/kern/spinlock.o
                0x0000008004215515                __spin_initlock
                0x000000800421554a                spin_lock
                0x0000008004215621                spin_unlock
                0x000000800421586f                PROVIDE (etext = .)

.iplt           0x0000008004215870        0x0 load address 0x0000000000215870
 .iplt          0x0000008004215870        0x0 obj/kern/bootstrap.o

.rodata         0x0000008004215880     0x2a21 load address 0x0000000000215880
 *(EXCLUDE_FILE(obj/kern/bootstrap.o) .rodata .rodata.* .gnu.linkonce.r.*)
 .rodata        0x0000008004215880       0xce obj/kern/init.o
 .rodata        0x000000800421594e       0x29 obj/kern/console.o
 *fill*         0x0000008004215977        0x1 
 .rodata        0x0000008004215978      0x281 obj/kern/monitor.o
 *fill*         0x0000008004215bf9        0x7 
 .rodata        0x0000008004215c00      0xeec obj/kern/pmap.o
 *fill*         0x0000008004216aec        0x4 
 .rodata        0x0000008004216af0       0xc6 obj/kern/env.o
 .rodata        0x0000008004216bb6       0x1a obj/kern/picirq.o
 *fill*         0x0000008004216bd0       0x10 
 .rodata        0x0000008004216be0      0x4c0 obj/kern/trap.o
 .rodata        0x00000080042170a0       0x61 obj/kern/sched.o
 *fill*         0x0000008004217101        0x7 
 .rodata        0x0000008004217108      0x128 obj/kern/syscall.o
 *fill*         0x0000008004217230       0x10 
 .rodata        0x0000008004217240      0x378 obj/kern/kdebug.o
 *fill*         0x00000080042175b8        0x8 
 .rodata        0x00000080042175c0      0x428 obj/kern/printfmt.o
 .rodata        0x00000080042179e8       0x13 obj/kern/readline.o
 *fill*         0x00000080042179fb        0x5 
 .rodata        0x0000008004217a00      0x1ab obj/kern/libdwarf_rw.o
 *fill*         0x0000008004217bab        0x5 
 .rodata        0x0000008004217bb0      0x1d8 obj/kern/libdwarf_frame.o
 .rodata        0x0000008004217d88       0xc3 obj/kern/libdwarf_lineno.o
 .rodata        0x0000008004217e4b       0xa4 obj/kern/elf_rw.o
 *fill*         0x0000008004217eef        0x1 
 .rodata        0x0000008004217ef0      0x289 obj/kern/mpconfig.o
 *fill*         0x0000008004218179        0x7 
 .rodata        0x0000008004218180       0x30 obj/kern/lapic.o
 .rodata        0x00000080042181b0       0xf1 obj/kern/spinlock.o

.eh_frame       0x00000080042182a8     0x1a7c load address 0x00000000002182a8
 .eh_frame      0x00000080042182a8       0xf0 obj/kern/init.o
 .eh_frame      0x0000008004218398      0x240 obj/kern/console.o
                                        0x258 (size before relaxing)
 .eh_frame      0x00000080042185d8       0xa0 obj/kern/monitor.o
                                         0xb8 (size before relaxing)
 .eh_frame      0x0000008004218678      0x410 obj/kern/pmap.o
                                        0x428 (size before relaxing)
 .eh_frame      0x0000008004218a88      0x238 obj/kern/env.o
                                        0x250 (size before relaxing)
 .eh_frame      0x0000008004218cc0       0x40 obj/kern/kclock.o
                                         0x58 (size before relaxing)
 .eh_frame      0x0000008004218d00       0x40 obj/kern/picirq.o
                                         0x58 (size before relaxing)
 .eh_frame      0x0000008004218d40       0x60 obj/kern/printf.o
                                         0x78 (size before relaxing)
 .eh_frame      0x0000008004218da0      0x150 obj/kern/trap.o
                                        0x168 (size before relaxing)
 .eh_frame      0x0000008004218ef0       0x88 obj/kern/sched.o
                                         0xa0 (size before relaxing)
 .eh_frame      0x0000008004218f78      0x1c0 obj/kern/syscall.o
                                        0x1d8 (size before relaxing)
 .eh_frame      0x0000008004219138       0x40 obj/kern/kdebug.o
                                         0x58 (size before relaxing)
 .eh_frame      0x0000008004219178      0x110 obj/kern/printfmt.o
                                        0x128 (size before relaxing)
 .eh_frame      0x0000008004219288       0x20 obj/kern/readline.o
                                         0x38 (size before relaxing)
 .eh_frame      0x00000080042192a8      0x220 obj/kern/string.o
                                        0x238 (size before relaxing)
 .eh_frame      0x00000080042194c8      0x300 obj/kern/libdwarf_rw.o
                                        0x318 (size before relaxing)
 .eh_frame      0x00000080042197c8      0x1c8 obj/kern/libdwarf_frame.o
                                        0x1e0 (size before relaxing)
 .eh_frame      0x0000008004219990       0x80 obj/kern/libdwarf_lineno.o
                                         0x98 (size before relaxing)
 .eh_frame      0x0000008004219a10       0xc0 obj/kern/elf_rw.o
                                         0xd8 (size before relaxing)
 .eh_frame      0x0000008004219ad0       0xa0 obj/kern/mpconfig.o
                                         0xb8 (size before relaxing)
 .eh_frame      0x0000008004219b70       0xe0 obj/kern/lapic.o
                                         0xf8 (size before relaxing)
 .eh_frame      0x0000008004219c50       0xd4 obj/kern/spinlock.o
                                         0xf0 (size before relaxing)

.rela.dyn       0x0000008004219d28        0x0 load address 0x0000000000219d28
 .rela.got      0x0000008004219d28        0x0 obj/kern/bootstrap.o
 .rela.iplt     0x0000008004219d28        0x0 obj/kern/bootstrap.o
 .rela.text     0x0000008004219d28        0x0 obj/kern/bootstrap.o
 .rela.data     0x0000008004219d28        0x0 obj/kern/bootstrap.o
                0x000000800421a000                . = ALIGN (0x1000)

.data           0x000000800421a000   0x1e7290 load address 0x000000000021a000
 *(EXCLUDE_FILE(obj/kern/bootstrap.o) .data)
 .data          0x000000800421a000    0x10042 obj/kern/entry.o
                0x000000800421a000                bootstack
                0x000000800422a000                kernel_64
                0x000000800422a000                bootstacktop
                0x000000800422a038                gdtdesc_64
 .data          0x000000800422a042        0x0 obj/kern/init.o
 *fill*         0x000000800422a042       0x1e 
 .data          0x000000800422a060      0x520 obj/kern/console.o
 .data          0x000000800422a580       0x48 obj/kern/monitor.o
 .data          0x000000800422a5c8        0x8 obj/kern/pmap.o
 *fill*         0x000000800422a5d0       0x10 
 .data          0x000000800422a5e0       0xb2 obj/kern/env.o
                0x000000800422a5e0                gdt
                0x000000800422a688                gdt_pd
 .data          0x000000800422a692        0x0 obj/kern/kclock.o
 .data          0x000000800422a692        0x2 obj/kern/picirq.o
                0x000000800422a692                irq_mask_8259A
 .data          0x000000800422a694        0x0 obj/kern/printf.o
 .data          0x000000800422a694        0x0 obj/kern/trap.o
 .data          0x000000800422a694        0x0 obj/kern/trapentry.o
 .data          0x000000800422a694        0x0 obj/kern/sched.o
 .data          0x000000800422a694        0x0 obj/kern/syscall.o
 *fill*         0x000000800422a694        0x4 
 .data          0x000000800422a698       0x18 obj/kern/kdebug.o
                0x000000800422a698                fde
                0x000000800422a6a0                cie
                0x000000800422a6a8                dbg
 .data          0x000000800422a6b0        0x0 obj/kern/printfmt.o
 .data          0x000000800422a6b0        0x0 obj/kern/readline.o
 .data          0x000000800422a6b0        0x0 obj/kern/string.o
 .data          0x000000800422a6b0        0x0 obj/kern/libdwarf_rw.o
 *fill*         0x000000800422a6b0       0x10 
 .data          0x000000800422a6c0       0x20 obj/kern/libdwarf_frame.o
                0x000000800422a6c0                debug_frame_sec
 .data          0x000000800422a6e0        0x0 obj/kern/libdwarf_lineno.o
 .data          0x000000800422a6e0       0xa0 obj/kern/elf_rw.o
                0x000000800422a6e0                section_info
 .data          0x000000800422a780        0x0 obj/kern/mpentry.o
 .data          0x000000800422a780        0x0 obj/kern/mpconfig.o
 .data          0x000000800422a780        0x0 obj/kern/lapic.o
 .data          0x000000800422a780       0x68 obj/kern/spinlock.o
                0x000000800422a780                kernel_lock
 .data          0x000000800422a7e8     0xe908 obj/user/hello
                0x000000800422a7e8                _binary_obj_user_hello_start
                0x00000080042390f0                _binary_obj_user_hello_end
 .data          0x00000080042390f0     0xe898 obj/user/buggyhello
                0x00000080042390f0                _binary_obj_user_buggyhello_start
                0x0000008004247988                _binary_obj_user_buggyhello_end
 .data          0x0000008004247988     0xe8f0 obj/user/buggyhello2
                0x0000008004247988                _binary_obj_user_buggyhello2_start
                0x0000008004256278                _binary_obj_user_buggyhello2_end
 .data          0x0000008004256278     0xe8a8 obj/user/evilhello
                0x0000008004256278                _binary_obj_user_evilhello_start
                0x0000008004264b20                _binary_obj_user_evilhello_end
 .data          0x0000008004264b20     0xeb10 obj/user/testbss
                0x0000008004264b20                _binary_obj_user_testbss_start
                0x0000008004273630                _binary_obj_user_testbss_end
 .data          0x0000008004273630     0xe908 obj/user/divzero
                0x0000008004273630                _binary_obj_user_divzero_start
                0x0000008004281f38                _binary_obj_user_divzero_end
 .data          0x0000008004281f38     0xe7b0 obj/user/breakpoint
                0x0000008004281f38                _binary_obj_user_breakpoint_start
                0x00000080042906e8                _binary_obj_user_breakpoint_end
 .data          0x00000080042906e8     0xe7b0 obj/user/softint
                0x00000080042906e8                _binary_obj_user_softint_start
                0x000000800429ee98                _binary_obj_user_softint_end
 .data          0x000000800429ee98     0xe7b0 obj/user/badsegment
                0x000000800429ee98                _binary_obj_user_badsegment_start
                0x00000080042ad648                _binary_obj_user_badsegment_end
 .data          0x00000080042ad648     0xe8d0 obj/user/faultread
                0x00000080042ad648                _binary_obj_user_faultread_start
                0x00000080042bbf18                _binary_obj_user_faultread_end
 .data          0x00000080042bbf18     0xe8e0 obj/user/faultreadkernel
                0x00000080042bbf18                _binary_obj_user_faultreadkernel_start
                0x00000080042ca7f8                _binary_obj_user_faultreadkernel_end
 .data          0x00000080042ca7f8     0xe7b0 obj/user/faultwrite
                0x00000080042ca7f8                _binary_obj_user_faultwrite_start
                0x00000080042d8fa8                _binary_obj_user_faultwrite_end
 .data          0x00000080042d8fa8     0xe7c0 obj/user/faultwritekernel
                0x00000080042d8fa8                _binary_obj_user_faultwritekernel_start
                0x00000080042e7768                _binary_obj_user_faultwritekernel_end
 .data          0x00000080042e7768     0xe858 obj/user/idle
                0x00000080042e7768                _binary_obj_user_idle_start
                0x00000080042f5fc0                _binary_obj_user_idle_end
 .data          0x00000080042f5fc0     0xe9f8 obj/user/yield
                0x00000080042f5fc0                _binary_obj_user_yield_start
                0x00000080043049b8                _binary_obj_user_yield_end
 .data          0x00000080043049b8     0xf490 obj/user/dumbfork
                0x00000080043049b8                _binary_obj_user_dumbfork_start
                0x0000008004313e48                _binary_obj_user_dumbfork_end
 .data          0x0000008004313e48     0xfa90 obj/user/stresssched
                0x0000008004313e48                _binary_obj_user_stresssched_start
                0x00000080043238d8                _binary_obj_user_stresssched_end
 .data          0x00000080043238d8     0xf5d8 obj/user/faultdie
                0x00000080043238d8                _binary_obj_user_faultdie_start
                0x0000008004332eb0                _binary_obj_user_faultdie_end
 .data          0x0000008004332eb0    0x11530 obj/user/faultregs
                0x0000008004332eb0                _binary_obj_user_faultregs_start
                0x00000080043443e0                _binary_obj_user_faultregs_end
 .data          0x00000080043443e0     0xf7e0 obj/user/faultalloc
                0x00000080043443e0                _binary_obj_user_faultalloc_start
                0x0000008004353bc0                _binary_obj_user_faultalloc_end
 .data          0x0000008004353bc0     0xf7a0 obj/user/faultallocbad
                0x0000008004353bc0                _binary_obj_user_faultallocbad_start
                0x0000008004363360                _binary_obj_user_faultallocbad_end
 .data          0x0000008004363360     0xf388 obj/user/faultnostack
                0x0000008004363360                _binary_obj_user_faultnostack_start
                0x00000080043726e8                _binary_obj_user_faultnostack_end
 .data          0x00000080043726e8     0xe8f8 obj/user/faultbadhandler
                0x00000080043726e8                _binary_obj_user_faultbadhandler_start
                0x0000008004380fe0                _binary_obj_user_faultbadhandler_end
 .data          0x0000008004380fe0     0xe8f8 obj/user/faultevilhandler
                0x0000008004380fe0                _binary_obj_user_faultevilhandler_start
                0x000000800438f8d8                _binary_obj_user_faultevilhandler_end
 .data          0x000000800438f8d8     0xfbb0 obj/user/forktree
                0x000000800438f8d8                _binary_obj_user_forktree_start
                0x000000800439f488                _binary_obj_user_forktree_end
 .data          0x000000800439f488    0x117b8 obj/user/sendpage
                0x000000800439f488                _binary_obj_user_sendpage_start
                0x00000080043b0c40                _binary_obj_user_sendpage_end
 .data          0x00000080043b0c40     0xf980 obj/user/spin
                0x00000080043b0c40                _binary_obj_user_spin_start
                0x00000080043c05c0                _binary_obj_user_spin_end
 .data          0x00000080043c05c0     0xf700 obj/user/fairness
                0x00000080043c05c0                _binary_obj_user_fairness_start
                0x00000080043cfcc0                _binary_obj_user_fairness_end
 .data          0x00000080043cfcc0    0x10658 obj/user/pingpong
                0x00000080043cfcc0                _binary_obj_user_pingpong_start
                0x00000080043e0318                _binary_obj_user_pingpong_end
 .data          0x00000080043e0318    0x106b8 obj/user/pingpongs
                0x00000080043e0318                _binary_obj_user_pingpongs_start
                0x00000080043f09d0                _binary_obj_user_pingpongs_end
 .data          0x00000080043f09d0    0x108c0 obj/user/primes
                0x00000080043f09d0                _binary_obj_user_primes_start
                0x0000008004401290                _binary_obj_user_primes_end
                0x0000008004401290                PROVIDE (edata = .)

.got            0x0000008004401290        0x0 load address 0x0000000000401290
 .got           0x0000008004401290        0x0 obj/kern/bootstrap.o

.got.plt        0x0000008004401290        0x0 load address 0x0000000000401290
 .got.plt       0x0000008004401290        0x0 obj/kern/bootstrap.o

.igot.plt       0x0000008004401290        0x0 load address 0x0000000000401290
 .igot.plt      0x0000008004401290        0x0 obj/kern/bootstrap.o

.bss            0x0000008004402000    0x84010 load address 0x0000000000402000
 *(EXCLUDE_FILE(obj/kern/bootstrap.o) .bss)
 .bss           0x0000008004402000        0x0 obj/kern/entry.o
 .bss           0x0000008004402000        0x0 obj/kern/init.o
 .bss           0x0000008004402000      0x22c obj/kern/console.o
 .bss           0x000000800440222c        0x0 obj/kern/monitor.o
 *fill*         0x000000800440222c        0x4 
 .bss           0x0000008004402230       0x20 obj/kern/pmap.o
 .bss           0x0000008004402250       0x10 obj/kern/env.o
                0x0000008004402250                envs
 .bss           0x0000008004402260        0x0 obj/kern/kclock.o
 .bss           0x0000008004402260        0x1 obj/kern/picirq.o
 .bss           0x0000008004402261        0x0 obj/kern/printf.o
 *fill*         0x0000008004402261       0x1f 
 .bss           0x0000008004402280     0x1018 obj/kern/trap.o
                0x0000008004402280                idt
                0x0000008004403280                idt_pd
 .bss           0x0000008004403298        0x0 obj/kern/trapentry.o
 .bss           0x0000008004403298        0x0 obj/kern/sched.o
 .bss           0x0000008004403298        0x0 obj/kern/syscall.o
 .bss           0x0000008004403298        0x8 obj/kern/kdebug.o
 .bss           0x00000080044032a0        0x0 obj/kern/printfmt.o
 .bss           0x00000080044032a0      0x400 obj/kern/readline.o
 .bss           0x00000080044036a0        0x0 obj/kern/string.o
 .bss           0x00000080044036a0        0x0 obj/kern/libdwarf_rw.o
 .bss           0x00000080044036a0       0x68 obj/kern/libdwarf_frame.o
                0x00000080044036a0                global_rt_table
                0x00000080044036e0                global_rt_table_shadow
 .bss           0x0000008004403708        0x0 obj/kern/libdwarf_lineno.o
 .bss           0x0000008004403708        0x0 obj/kern/elf_rw.o
 .bss           0x0000008004403708        0x0 obj/kern/mpentry.o
 .bss           0x0000008004403708        0x0 obj/kern/mpconfig.o
 .bss           0x0000008004403708        0x0 obj/kern/lapic.o
 .bss           0x0000008004403708        0x0 obj/kern/spinlock.o
 COMMON         0x0000008004403708       0x18 obj/kern/init.o
                0x0000008004403708                end_debug
                0x0000008004403710                panicstr
                0x0000008004403718                mpentry_kstack
 COMMON         0x0000008004403720       0x20 obj/kern/pmap.o
                0x0000008004403720                boot_cr3
                0x0000008004403728                boot_pml4e
                0x0000008004403730                npages
                0x0000008004403738                pages
 COMMON         0x0000008004403740       0x68 obj/kern/trap.o
                0x0000008004403740                ts
 *fill*         0x00000080044037a8       0x18 
 COMMON         0x00000080044037c0      0x160 obj/kern/kdebug.o
                0x00000080044037c0                mydebug
                0x0000008004403820                _cie
                0x00000080044038a0                _fde
 COMMON         0x0000008004403920      0xc70 obj/kern/libdwarf_frame.o
                0x0000008004403920                global_rules_shadow
                0x0000008004403f60                global_rules
 *fill*         0x0000008004404590       0x10 
 COMMON         0x00000080044045a0      0x200 obj/kern/libdwarf_lineno.o
                0x00000080044045a0                global_std_op
 *fill*         0x00000080044047a0      0x860 
 COMMON         0x0000008004405000    0x81000 obj/kern/mpconfig.o
                0x0000008004405000                ismp
                0x0000008004405020                cpus
                0x00000080044053e0                bootcpu
                0x00000080044053e8                ncpu
                0x0000008004406000                percpu_kstacks
 COMMON         0x0000008004486000       0x10 obj/kern/lapic.o
                0x0000008004486000                lapicaddr
                0x0000008004486008                lapic
                0x0000008004486010                PROVIDE (end = .)

.debug
 *(.debug)

.line
 *(.line)

.debug_srcinfo
 *(.debug_srcinfo)

.debug_sfnames
 *(.debug_sfnames)

.debug_aranges  0x0000000000000000      0x4e0
 *(.debug_aranges)
 .debug_aranges
                0x0000000000000000       0x30 obj/kern/bootstrap.o
 .debug_aranges
                0x0000000000000030       0x30 obj/kern/entry.o
 .debug_aranges
                0x0000000000000060       0x30 obj/kern/init.o
 .debug_aranges
                0x0000000000000090       0x30 obj/kern/console.o
 .debug_aranges
                0x00000000000000c0       0x30 obj/kern/monitor.o
 .debug_aranges
                0x00000000000000f0       0x30 obj/kern/pmap.o
 .debug_aranges
                0x0000000000000120       0x30 obj/kern/env.o
 .debug_aranges
                0x0000000000000150       0x30 obj/kern/kclock.o
 .debug_aranges
                0x0000000000000180       0x30 obj/kern/picirq.o
 .debug_aranges
                0x00000000000001b0       0x30 obj/kern/printf.o
 .debug_aranges
                0x00000000000001e0       0x30 obj/kern/trap.o
 .debug_aranges
                0x0000000000000210       0x30 obj/kern/trapentry.o
 .debug_aranges
                0x0000000000000240       0x30 obj/kern/sched.o
 .debug_aranges
                0x0000000000000270       0x30 obj/kern/syscall.o
 .debug_aranges
                0x00000000000002a0       0x30 obj/kern/kdebug.o
 .debug_aranges
                0x00000000000002d0       0x30 obj/kern/printfmt.o
 .debug_aranges
                0x0000000000000300       0x30 obj/kern/readline.o
 .debug_aranges
                0x0000000000000330       0x30 obj/kern/string.o
 .debug_aranges
                0x0000000000000360       0x30 obj/kern/libdwarf_rw.o
 .debug_aranges
                0x0000000000000390       0x30 obj/kern/libdwarf_frame.o
 .debug_aranges
                0x00000000000003c0       0x30 obj/kern/libdwarf_lineno.o
 .debug_aranges
                0x00000000000003f0       0x30 obj/kern/elf_rw.o
 .debug_aranges
                0x0000000000000420       0x30 obj/kern/mpentry.o
 .debug_aranges
                0x0000000000000450       0x30 obj/kern/mpconfig.o
 .debug_aranges
                0x0000000000000480       0x30 obj/kern/lapic.o
 .debug_aranges
                0x00000000000004b0       0x30 obj/kern/spinlock.o

.debug_pubnames
 *(.debug_pubnames)

.debug_info     0x0000000000000000    0x198c4
 *(.debug_info .gnu.linkonce.wi.*)
 .debug_info    0x0000000000000000       0x2e obj/kern/bootstrap.o
 .debug_info    0x000000000000002e       0x2e obj/kern/entry.o
 .debug_info    0x000000000000005c     0x1177 obj/kern/init.o
 .debug_info    0x00000000000011d3      0xf21 obj/kern/console.o
 .debug_info    0x00000000000020f4      0xd4c obj/kern/monitor.o
 .debug_info    0x0000000000002e40     0x5d84 obj/kern/pmap.o
 .debug_info    0x0000000000008bc4     0x19b3 obj/kern/env.o
 .debug_info    0x000000000000a577      0x1f3 obj/kern/kclock.o
 .debug_info    0x000000000000a76a      0x4a9 obj/kern/picirq.o
 .debug_info    0x000000000000ac13      0x276 obj/kern/printf.o
 .debug_info    0x000000000000ae89     0x1616 obj/kern/trap.o
 .debug_info    0x000000000000c49f       0x2e obj/kern/trapentry.o
 .debug_info    0x000000000000c4cd      0xb2a obj/kern/sched.o
 .debug_info    0x000000000000cff7     0x14aa obj/kern/syscall.o
 .debug_info    0x000000000000e4a1     0x1c25 obj/kern/kdebug.o
 .debug_info    0x00000000000100c6      0x9c1 obj/kern/printfmt.o
 .debug_info    0x0000000000010a87      0x1cc obj/kern/readline.o
 .debug_info    0x0000000000010c53      0x766 obj/kern/string.o
 .debug_info    0x00000000000113b9     0x1fdc obj/kern/libdwarf_rw.o
 .debug_info    0x0000000000013395     0x1cee obj/kern/libdwarf_frame.o
 .debug_info    0x0000000000015083     0x12a2 obj/kern/libdwarf_lineno.o
 .debug_info    0x0000000000016325      0xd69 obj/kern/elf_rw.o
 .debug_info    0x000000000001708e       0x2e obj/kern/mpentry.o
 .debug_info    0x00000000000170bc     0x1016 obj/kern/mpconfig.o
 .debug_info    0x00000000000180d2      0xbd7 obj/kern/lapic.o
 .debug_info    0x0000000000018ca9      0xc1b obj/kern/spinlock.o

.debug_abbrev   0x0000000000000000     0x341f
 *(.debug_abbrev)
 .debug_abbrev  0x0000000000000000       0x14 obj/kern/bootstrap.o
 .debug_abbrev  0x0000000000000014       0x14 obj/kern/entry.o
 .debug_abbrev  0x0000000000000028      0x2ca obj/kern/init.o
 .debug_abbrev  0x00000000000002f2      0x2e9 obj/kern/console.o
 .debug_abbrev  0x00000000000005db      0x241 obj/kern/monitor.o
 .debug_abbrev  0x000000000000081c      0x372 obj/kern/pmap.o
 .debug_abbrev  0x0000000000000b8e      0x384 obj/kern/env.o
 .debug_abbrev  0x0000000000000f12      0x102 obj/kern/kclock.o
 .debug_abbrev  0x0000000000001014      0x115 obj/kern/picirq.o
 .debug_abbrev  0x0000000000001129      0x107 obj/kern/printf.o
 .debug_abbrev  0x0000000000001230      0x33a obj/kern/trap.o
 .debug_abbrev  0x000000000000156a       0x14 obj/kern/trapentry.o
 .debug_abbrev  0x000000000000157e      0x245 obj/kern/sched.o
 .debug_abbrev  0x00000000000017c3      0x296 obj/kern/syscall.o
 .debug_abbrev  0x0000000000001a59      0x344 obj/kern/kdebug.o
 .debug_abbrev  0x0000000000001d9d      0x28e obj/kern/printfmt.o
 .debug_abbrev  0x000000000000202b       0xe5 obj/kern/readline.o
 .debug_abbrev  0x0000000000002110      0x17e obj/kern/string.o
 .debug_abbrev  0x000000000000228e      0x277 obj/kern/libdwarf_rw.o
 .debug_abbrev  0x0000000000002505      0x2d4 obj/kern/libdwarf_frame.o
 .debug_abbrev  0x00000000000027d9      0x2a6 obj/kern/libdwarf_lineno.o
 .debug_abbrev  0x0000000000002a7f      0x21f obj/kern/elf_rw.o
 .debug_abbrev  0x0000000000002c9e       0x14 obj/kern/mpentry.o
 .debug_abbrev  0x0000000000002cb2      0x298 obj/kern/mpconfig.o
 .debug_abbrev  0x0000000000002f4a      0x22e obj/kern/lapic.o
 .debug_abbrev  0x0000000000003178      0x2a7 obj/kern/spinlock.o

.debug_line     0x0000000000000000     0x3cbb
 *(.debug_line)
 .debug_line    0x0000000000000000       0x99 obj/kern/bootstrap.o
 .debug_line    0x0000000000000099       0x51 obj/kern/entry.o
 .debug_line    0x00000000000000ea      0x1fe obj/kern/init.o
 .debug_line    0x00000000000002e8      0x2b6 obj/kern/console.o
 .debug_line    0x000000000000059e      0x1a7 obj/kern/monitor.o
 .debug_line    0x0000000000000745      0xe89 obj/kern/pmap.o
 .debug_line    0x00000000000015ce      0x3c0 obj/kern/env.o
 .debug_line    0x000000000000198e       0x86 obj/kern/kclock.o
 .debug_line    0x0000000000001a14       0xc1 obj/kern/picirq.o
 .debug_line    0x0000000000001ad5       0x87 obj/kern/printf.o
 .debug_line    0x0000000000001b5c      0x2ec obj/kern/trap.o
 .debug_line    0x0000000000001e48       0x75 obj/kern/trapentry.o
 .debug_line    0x0000000000001ebd      0x192 obj/kern/sched.o
 .debug_line    0x000000000000204f      0x251 obj/kern/syscall.o
 .debug_line    0x00000000000022a0      0x231 obj/kern/kdebug.o
 .debug_line    0x00000000000024d1      0x1d0 obj/kern/printfmt.o
 .debug_line    0x00000000000026a1       0x8f obj/kern/readline.o
 .debug_line    0x0000000000002730      0x1ec obj/kern/string.o
 .debug_line    0x000000000000291c      0x48c obj/kern/libdwarf_rw.o
 .debug_line    0x0000000000002da8      0x531 obj/kern/libdwarf_frame.o
 .debug_line    0x00000000000032d9      0x22c obj/kern/libdwarf_lineno.o
 .debug_line    0x0000000000003505      0x245 obj/kern/elf_rw.o
 .debug_line    0x000000000000374a       0x74 obj/kern/mpentry.o
 .debug_line    0x00000000000037be      0x1fa obj/kern/mpconfig.o
 .debug_line    0x00000000000039b8      0x16e obj/kern/lapic.o
 .debug_line    0x0000000000003b26      0x195 obj/kern/spinlock.o

.debug_frame
 *(.debug_frame)

.debug_str      0x0000000000000000     0x28eb
 *(.debug_str)
 .debug_str     0x0000000000000000       0x2b obj/kern/bootstrap.o
 .debug_str     0x000000000000002b        0xd obj/kern/entry.o
                                         0x27 (size before relaxing)
 .debug_str     0x0000000000000038      0x797 obj/kern/init.o
                                        0x840 (size before relaxing)
 .debug_str     0x00000000000007cf      0x147 obj/kern/console.o
                                        0x2ea (size before relaxing)
 .debug_str     0x0000000000000916      0x180 obj/kern/monitor.o
                                        0x500 (size before relaxing)
 .debug_str     0x0000000000000a96      0x54a obj/kern/pmap.o
                                        0xb5a (size before relaxing)
 .debug_str     0x0000000000000fe0      0x1db obj/kern/env.o
                                        0x99c (size before relaxing)
 .debug_str     0x00000000000011bb       0x23 obj/kern/kclock.o
                                        0x17c (size before relaxing)
 .debug_str     0x00000000000011de       0x1b obj/kern/picirq.o
                                        0x1b8 (size before relaxing)
 .debug_str     0x00000000000011f9       0x18 obj/kern/printf.o
                                        0x1df (size before relaxing)
 .debug_str     0x0000000000001211       0xd4 obj/kern/trap.o
                                        0x7fa (size before relaxing)
 .debug_str     0x00000000000012e5       0x11 obj/kern/trapentry.o
                                         0x2b (size before relaxing)
 .debug_str     0x00000000000012f6       0x1d obj/kern/sched.o
                                        0x65a (size before relaxing)
 .debug_str     0x0000000000001313      0x1d4 obj/kern/syscall.o
                                        0x968 (size before relaxing)
 .debug_str     0x00000000000014e7      0xa06 obj/kern/kdebug.o
                                       0x1150 (size before relaxing)
 .debug_str     0x0000000000001eed       0x97 obj/kern/printfmt.o
                                        0x324 (size before relaxing)
 .debug_str     0x0000000000001f84       0x1e obj/kern/readline.o
                                        0x130 (size before relaxing)
 .debug_str     0x0000000000001fa2       0x6b obj/kern/string.o
                                        0x20a (size before relaxing)
 .debug_str     0x000000000000200d      0x212 obj/kern/libdwarf_rw.o
                                        0xc59 (size before relaxing)
 .debug_str     0x000000000000221f      0x27a obj/kern/libdwarf_frame.o
                                        0xbef (size before relaxing)
 .debug_str     0x0000000000002499      0x1ae obj/kern/libdwarf_lineno.o
                                        0xc2c (size before relaxing)
 .debug_str     0x0000000000002647      0x17a obj/kern/elf_rw.o
                                        0x4b2 (size before relaxing)
 .debug_str     0x00000000000027c1        0xf obj/kern/mpentry.o
                                         0x29 (size before relaxing)
 .debug_str     0x00000000000027d0       0xa4 obj/kern/mpconfig.o
                                        0x610 (size before relaxing)
 .debug_str     0x0000000000002874       0x40 obj/kern/lapic.o
                                        0x57a (size before relaxing)
 .debug_str     0x00000000000028b4       0x37 obj/kern/spinlock.o
                                        0x64f (size before relaxing)

.debug_loc      0x0000000000000000    0x18ffe
 *(.debug_loc)
 .debug_loc     0x0000000000000000      0x608 obj/kern/init.o
 .debug_loc     0x0000000000000608     0x14aa obj/kern/console.o
 .debug_loc     0x0000000000001ab2      0x8d0 obj/kern/monitor.o
 .debug_loc     0x0000000000002382     0x5660 obj/kern/pmap.o
 .debug_loc     0x00000000000079e2     0x17c0 obj/kern/env.o
 .debug_loc     0x00000000000091a2      0x1dc obj/kern/kclock.o
 .debug_loc     0x000000000000937e      0x5dd obj/kern/picirq.o
 .debug_loc     0x000000000000995b      0x2be obj/kern/printf.o
 .debug_loc     0x0000000000009c19      0x74c obj/kern/trap.o
 .debug_loc     0x000000000000a365      0x2cc obj/kern/sched.o
 .debug_loc     0x000000000000a631     0x18b1 obj/kern/syscall.o
 .debug_loc     0x000000000000bee2      0x9a7 obj/kern/kdebug.o
 .debug_loc     0x000000000000c889      0xd3c obj/kern/printfmt.o
 .debug_loc     0x000000000000d5c5      0x23b obj/kern/readline.o
 .debug_loc     0x000000000000d800     0x1996 obj/kern/string.o
 .debug_loc     0x000000000000f196     0x341b obj/kern/libdwarf_rw.o
 .debug_loc     0x00000000000125b1     0x2da1 obj/kern/libdwarf_frame.o
 .debug_loc     0x0000000000015352     0x13e7 obj/kern/libdwarf_lineno.o
 .debug_loc     0x0000000000016739     0x13ba obj/kern/elf_rw.o
 .debug_loc     0x0000000000017af3      0xb55 obj/kern/mpconfig.o
 .debug_loc     0x0000000000018648      0x556 obj/kern/lapic.o
 .debug_loc     0x0000000000018b9e      0x460 obj/kern/spinlock.o

.comment        0x0000000000000000       0x29
 .comment       0x0000000000000000       0x29 obj/kern/init.o
                                         0x2a (size before relaxing)
 .comment       0x0000000000000029       0x2a obj/kern/console.o
 .comment       0x0000000000000029       0x2a obj/kern/monitor.o
 .comment       0x0000000000000029       0x2a obj/kern/pmap.o
 .comment       0x0000000000000029       0x2a obj/kern/env.o
 .comment       0x0000000000000029       0x2a obj/kern/kclock.o
 .comment       0x0000000000000029       0x2a obj/kern/picirq.o
 .comment       0x0000000000000029       0x2a obj/kern/printf.o
 .comment       0x0000000000000029       0x2a obj/kern/trap.o
 .comment       0x0000000000000029       0x2a obj/kern/sched.o
 .comment       0x0000000000000029       0x2a obj/kern/syscall.o
 .comment       0x0000000000000029       0x2a obj/kern/kdebug.o
 .comment       0x0000000000000029       0x2a obj/kern/printfmt.o
 .comment       0x0000000000000029       0x2a obj/kern/readline.o
 .comment       0x0000000000000029       0x2a obj/kern/string.o
 .comment       0x0000000000000029       0x2a obj/kern/libdwarf_rw.o
 .comment       0x0000000000000029       0x2a obj/kern/libdwarf_frame.o
 .comment       0x0000000000000029       0x2a obj/kern/libdwarf_lineno.o
 .comment       0x0000000000000029       0x2a obj/kern/elf_rw.o
 .comment       0x0000000000000029       0x2a obj/kern/mpconfig.o
 .comment       0x0000000000000029       0x2a obj/kern/lapic.o
 .comment       0x0000000000000029       0x2a obj/kern/spinlock.o

.debug_macinfo
 *(.debug_macinfo)

.debug_weaknames
 *(.debug_weaknames)

.debug_funcnames
 *(.debug_funcnames)

.debug_typenames
 *(.debug_typenames)

.debug_varnames
 *(.debug_varnames)

/DISCARD/
 *(.note.GNU-stack)
LOAD obj/kern/entry.o
LOAD obj/kern/bootstrap.o
LOAD obj/kern/init.o
LOAD obj/kern/console.o
LOAD obj/kern/monitor.o
LOAD obj/kern/pmap.o
LOAD obj/kern/env.o
LOAD obj/kern/kclock.o
LOAD obj/kern/picirq.o
LOAD obj/kern/printf.o
LOAD obj/kern/trap.o
LOAD obj/kern/trapentry.o
LOAD obj/kern/sched.o
LOAD obj/kern/syscall.o
LOAD obj/kern/kdebug.o
LOAD obj/kern/printfmt.o
LOAD obj/kern/readline.o
LOAD obj/kern/string.o
LOAD obj/kern/libdwarf_rw.o
LOAD obj/kern/libdwarf_frame.o
LOAD obj/kern/libdwarf_lineno.o
LOAD obj/kern/elf_rw.o
LOAD obj/kern/mpentry.o
LOAD obj/kern/mpconfig.o
LOAD obj/kern/lapic.o
LOAD obj/kern/spinlock.o
LOAD /usr/lib/gcc/x86_64-linux-gnu/7/libgcc.a
TARGET(binary)
LOAD obj/user/hello
LOAD obj/user/buggyhello
LOAD obj/user/buggyhello2
LOAD obj/user/evilhello
LOAD obj/user/testbss
LOAD obj/user/divzero
LOAD obj/user/breakpoint
LOAD obj/user/softint
LOAD obj/user/badsegment
LOAD obj/user/faultread
LOAD obj/user/faultreadkernel
LOAD obj/user/faultwrite
LOAD obj/user/faultwritekernel
LOAD obj/user/idle
LOAD obj/user/yield
LOAD obj/user/dumbfork
LOAD obj/user/stresssched
LOAD obj/user/faultdie
LOAD obj/user/faultregs
LOAD obj/user/faultalloc
LOAD obj/user/faultallocbad
LOAD obj/user/faultnostack
LOAD obj/user/faultbadhandler
LOAD obj/user/faultevilhandler
LOAD obj/user/forktree
LOAD obj/user/sendpage
LOAD obj/user/spin
LOAD obj/user/fairness
LOAD obj/user/pingpong
LOAD obj/user/pingpongs
LOAD obj/user/primes
OUTPUT(obj/kern/kernel elf64-x86-64)

.debug_ranges   0x0000000000000000       0x30
 .debug_ranges  0x0000000000000000       0x30 obj/kern/string.o
