
Allocating common symbols
Common symbol       size              file

global_rules_shadow
                    0x630             obj/kern/libdwarf_frame.o
ts                  0x68              obj/kern/trap.o
end_debug           0x8               obj/kern/init.o
mydebug             0x60              obj/kern/kdebug.o
panicstr            0x8               obj/kern/init.o
boot_cr3            0x8               obj/kern/pmap.o
global_std_op       0x200             obj/kern/libdwarf_lineno.o
_cie                0x78              obj/kern/kdebug.o
global_rules        0x630             obj/kern/libdwarf_frame.o
boot_pml4e          0x8               obj/kern/pmap.o
_fde                0x80              obj/kern/kdebug.o
npages              0x8               obj/kern/pmap.o
pages               0x8               obj/kern/pmap.o

Discarded input sections

 .note.GNU-stack
                0x0000000000000000        0x0 obj/kern/init.o
 .note.GNU-stack
                0x0000000000000000        0x0 obj/kern/console.o
 .note.GNU-stack
                0x0000000000000000        0x0 obj/kern/monitor.o
 .note.GNU-stack
                0x0000000000000000        0x0 obj/kern/pmap.o
 .note.GNU-stack
                0x0000000000000000        0x0 obj/kern/env.o
 .note.GNU-stack
                0x0000000000000000        0x0 obj/kern/kclock.o
 .note.GNU-stack
                0x0000000000000000        0x0 obj/kern/printf.o
 .note.GNU-stack
                0x0000000000000000        0x0 obj/kern/trap.o
 .note.GNU-stack
                0x0000000000000000        0x0 obj/kern/syscall.o
 .note.GNU-stack
                0x0000000000000000        0x0 obj/kern/kdebug.o
 .note.GNU-stack
                0x0000000000000000        0x0 obj/kern/printfmt.o
 .note.GNU-stack
                0x0000000000000000        0x0 obj/kern/readline.o
 .note.GNU-stack
                0x0000000000000000        0x0 obj/kern/string.o
 .note.GNU-stack
                0x0000000000000000        0x0 obj/kern/libdwarf_rw.o
 .note.GNU-stack
                0x0000000000000000        0x0 obj/kern/libdwarf_frame.o
 .note.GNU-stack
                0x0000000000000000        0x0 obj/kern/libdwarf_lineno.o
 .note.GNU-stack
                0x0000000000000000        0x0 obj/kern/elf_rw.o

Memory Configuration

Name             Origin             Length             Attributes
*default*        0x0000000000000000 0xffffffffffffffff

Linker script and memory map

                0x0000000000100000                . = 0x100000

.bootstrap      0x0000000000100000     0x7004
 obj/kern/bootstrap.o(.text .data .bss)
 .text          0x0000000000100000      0x115 obj/kern/bootstrap.o
                0x0000000000100000                _head64
                0x00000000001000e5                jumpto_longmode
 *fill*         0x0000000000100115      0xeeb 
 .data          0x0000000000101000     0x6004 obj/kern/bootstrap.o
                0x0000000000102000                pml4phys
                0x0000000000107000                multiboot_info
 .bss           0x0000000000107004        0x0 obj/kern/bootstrap.o
                0x0000008004200000                . = 0x8004200000

.text           0x0000008004200000    0x11de5 load address 0x0000000000200000
 *(EXCLUDE_FILE(obj/kern/bootstrap.o) .text .stub .text.* .gnu.linkonce.t.*)
 .text          0x0000008004200000       0x58 obj/kern/entry.o
                0x000000800420000c                entry
                0x000000000020000c                _start
 .text          0x0000008004200058      0x316 obj/kern/init.o
                0x0000008004200058                i386_init
                0x0000008004200153                _panic
                0x0000008004200280                _warn
 .text          0x000000800420036e      0xb06 obj/kern/console.o
                0x00000080042003ff                serial_intr
                0x0000008004200c24                kbd_intr
                0x0000008004200cd2                cons_getc
                0x0000008004200dc7                cons_init
                0x0000008004200e21                cputchar
                0x0000008004200e40                getchar
                0x0000008004200e62                iscons
 .text          0x0000008004200e74      0x737 obj/kern/monitor.o
                0x0000008004200e74                mon_help
                0x0000008004200f0e                mon_kerninfo
                0x000000800420123b                mon_backtrace
                0x000000800420150a                monitor
 .text          0x00000080042015ab     0x544f obj/kern/pmap.o
                0x00000080042020ec                x64_vm_init
                0x000000800420255e                page_init
                0x0000008004202995                page_alloc
                0x0000008004202a90                page_free
                0x0000008004202b51                page_decref
                0x0000008004202b93                pml4e_walk
                0x0000008004202d0a                pdpe_walk
                0x0000008004202e81                pgdir_walk
                0x00000080042030cd                page_insert
                0x000000800420318c                page_lookup
                0x0000008004203210                page_remove
                0x0000008004203284                tlb_invalidate
                0x00000080042032a6                user_mem_check
                0x000000800420341c                user_mem_assert
 .text          0x00000080042069fa     0x1039 obj/kern/env.o
                0x0000008004206b41                envid2env
                0x0000008004206c35                env_init
                0x0000008004206d3e                env_init_percpu
                0x0000008004206e6e                env_alloc
                0x000000800420711c                load_icode
                0x00000080042072eb                env_create
                0x000000800420733c                env_free
                0x000000800420781d                env_destroy
                0x000000800420786a                env_pop_tf
                0x0000008004207903                env_run
 .text          0x0000008004207a33       0x7d obj/kern/kclock.o
                0x0000008004207a33                mc146818_read
                0x0000008004207a6f                mc146818_write
 .text          0x0000008004207ab0      0x166 obj/kern/printf.o
                0x0000008004207adf                vcprintf
                0x0000008004207b3e                cprintf
 .text          0x0000008004207c16     0x21ac obj/kern/trap.o
                0x0000008004207c5d                trap_init
                0x00000080042091c8                trap_init_percpu
                0x000000800420940d                print_trapframe
                0x0000008004209711                print_regs
                0x0000008004209aac                trap
                0x0000008004209d35                page_fault_handler
 .text          0x0000008004209dc2       0xe0 obj/kern/trapentry.o
                0x0000008004209dc2                XTRPX_divzero
                0x0000008004209dc8                XTRPX_debug
                0x0000008004209dce                XTRPX_nmint
                0x0000008004209dd4                XTRPX_brkpt
                0x0000008004209dda                XTRPX_oflow
                0x0000008004209de0                XTRPX_bound
                0x0000008004209de6                XTRPX_illop
                0x0000008004209dec                XTRPX_device
                0x0000008004209df2                XTRPX_dblflt
                0x0000008004209df6                XTRPX_tss
                0x0000008004209dfa                XTRPX_segnp
                0x0000008004209dfe                XTRPX_stack
                0x0000008004209e02                XTRPX_gpflt
                0x0000008004209e06                XTRPX_pgflt
                0x0000008004209e0a                XTRPX_fperr
                0x0000008004209e10                XTRPX_align
                0x0000008004209e14                XTRPX_mchk
                0x0000008004209e1a                XTRPX_simderr
                0x0000008004209e20                XTRPX_syscall
                0x0000008004209e26                XTRPX_default
 .text          0x0000008004209ea2      0x210 obj/kern/syscall.o
                0x000000800420a004                syscall
 .text          0x000000800420a0b2      0xb44 obj/kern/kdebug.o
                0x000000800420a0b2                list_func_die
                0x000000800420a7d9                debuginfo_rip
 .text          0x000000800420abf6      0xa4c obj/kern/printfmt.o
                0x000000800420aebc                vprintfmt
                0x000000800420b3c2                printfmt
                0x000000800420b4c4                vsnprintf
                0x000000800420b561                snprintf
 .text          0x000000800420b642      0x153 obj/kern/readline.o
                0x000000800420b642                readline
 .text          0x000000800420b795      0x7c6 obj/kern/string.o
                0x000000800420b795                strlen
                0x000000800420b7c3                strnlen
                0x000000800420b801                strcpy
                0x000000800420b844                strcat
                0x000000800420b893                strncpy
                0x000000800420b8f3                strlcpy
                0x000000800420b963                strcmp
                0x000000800420b9b6                strncmp
                0x000000800420ba27                strchr
                0x000000800420ba63                strfind
                0x000000800420ba9b                memset
                0x000000800420bb26                memmove
                0x000000800420bc3d                memcpy
                0x000000800420bc71                memcmp
                0x000000800420bce5                memfind
                0x000000800420bd2f                strtol
                0x000000800420bec0                strstr
 .text          0x000000800420bf5b     0x1e8c obj/kern/libdwarf_rw.o
                0x000000800420bf5b                _dwarf_read_lsb
                0x000000800420c087                _dwarf_decode_lsb
                0x000000800420c1a8                _dwarf_read_msb
                0x000000800420c35a                _dwarf_decode_msb
                0x000000800420c509                _dwarf_read_sleb128
                0x000000800420c5ad                _dwarf_read_uleb128
                0x000000800420c62c                _dwarf_decode_sleb128
                0x000000800420c6be                _dwarf_decode_uleb128
                0x000000800420c72b                _dwarf_read_string
                0x000000800420c7ba                _dwarf_read_block
                0x000000800420c803                _dwarf_elf_get_byte_order
                0x000000800420c871                _dwarf_elf_get_pointer_size
                0x000000800420c8db                _dwarf_init
                0x000000800420c9b7                _get_next_cu
                0x000000800420cb58                print_cu
                0x000000800420cb90                _dwarf_abbrev_parse
                0x000000800420ce13                _dwarf_abbrev_find
                0x000000800420cf1d                _dwarf_attr_init
                0x000000800420d5b7                dwarf_search_die_within_cu
                0x000000800420d893                dwarf_offdie
                0x000000800420d975                _dwarf_attr_find
                0x000000800420da08                dwarf_siblingof
                0x000000800420dc0a                dwarf_child
                0x000000800420dd8a                _dwarf_find_section_enhanced
 .text          0x000000800420dde7     0x25f3 obj/kern/libdwarf_frame.o
                0x000000800420dde7                _dwarf_frame_params_init
                0x000000800420de28                dwarf_get_fde_at_pc
                0x000000800420def8                _dwarf_frame_regtable_copy
                0x000000800420eebb                _dwarf_frame_get_internal_table
                0x000000800420f127                dwarf_get_fde_info_for_all_regs
                0x0000008004210043                _dwarf_frame_interal_table_init
                0x0000008004210302                dwarf_set_frame_cfa_value
                0x0000008004210332                dwarf_init_eh_section
 .text          0x00000080042103da      0xcdb obj/kern/libdwarf_lineno.o
                0x00000080042109c9                _dwarf_lineno_init
                0x0000008004210f3a                dwarf_srclines
 .text          0x00000080042110b5      0xd30 obj/kern/elf_rw.o
                0x00000080042110b5                _dwarf_find_section
                0x0000008004211135                find_debug_sections
                0x00000080042113ff                read_section_headers
                0x0000008004211b58                readseg
                0x0000008004211cbd                waitdisk
                0x0000008004211cea                readsect
                0x0000008004211de5                PROVIDE (etext = .)

.iplt           0x0000008004211de8        0x0 load address 0x0000000000211de8
 .iplt          0x0000008004211de8        0x0 obj/kern/bootstrap.o

.rodata         0x0000008004211e00     0x22cf load address 0x0000000000211e00
 *(EXCLUDE_FILE(obj/kern/bootstrap.o) .rodata .rodata.* .gnu.linkonce.r.*)
 .rodata        0x0000008004211e00       0x4f obj/kern/init.o
 .rodata        0x0000008004211e4f       0x29 obj/kern/console.o
 .rodata        0x0000008004211e78      0x279 obj/kern/monitor.o
 *fill*         0x00000080042120f1        0x7 
 .rodata        0x00000080042120f8      0xd1c obj/kern/pmap.o
 *fill*         0x0000008004212e14        0x4 
 .rodata        0x0000008004212e18      0x102 obj/kern/env.o
 *fill*         0x0000008004212f1a        0x6 
 .rodata        0x0000008004212f20      0x4c0 obj/kern/trap.o
 .rodata        0x00000080042133e0       0x60 obj/kern/syscall.o
 .rodata        0x0000008004213440      0x378 obj/kern/kdebug.o
 *fill*         0x00000080042137b8        0x8 
 .rodata        0x00000080042137c0      0x408 obj/kern/printfmt.o
 .rodata        0x0000008004213bc8       0x13 obj/kern/readline.o
 *fill*         0x0000008004213bdb        0x5 
 .rodata        0x0000008004213be0      0x1ab obj/kern/libdwarf_rw.o
 *fill*         0x0000008004213d8b        0x5 
 .rodata        0x0000008004213d90      0x1d8 obj/kern/libdwarf_frame.o
 .rodata        0x0000008004213f68       0xc3 obj/kern/libdwarf_lineno.o
 .rodata        0x000000800421402b       0xa4 obj/kern/elf_rw.o

.eh_frame       0x00000080042140d0     0x1510 load address 0x00000000002140d0
 .eh_frame      0x00000080042140d0       0x70 obj/kern/init.o
 .eh_frame      0x0000008004214140      0x240 obj/kern/console.o
                                        0x258 (size before relaxing)
 .eh_frame      0x0000008004214380       0xc0 obj/kern/monitor.o
                                         0xd8 (size before relaxing)
 .eh_frame      0x0000008004214440      0x3d0 obj/kern/pmap.o
                                        0x3e8 (size before relaxing)
 .eh_frame      0x0000008004214810      0x1f8 obj/kern/env.o
                                        0x210 (size before relaxing)
 .eh_frame      0x0000008004214a08       0x40 obj/kern/kclock.o
                                         0x58 (size before relaxing)
 .eh_frame      0x0000008004214a48       0x60 obj/kern/printf.o
                                         0x78 (size before relaxing)
 .eh_frame      0x0000008004214aa8      0x100 obj/kern/trap.o
                                        0x118 (size before relaxing)
 .eh_frame      0x0000008004214ba8       0xa0 obj/kern/syscall.o
                                         0xb8 (size before relaxing)
 .eh_frame      0x0000008004214c48       0x40 obj/kern/kdebug.o
                                         0x58 (size before relaxing)
 .eh_frame      0x0000008004214c88      0x110 obj/kern/printfmt.o
                                        0x128 (size before relaxing)
 .eh_frame      0x0000008004214d98       0x20 obj/kern/readline.o
                                         0x38 (size before relaxing)
 .eh_frame      0x0000008004214db8      0x220 obj/kern/string.o
                                        0x238 (size before relaxing)
 .eh_frame      0x0000008004214fd8      0x300 obj/kern/libdwarf_rw.o
                                        0x318 (size before relaxing)
 .eh_frame      0x00000080042152d8      0x1c8 obj/kern/libdwarf_frame.o
                                        0x1e0 (size before relaxing)
 .eh_frame      0x00000080042154a0       0x80 obj/kern/libdwarf_lineno.o
                                         0x98 (size before relaxing)
 .eh_frame      0x0000008004215520       0xc0 obj/kern/elf_rw.o
                                         0xd8 (size before relaxing)

.rela.dyn       0x00000080042155e0        0x0 load address 0x00000000002155e0
 .rela.got      0x00000080042155e0        0x0 obj/kern/bootstrap.o
 .rela.iplt     0x00000080042155e0        0x0 obj/kern/bootstrap.o
 .rela.text     0x00000080042155e0        0x0 obj/kern/bootstrap.o
 .rela.data     0x00000080042155e0        0x0 obj/kern/bootstrap.o
                0x0000008004216000                . = ALIGN (0x1000)

.data           0x0000008004216000    0xbd8f0 load address 0x0000000000216000
 *(EXCLUDE_FILE(obj/kern/bootstrap.o) .data)
 .data          0x0000008004216000    0x10042 obj/kern/entry.o
                0x0000008004216000                bootstack
                0x0000008004226000                kernel_64
                0x0000008004226000                bootstacktop
                0x0000008004226038                gdtdesc_64
 .data          0x0000008004226042        0x0 obj/kern/init.o
 *fill*         0x0000008004226042       0x1e 
 .data          0x0000008004226060      0x520 obj/kern/console.o
 .data          0x0000008004226580       0x48 obj/kern/monitor.o
 .data          0x00000080042265c8        0x0 obj/kern/pmap.o
 *fill*         0x00000080042265c8       0x18 
 .data          0x00000080042265e0       0x42 obj/kern/env.o
                0x00000080042265e0                gdt
                0x0000008004226618                gdt_pd
 .data          0x0000008004226622        0x0 obj/kern/kclock.o
 .data          0x0000008004226622        0x0 obj/kern/printf.o
 .data          0x0000008004226622        0x0 obj/kern/trap.o
 .data          0x0000008004226622        0x0 obj/kern/trapentry.o
 .data          0x0000008004226622        0x0 obj/kern/syscall.o
 *fill*         0x0000008004226622        0x6 
 .data          0x0000008004226628       0x18 obj/kern/kdebug.o
                0x0000008004226628                fde
                0x0000008004226630                cie
                0x0000008004226638                dbg
 .data          0x0000008004226640        0x0 obj/kern/printfmt.o
 .data          0x0000008004226640        0x0 obj/kern/readline.o
 .data          0x0000008004226640        0x0 obj/kern/string.o
 .data          0x0000008004226640        0x0 obj/kern/libdwarf_rw.o
 .data          0x0000008004226640       0x20 obj/kern/libdwarf_frame.o
                0x0000008004226640                debug_frame_sec
 .data          0x0000008004226660        0x0 obj/kern/libdwarf_lineno.o
 .data          0x0000008004226660       0xa0 obj/kern/elf_rw.o
                0x0000008004226660                section_info
 .data          0x0000008004226700     0xd580 obj/user/hello
                0x0000008004226700                _binary_obj_user_hello_start
                0x0000008004233c80                _binary_obj_user_hello_end
 .data          0x0000008004233c80     0xd518 obj/user/buggyhello
                0x0000008004233c80                _binary_obj_user_buggyhello_start
                0x0000008004241198                _binary_obj_user_buggyhello_end
 .data          0x0000008004241198     0xd560 obj/user/buggyhello2
                0x0000008004241198                _binary_obj_user_buggyhello2_start
                0x000000800424e6f8                _binary_obj_user_buggyhello2_end
 .data          0x000000800424e6f8     0xd518 obj/user/evilhello
                0x000000800424e6f8                _binary_obj_user_evilhello_start
                0x000000800425bc10                _binary_obj_user_evilhello_end
 .data          0x000000800425bc10     0xd798 obj/user/testbss
                0x000000800425bc10                _binary_obj_user_testbss_start
                0x00000080042693a8                _binary_obj_user_testbss_end
 .data          0x00000080042693a8     0xd590 obj/user/divzero
                0x00000080042693a8                _binary_obj_user_divzero_start
                0x0000008004276938                _binary_obj_user_divzero_end
 .data          0x0000008004276938     0xd438 obj/user/breakpoint
                0x0000008004276938                _binary_obj_user_breakpoint_start
                0x0000008004283d70                _binary_obj_user_breakpoint_end
 .data          0x0000008004283d70     0xd428 obj/user/softint
                0x0000008004283d70                _binary_obj_user_softint_start
                0x0000008004291198                _binary_obj_user_softint_end
 .data          0x0000008004291198     0xd438 obj/user/badsegment
                0x0000008004291198                _binary_obj_user_badsegment_start
                0x000000800429e5d0                _binary_obj_user_badsegment_end
 .data          0x000000800429e5d0     0xd550 obj/user/faultread
                0x000000800429e5d0                _binary_obj_user_faultread_start
                0x00000080042abb20                _binary_obj_user_faultread_end
 .data          0x00000080042abb20     0xd558 obj/user/faultreadkernel
                0x00000080042abb20                _binary_obj_user_faultreadkernel_start
                0x00000080042b9078                _binary_obj_user_faultreadkernel_end
 .data          0x00000080042b9078     0xd438 obj/user/faultwrite
                0x00000080042b9078                _binary_obj_user_faultwrite_start
                0x00000080042c64b0                _binary_obj_user_faultwrite_end
 .data          0x00000080042c64b0     0xd440 obj/user/faultwritekernel
                0x00000080042c64b0                _binary_obj_user_faultwritekernel_start
                0x00000080042d38f0                _binary_obj_user_faultwritekernel_end
                0x00000080042d38f0                PROVIDE (edata = .)

.got            0x00000080042d38f0        0x0 load address 0x00000000002d38f0
 .got           0x00000080042d38f0        0x0 obj/kern/bootstrap.o

.got.plt        0x00000080042d38f0        0x0 load address 0x00000000002d38f0
 .got.plt       0x00000080042d38f0        0x0 obj/kern/bootstrap.o

.igot.plt       0x00000080042d38f0        0x0 load address 0x00000000002d38f0
 .igot.plt      0x00000080042d38f0        0x0 obj/kern/bootstrap.o

.bss            0x00000080042d3900     0x27a0 load address 0x00000000002d3900
 *(EXCLUDE_FILE(obj/kern/bootstrap.o) .bss)
 .bss           0x00000080042d3900        0x0 obj/kern/entry.o
 .bss           0x00000080042d3900        0x0 obj/kern/init.o
 .bss           0x00000080042d3900      0x22c obj/kern/console.o
 .bss           0x00000080042d3b2c        0x0 obj/kern/monitor.o
 *fill*         0x00000080042d3b2c        0x4 
 .bss           0x00000080042d3b30       0x20 obj/kern/pmap.o
 .bss           0x00000080042d3b50       0x18 obj/kern/env.o
                0x00000080042d3b50                envs
                0x00000080042d3b58                curenv
 .bss           0x00000080042d3b68        0x0 obj/kern/kclock.o
 .bss           0x00000080042d3b68        0x0 obj/kern/printf.o
 *fill*         0x00000080042d3b68       0x18 
 .bss           0x00000080042d3b80     0x1018 obj/kern/trap.o
                0x00000080042d3b80                idt
                0x00000080042d4b80                idt_pd
 .bss           0x00000080042d4b98        0x0 obj/kern/trapentry.o
 .bss           0x00000080042d4b98        0x0 obj/kern/syscall.o
 .bss           0x00000080042d4b98        0x8 obj/kern/kdebug.o
 .bss           0x00000080042d4ba0        0x0 obj/kern/printfmt.o
 .bss           0x00000080042d4ba0      0x400 obj/kern/readline.o
 .bss           0x00000080042d4fa0        0x0 obj/kern/string.o
 .bss           0x00000080042d4fa0        0x0 obj/kern/libdwarf_rw.o
 .bss           0x00000080042d4fa0       0x68 obj/kern/libdwarf_frame.o
                0x00000080042d4fa0                global_rt_table
                0x00000080042d4fe0                global_rt_table_shadow
 .bss           0x00000080042d5008        0x0 obj/kern/libdwarf_lineno.o
 .bss           0x00000080042d5008        0x0 obj/kern/elf_rw.o
 COMMON         0x00000080042d5008       0x10 obj/kern/init.o
                0x00000080042d5008                end_debug
                0x00000080042d5010                panicstr
 COMMON         0x00000080042d5018       0x20 obj/kern/pmap.o
                0x00000080042d5018                boot_cr3
                0x00000080042d5020                boot_pml4e
                0x00000080042d5028                npages
                0x00000080042d5030                pages
 *fill*         0x00000080042d5038        0x8 
 COMMON         0x00000080042d5040       0x68 obj/kern/trap.o
                0x00000080042d5040                ts
 *fill*         0x00000080042d50a8       0x18 
 COMMON         0x00000080042d50c0      0x160 obj/kern/kdebug.o
                0x00000080042d50c0                mydebug
                0x00000080042d5120                _cie
                0x00000080042d51a0                _fde
 COMMON         0x00000080042d5220      0xc70 obj/kern/libdwarf_frame.o
                0x00000080042d5220                global_rules_shadow
                0x00000080042d5860                global_rules
 *fill*         0x00000080042d5e90       0x10 
 COMMON         0x00000080042d5ea0      0x200 obj/kern/libdwarf_lineno.o
                0x00000080042d5ea0                global_std_op
                0x00000080042d60a0                PROVIDE (end = .)

.debug
 *(.debug)

.line
 *(.line)

.debug_srcinfo
 *(.debug_srcinfo)

.debug_sfnames
 *(.debug_sfnames)

.debug_aranges  0x0000000000000000      0x3c0
 *(.debug_aranges)
 .debug_aranges
                0x0000000000000000       0x30 obj/kern/bootstrap.o
 .debug_aranges
                0x0000000000000030       0x30 obj/kern/entry.o
 .debug_aranges
                0x0000000000000060       0x30 obj/kern/init.o
 .debug_aranges
                0x0000000000000090       0x30 obj/kern/console.o
 .debug_aranges
                0x00000000000000c0       0x30 obj/kern/monitor.o
 .debug_aranges
                0x00000000000000f0       0x30 obj/kern/pmap.o
 .debug_aranges
                0x0000000000000120       0x30 obj/kern/env.o
 .debug_aranges
                0x0000000000000150       0x30 obj/kern/kclock.o
 .debug_aranges
                0x0000000000000180       0x30 obj/kern/printf.o
 .debug_aranges
                0x00000000000001b0       0x30 obj/kern/trap.o
 .debug_aranges
                0x00000000000001e0       0x30 obj/kern/trapentry.o
 .debug_aranges
                0x0000000000000210       0x30 obj/kern/syscall.o
 .debug_aranges
                0x0000000000000240       0x30 obj/kern/kdebug.o
 .debug_aranges
                0x0000000000000270       0x30 obj/kern/printfmt.o
 .debug_aranges
                0x00000000000002a0       0x30 obj/kern/readline.o
 .debug_aranges
                0x00000000000002d0       0x30 obj/kern/string.o
 .debug_aranges
                0x0000000000000300       0x30 obj/kern/libdwarf_rw.o
 .debug_aranges
                0x0000000000000330       0x30 obj/kern/libdwarf_frame.o
 .debug_aranges
                0x0000000000000360       0x30 obj/kern/libdwarf_lineno.o
 .debug_aranges
                0x0000000000000390       0x30 obj/kern/elf_rw.o

.debug_pubnames
 *(.debug_pubnames)

.debug_info     0x0000000000000000    0x13bbb
 *(.debug_info .gnu.linkonce.wi.*)
 .debug_info    0x0000000000000000       0x2e obj/kern/bootstrap.o
 .debug_info    0x000000000000002e       0x2e obj/kern/entry.o
 .debug_info    0x000000000000005c      0xa75 obj/kern/init.o
 .debug_info    0x0000000000000ad1      0xee8 obj/kern/console.o
 .debug_info    0x00000000000019b9      0xcfa obj/kern/monitor.o
 .debug_info    0x00000000000026b3     0x54e6 obj/kern/pmap.o
 .debug_info    0x0000000000007b99     0x15f9 obj/kern/env.o
 .debug_info    0x0000000000009192      0x1f3 obj/kern/kclock.o
 .debug_info    0x0000000000009385      0x276 obj/kern/printf.o
 .debug_info    0x00000000000095fb     0x1251 obj/kern/trap.o
 .debug_info    0x000000000000a84c       0x2e obj/kern/trapentry.o
 .debug_info    0x000000000000a87a      0x9b5 obj/kern/syscall.o
 .debug_info    0x000000000000b22f     0x19d5 obj/kern/kdebug.o
 .debug_info    0x000000000000cc04      0x9b0 obj/kern/printfmt.o
 .debug_info    0x000000000000d5b4      0x1cc obj/kern/readline.o
 .debug_info    0x000000000000d780      0x766 obj/kern/string.o
 .debug_info    0x000000000000dee6     0x1fdc obj/kern/libdwarf_rw.o
 .debug_info    0x000000000000fec2     0x1cee obj/kern/libdwarf_frame.o
 .debug_info    0x0000000000011bb0     0x12a2 obj/kern/libdwarf_lineno.o
 .debug_info    0x0000000000012e52      0xd69 obj/kern/elf_rw.o

.debug_abbrev   0x0000000000000000     0x2759
 *(.debug_abbrev)
 .debug_abbrev  0x0000000000000000       0x14 obj/kern/bootstrap.o
 .debug_abbrev  0x0000000000000014       0x14 obj/kern/entry.o
 .debug_abbrev  0x0000000000000028      0x203 obj/kern/init.o
 .debug_abbrev  0x000000000000022b      0x2ee obj/kern/console.o
 .debug_abbrev  0x0000000000000519      0x260 obj/kern/monitor.o
 .debug_abbrev  0x0000000000000779      0x371 obj/kern/pmap.o
 .debug_abbrev  0x0000000000000aea      0x35c obj/kern/env.o
 .debug_abbrev  0x0000000000000e46      0x102 obj/kern/kclock.o
 .debug_abbrev  0x0000000000000f48      0x107 obj/kern/printf.o
 .debug_abbrev  0x000000000000104f      0x30c obj/kern/trap.o
 .debug_abbrev  0x000000000000135b       0x14 obj/kern/trapentry.o
 .debug_abbrev  0x000000000000136f      0x1fc obj/kern/syscall.o
 .debug_abbrev  0x000000000000156b      0x316 obj/kern/kdebug.o
 .debug_abbrev  0x0000000000001881      0x265 obj/kern/printfmt.o
 .debug_abbrev  0x0000000000001ae6       0xe5 obj/kern/readline.o
 .debug_abbrev  0x0000000000001bcb      0x17e obj/kern/string.o
 .debug_abbrev  0x0000000000001d49      0x277 obj/kern/libdwarf_rw.o
 .debug_abbrev  0x0000000000001fc0      0x2d4 obj/kern/libdwarf_frame.o
 .debug_abbrev  0x0000000000002294      0x2a6 obj/kern/libdwarf_lineno.o
 .debug_abbrev  0x000000000000253a      0x21f obj/kern/elf_rw.o

.debug_line     0x0000000000000000     0x30c5
 *(.debug_line)
 .debug_line    0x0000000000000000       0x99 obj/kern/bootstrap.o
 .debug_line    0x0000000000000099       0x51 obj/kern/entry.o
 .debug_line    0x00000000000000ea      0x137 obj/kern/init.o
 .debug_line    0x0000000000000221      0x29f obj/kern/console.o
 .debug_line    0x00000000000004c0      0x1a1 obj/kern/monitor.o
 .debug_line    0x0000000000000661      0xd58 obj/kern/pmap.o
 .debug_line    0x00000000000013b9      0x381 obj/kern/env.o
 .debug_line    0x000000000000173a       0x86 obj/kern/kclock.o
 .debug_line    0x00000000000017c0       0x87 obj/kern/printf.o
 .debug_line    0x0000000000001847      0x276 obj/kern/trap.o
 .debug_line    0x0000000000001abd       0x65 obj/kern/trapentry.o
 .debug_line    0x0000000000001b22      0x108 obj/kern/syscall.o
 .debug_line    0x0000000000001c2a      0x224 obj/kern/kdebug.o
 .debug_line    0x0000000000001e4e      0x1ce obj/kern/printfmt.o
 .debug_line    0x000000000000201c       0x8f obj/kern/readline.o
 .debug_line    0x00000000000020ab      0x1ec obj/kern/string.o
 .debug_line    0x0000000000002297      0x48c obj/kern/libdwarf_rw.o
 .debug_line    0x0000000000002723      0x531 obj/kern/libdwarf_frame.o
 .debug_line    0x0000000000002c54      0x22c obj/kern/libdwarf_lineno.o
 .debug_line    0x0000000000002e80      0x245 obj/kern/elf_rw.o

.debug_frame
 *(.debug_frame)

.debug_str      0x0000000000000000     0x2479
 *(.debug_str)
 .debug_str     0x0000000000000000       0x2f obj/kern/bootstrap.o
 .debug_str     0x000000000000002f        0xd obj/kern/entry.o
                                         0x2b (size before relaxing)
 .debug_str     0x000000000000003c      0x555 obj/kern/init.o
                                        0x5d7 (size before relaxing)
 .debug_str     0x0000000000000591      0x14d obj/kern/console.o
                                        0x2cd (size before relaxing)
 .debug_str     0x00000000000006de      0x190 obj/kern/monitor.o
                                        0x520 (size before relaxing)
 .debug_str     0x000000000000086e      0x52a obj/kern/pmap.o
                                        0x9e1 (size before relaxing)
 .debug_str     0x0000000000000d98      0x1c9 obj/kern/env.o
                                        0x812 (size before relaxing)
 .debug_str     0x0000000000000f61       0x23 obj/kern/kclock.o
                                        0x180 (size before relaxing)
 .debug_str     0x0000000000000f84       0x18 obj/kern/printf.o
                                        0x1e3 (size before relaxing)
 .debug_str     0x0000000000000f9c      0x16d obj/kern/trap.o
                                        0x6ae (size before relaxing)
 .debug_str     0x0000000000001109       0x11 obj/kern/trapentry.o
                                         0x2f (size before relaxing)
 .debug_str     0x000000000000111a       0x85 obj/kern/syscall.o
                                        0x5f2 (size before relaxing)
 .debug_str     0x000000000000119f      0xa06 obj/kern/kdebug.o
                                       0x1015 (size before relaxing)
 .debug_str     0x0000000000001ba5       0x97 obj/kern/printfmt.o
                                        0x313 (size before relaxing)
 .debug_str     0x0000000000001c3c       0x1e obj/kern/readline.o
                                        0x134 (size before relaxing)
 .debug_str     0x0000000000001c5a       0x6b obj/kern/string.o
                                        0x20e (size before relaxing)
 .debug_str     0x0000000000001cc5      0x212 obj/kern/libdwarf_rw.o
                                        0xc5d (size before relaxing)
 .debug_str     0x0000000000001ed7      0x27a obj/kern/libdwarf_frame.o
                                        0xbf3 (size before relaxing)
 .debug_str     0x0000000000002151      0x1ae obj/kern/libdwarf_lineno.o
                                        0xc30 (size before relaxing)
 .debug_str     0x00000000000022ff      0x17a obj/kern/elf_rw.o
                                        0x4b6 (size before relaxing)

.debug_loc      0x0000000000000000    0x159be
 *(.debug_loc)
 .debug_loc     0x0000000000000000      0x329 obj/kern/init.o
 .debug_loc     0x0000000000000329     0x14aa obj/kern/console.o
 .debug_loc     0x00000000000017d3      0xa4c obj/kern/monitor.o
 .debug_loc     0x000000000000221f     0x51de obj/kern/pmap.o
 .debug_loc     0x00000000000073fd     0x165f obj/kern/env.o
 .debug_loc     0x0000000000008a5c      0x1dc obj/kern/kclock.o
 .debug_loc     0x0000000000008c38      0x2be obj/kern/printf.o
 .debug_loc     0x0000000000008ef6      0x6b5 obj/kern/trap.o
 .debug_loc     0x00000000000095ab      0x802 obj/kern/syscall.o
 .debug_loc     0x0000000000009dad      0x9a7 obj/kern/kdebug.o
 .debug_loc     0x000000000000a754      0xd3c obj/kern/printfmt.o
 .debug_loc     0x000000000000b490      0x23b obj/kern/readline.o
 .debug_loc     0x000000000000b6cb     0x1996 obj/kern/string.o
 .debug_loc     0x000000000000d061     0x341b obj/kern/libdwarf_rw.o
 .debug_loc     0x000000000001047c     0x2da1 obj/kern/libdwarf_frame.o
 .debug_loc     0x000000000001321d     0x13e7 obj/kern/libdwarf_lineno.o
 .debug_loc     0x0000000000014604     0x13ba obj/kern/elf_rw.o

.comment        0x0000000000000000       0x29
 .comment       0x0000000000000000       0x29 obj/kern/init.o
                                         0x2a (size before relaxing)
 .comment       0x0000000000000029       0x2a obj/kern/console.o
 .comment       0x0000000000000029       0x2a obj/kern/monitor.o
 .comment       0x0000000000000029       0x2a obj/kern/pmap.o
 .comment       0x0000000000000029       0x2a obj/kern/env.o
 .comment       0x0000000000000029       0x2a obj/kern/kclock.o
 .comment       0x0000000000000029       0x2a obj/kern/printf.o
 .comment       0x0000000000000029       0x2a obj/kern/trap.o
 .comment       0x0000000000000029       0x2a obj/kern/syscall.o
 .comment       0x0000000000000029       0x2a obj/kern/kdebug.o
 .comment       0x0000000000000029       0x2a obj/kern/printfmt.o
 .comment       0x0000000000000029       0x2a obj/kern/readline.o
 .comment       0x0000000000000029       0x2a obj/kern/string.o
 .comment       0x0000000000000029       0x2a obj/kern/libdwarf_rw.o
 .comment       0x0000000000000029       0x2a obj/kern/libdwarf_frame.o
 .comment       0x0000000000000029       0x2a obj/kern/libdwarf_lineno.o
 .comment       0x0000000000000029       0x2a obj/kern/elf_rw.o

.debug_macinfo
 *(.debug_macinfo)

.debug_weaknames
 *(.debug_weaknames)

.debug_funcnames
 *(.debug_funcnames)

.debug_typenames
 *(.debug_typenames)

.debug_varnames
 *(.debug_varnames)

/DISCARD/
 *(.note.GNU-stack)
LOAD obj/kern/entry.o
LOAD obj/kern/bootstrap.o
LOAD obj/kern/init.o
LOAD obj/kern/console.o
LOAD obj/kern/monitor.o
LOAD obj/kern/pmap.o
LOAD obj/kern/env.o
LOAD obj/kern/kclock.o
LOAD obj/kern/printf.o
LOAD obj/kern/trap.o
LOAD obj/kern/trapentry.o
LOAD obj/kern/syscall.o
LOAD obj/kern/kdebug.o
LOAD obj/kern/printfmt.o
LOAD obj/kern/readline.o
LOAD obj/kern/string.o
LOAD obj/kern/libdwarf_rw.o
LOAD obj/kern/libdwarf_frame.o
LOAD obj/kern/libdwarf_lineno.o
LOAD obj/kern/elf_rw.o
LOAD /usr/lib/gcc/x86_64-linux-gnu/7/libgcc.a
TARGET(binary)
LOAD obj/user/hello
LOAD obj/user/buggyhello
LOAD obj/user/buggyhello2
LOAD obj/user/evilhello
LOAD obj/user/testbss
LOAD obj/user/divzero
LOAD obj/user/breakpoint
LOAD obj/user/softint
LOAD obj/user/badsegment
LOAD obj/user/faultread
LOAD obj/user/faultreadkernel
LOAD obj/user/faultwrite
LOAD obj/user/faultwritekernel
OUTPUT(obj/kern/kernel elf64-x86-64)

.debug_ranges   0x0000000000000000       0x30
 .debug_ranges  0x0000000000000000       0x30 obj/kern/string.o
